11-07 12:41:34.090  1358  2408 I Pageboost: IO Prefetch for : com.android.todolist
11-07 12:42:09.265  1358  2408 I Pageboost: IO Prefetch for : com.android.todolist
11-07 12:42:50.062  1358  2408 I Pageboost: IO Prefetch for : com.android.todolist
11-07 12:43:23.539  1358  2408 I Pageboost: IO Prefetch for : com.android.todolist
11-07 12:43:26.807  1358  2408 I Pageboost: IO Prefetch for : com.android.todolist
11-07 13:28:04.178  1358 15734 D PkgPredictorService-BootUpBooster: mBootUpPkgList with AUF pkgs : [ com.viber.voip,0,  com.android.chrome,0,  org.telegram.messenger,0,  com.google.android.gm,0,  com.whatsapp,0,  com.samsung.android.dialer,0,  com.google.android.youtube,0,  com.linkedin.android,0,  com.spotify.music,0,  com.sec.android.gallery3d,0,  com.samsung.android.messaging,0,  com.tabletka.by,0,  com.samsung.android.calendar,0,  com.sec.android.app.myfiles,0,  com.sec.android.app.popupcalculator,0,  com.qrolic.reminderapp,0,  com.android.todolist,0,  com.samsung.android.app.notes,0,  by.st.priormobile,0,  com.android.vending,0,  by.onliner.catalog,0,  com.samsung.android.app.contacts,0,  com.sec.android.app.camera,0,  com.hutnikau.giftguru,0,  com.google.android.apps.docs.editors.docs,0,  com.yandex.browser,0,  com.google.android.apps.maps,0,  com.sec.android.app.clockpackage,0,  by.hello.app,0,  by.a1.selfcare,0]
11-07 13:40:22.395  1358  2126 I PackageManager: pkg{com.android.todolist}, user{0}, caller{2000} flags{2}
11-07 13:40:22.400  1358  1669 I ActivityManager: Force stopping com.android.todolist appid=10388 user=-1: deletePackageX
11-07 13:40:23.026  1358  1701 D AASA_PackageManager_RESTRICTED: Uninstall : userId = 0, info.removedAppID = 10388, info.uid = 10388, packageName = com.android.todolist
11-07 13:40:23.027  1358  1701 I ActivityManager: Force stopping com.android.todolist appid=10388 user=0: pkg removed
11-07 13:40:23.617  2912  2912 D RegisteredServicesCache: com.android.todolist is not related HCE package
11-07 13:40:23.620  1358  1636 E PackageManager: failed to find package com.android.todolist
11-07 13:40:23.622  1358  1636 E OverlayManager: Failed to change enabled overlays for com.android.todolist user 0
11-07 13:40:23.632  2416  2416 D ShortcutManager: onReceive : Intent.EXTRA_REPLACING false,com.android.todolist
11-07 13:40:23.643  2416  2416 D TileServices: mUninstallReceiver onReceive = Intent { act=android.intent.action.PACKAGE_REMOVED dat=package:com.android.todolist flg=0x4000010 (has extras) }
11-07 13:40:23.643  1358  2183 V StorageManagerService: Package com.android.todolist does not have legacy storage
11-07 13:40:23.644  2416  2416 D FaceWidgetMusicViewModel: onPackageRemoved() pkg = com.android.todolist, r = false
11-07 13:40:23.647  3399  3462 I PackageInfoManager_FLP: action : ACTION_PACKAGE_REMOVED, packageName = com.android.todolist
11-07 13:40:23.664  2416  2416 D FaceWidgetMetadataParser: removePackage() key = com.android.todolist
11-07 13:40:23.679  1358  1669 W BroadcastQueue: Background execution not allowed: receiving Intent { act=android.intent.action.PACKAGE_REMOVED dat=package:com.android.todolist flg=0x4000010 (has extras) } to android/com.kddi.android.CpaNotiReceiver
11-07 13:40:23.680  1358  1669 W BroadcastQueue: Background execution not allowed: receiving Intent { act=android.intent.action.PACKAGE_REMOVED dat=package:com.android.todolist flg=0x4000010 (has extras) } to com.android.vending/com.google.android.finsky.packagemonitor.impl.PackageMonitorReceiverImpl$RegisteredReceiver
11-07 13:40:23.684  1358  1358 D SamsungAlarmManager: Remove alarm for next reason : android.intent.action.PACKAGE_REMOVED / pkg:com.android.todolist
11-07 13:40:23.685  1358  1701 I ActivityManager: Force stopping com.android.todolist appid=10388 user=0: pkg removed
11-07 13:40:23.686  1358  1358 D AS.AudioService: com.android.todolist(10388) is removed
11-07 13:40:23.687 14762 16347 I [SC]PackageRemoveMonitorReceiverImpl: onReceive: com.android.todolist true
11-07 13:40:23.688 15344 15344 I Finsky  : [2] wit.u(84): Package no longer installed: com.android.todolist
11-07 13:40:23.690  1358  1358 D SemGameManager: isGamePackage(), pkgName=com.android.todolist
11-07 13:40:23.693  1358  1669 W BroadcastQueue: Background execution not allowed: receiving Intent { act=android.intent.action.PACKAGE_REMOVED dat=package:com.android.todolist flg=0x4000010 (has extras) } to com.android.vending/com.google.android.finsky.packagemonitor.backgroundimpl.BackgroundPackageMonitorReceiverImpl$RegisteredReceiver
11-07 13:40:23.696  1358  1358 D GameManagerService: identifyGamePackage. com.android.todolist, mCurrentUserId: 0, callerUserId: 0
11-07 13:40:23.696  1358  1358 D PkgDataHelper: getGamePkgData(). com.android.todolist
11-07 13:40:23.696 14762 16347 I [SC]SyncAuthority: com.android.todolist: authority not found!
11-07 13:40:23.698  1358  2274 D PkgPredictorService-MultiUserPkgManager: user=0  uid=10388 onPackageStatusChange com.android.todolist action=android.intent.action.PACKAGE_REMOVED
11-07 13:40:23.699  1358  1358 W WifiService: Couldn't get PackageInfo for package:com.android.todolist
11-07 13:40:23.699  1358  1358 D WifiService: Remove settings for package:com.android.todolist
11-07 13:40:23.699  1358  1358 D SdpManagerService.receiver: On android.intent.action.PACKAGE_REMOVED : DATA = package:com.android.todolist, UID = 10388, UserId = 0, Is replacing? false
11-07 13:40:23.699  1358  1358 D SdpManagerService.receiver: ACTION_PACKAGE_REMOVED packageName:: com.android.todolist
11-07 13:40:23.700  1358  2120 I RollbackManager: broadcast=ACTION_PACKAGE_FULLY_REMOVED pkg=com.android.todolist
11-07 13:40:23.700  1358  2764 D SdpManagerService: handlePackageRemoved - PackageName : com.android.todolist, UserId : 0
11-07 13:40:23.701  1358  1669 W BroadcastQueue: Background execution not allowed: receiving Intent { act=android.intent.action.PACKAGE_REMOVED dat=package:com.android.todolist flg=0x4000010 (has extras) } to com.android.vending/com.google.android.finsky.instantapps.appmanagement.InstantAppRemoveMonitor
11-07 13:40:23.702  1358  2408 I Pageboost: remove app @ runtime : com.android.todolist
11-07 13:40:23.704  1358  2208 D WifiConfigManager: Remove all networks for app ApplicationInfo{107651d com.android.todolist}
11-07 13:40:23.705  1358  1669 W BroadcastQueue: Background execution not allowed: receiving Intent { act=android.intent.action.PACKAGE_REMOVED dat=package:com.android.todolist flg=0x4000010 (has extras) } to com.google.android.apps.maps/com.google.android.libraries.social.peoplekit.thirdparty.viewcontrollers.ThirdPartyReceiver
11-07 13:40:23.705  2397  2397 I VvmPkgInstalledRcvr: onReceive() : action android.intent.action.PACKAGE_REMOVED packageName :com.android.todolist
11-07 13:40:23.712  1358  1669 W BroadcastQueue: Background execution not allowed: receiving Intent { act=android.intent.action.PACKAGE_REMOVED dat=package:com.android.todolist flg=0x4000010 (has extras) } to com.google.android.gms/.games.chimera.GamesSystemBroadcastReceiverProxy
11-07 13:40:23.717  1358  1669 W BroadcastQueue: Background execution not allowed: receiving Intent { act=android.intent.action.PACKAGE_REMOVED dat=package:com.android.todolist flg=0x4000010 (has extras) } to com.google.android.gms/.chimera.GmsIntentOperationService$PersistentTrustedReceiver
11-07 13:40:23.728  1358  1669 W BroadcastQueue: Background execution not allowed: receiving Intent { act=android.intent.action.PACKAGE_REMOVED dat=package:com.android.todolist flg=0x4000010 (has extras) } to com.samsung.android.app.taskedge/.edgepanel.TaskEdgePanelProvider
11-07 13:40:23.729  1358  1669 W BroadcastQueue: Background execution not allowed: receiving Intent { act=android.intent.action.PACKAGE_REMOVED dat=package:com.android.todolist flg=0x4000010 (has extras) } to com.samsung.android.sm.devicesecurity/.PackageReceiver
11-07 13:40:23.729 15344 15344 I Finsky  : [2] kal.f(9): AIM: AppInfoCacheUpdater -> invalidating apps: [com.android.todolist]
11-07 13:40:23.730  1358  1669 W BroadcastQueue: Background execution not allowed: receiving Intent { act=android.intent.action.PACKAGE_REMOVED dat=package:com.android.todolist flg=0x4000010 (has extras) } to com.samsung.android.spayfw/.core.PackageStateReceiver
11-07 13:40:23.730  1358  1669 W BroadcastQueue: Background execution not allowed: receiving Intent { act=android.intent.action.PACKAGE_REMOVED dat=package:com.android.todolist flg=0x4000010 (has extras) } to com.samsung.cmh/.core.ClearDataReceiver
11-07 13:40:23.730  1358  1669 W BroadcastQueue: Background execution not allowed: receiving Intent { act=android.intent.action.PACKAGE_REMOVED dat=package:com.android.todolist flg=0x4000010 (has extras) } to com.sec.android.app.samsungapps/com.samsung.android.iap.receiver.IapReceiver
11-07 13:40:23.731  1358  1669 W BroadcastQueue: Background execution not allowed: receiving Intent { act=android.intent.action.PACKAGE_REMOVED dat=package:com.android.todolist flg=0x4000010 (has extras) } to com.sec.imsservice/com.sec.internal.ims.imsservice.ImsIntentReceiver
11-07 13:40:23.731  1358  1669 W BroadcastQueue: Background execution not allowed: receiving Intent { act=android.intent.action.PACKAGE_REMOVED dat=package:com.android.todolist flg=0x4000010 (has extras) } to com.google.android.apps.photos/com.google.android.libraries.social.peoplekit.thirdparty.viewcontrollers.ThirdPartyReceiver
11-07 13:40:23.731  1358  1358 I ConditionProviders: Disallowing condition provider com.android.todolist
11-07 13:40:23.731  1358  1669 W BroadcastQueue: Background execution not allowed: receiving Intent { act=android.intent.action.PACKAGE_REMOVED dat=package:com.android.todolist flg=0x4000010 (has extras) } to com.google.android.videos/com.google.android.libraries.social.peoplekit.thirdparty.viewcontrollers.ThirdPartyReceiver
11-07 13:40:23.731  1358  1669 W BroadcastQueue: Background execution not allowed: receiving Intent { act=android.intent.action.PACKAGE_REMOVED dat=package:com.android.todolist flg=0x4000010 (has extras) } to com.kms.free/com.kaspersky.remote.security_service.base.KsUninstallReceiver
11-07 13:40:23.731  1358  1669 W BroadcastQueue: Background execution not allowed: receiving Intent { act=android.intent.action.PACKAGE_REMOVED dat=package:com.android.todolist flg=0x4000010 (has extras) } to com.kms.free/com.kavsdk.AppInstallationReceiver
11-07 13:40:23.738  1358  2208 I PasspointManager: No app ops listener found for com.android.todolist
11-07 13:40:23.769 15344 15387 I Finsky  : [34045] kch.a(53): AIM: AppInfoManager-Perf > OnDeviceAppInfo > cacheHitCount=0, cacheMissCount=1. Missed  in cache (limit 10) : [com.android.todolist]
11-07 13:40:23.773  1358  1358 W WifiService: Couldn't get PackageInfo for package:com.android.todolist
11-07 13:40:23.773  1358  1358 D WifiService: Remove settings for package:com.android.todolist
11-07 13:40:23.773  1358  2208 D WifiConfigManager: Remove all networks for app ApplicationInfo{c43c1bb com.android.todolist}
11-07 13:40:23.782  1358  2208 I PasspointManager: No app ops listener found for com.android.todolist
11-07 13:40:23.947 13111 13111 W SQLiteLog: (28) double-quoted string literal: "com.android.todolist"
11-07 13:40:23.962 13111 13111 W SQLiteLog: (28) double-quoted string literal: "com.android.todolist"
11-07 13:40:23.972 13111 13111 W SQLiteLog: (28) double-quoted string literal: "com.android.todolist"
11-07 13:40:23.983 13111 13111 W SQLiteLog: (28) double-quoted string literal: "com.android.todolist"
11-07 13:40:23.984 13111 13111 W SQLiteLog: (28) double-quoted string literal: "com.android.todolist"
11-07 13:40:23.984 13111 13111 W SQLiteLog: (28) double-quoted string literal: "com.android.todolist"
11-07 13:40:23.986 15344 15344 I Finsky  : [2] wit.u(84): Package no longer installed: com.android.todolist
11-07 13:40:24.056  9259 14409 I Icing   : doRemovePackageData com.android.todolist
11-07 13:40:24.273 15344 15344 W Finsky  : [2] abjy.b(133): STU: Failed to get storage stats for package 'com.android.todolist' (1601: Error getting stats: android.content.pm.PackageManager.NameNotFoundException)
11-07 13:40:24.294  9259 16446 W SQLiteLog: (28) double-quoted string literal: "com.android.todolist"
11-07 13:40:24.302 15344 16516 I Finsky  : [34123] bb.a(21): Asset module storage cleared for package com.android.todolist.
11-07 13:40:24.750  1358  1358 I Telecom:SamsungTelecomServiceImpl: clearAccounts - packageName : com.android.todolist / callingPid : 1358 / processName : sts
11-07 13:40:24.795 15344 15344 I Finsky  : [2] wit.u(84): Package no longer installed: com.android.todolist
11-07 13:40:26.624 16374 16374 D PersistedStoragePackageUninstalledReceiver: Received android.intent.action.PACKAGE_FULLY_REMOVED for com.android.todolist for u0
11-07 13:40:26.650  4701  6282 I MediaProvider: Begin Intent { act=android.intent.action.PACKAGE_FULLY_REMOVED dat=package:com.android.todolist flg=0x5000010 cmp=com.google.android.providers.media.module/com.android.providers.media.MediaService (has extras) }
11-07 13:40:26.703  4701  6282 D MediaProvider: Deleted 0 Android/media items belonging to com.android.todolist on /data/user/0/com.google.android.providers.media.module/databases/external.db
11-07 13:40:26.707  4701  6282 D MediaGrants: Removed 0 media_grants for 0 user for com.android.todolist. Reason: Package orphaned
11-07 13:40:26.708  4701  6282 I MediaProvider: End Intent { act=android.intent.action.PACKAGE_FULLY_REMOVED dat=package:com.android.todolist flg=0x5000010 cmp=com.google.android.providers.media.module/com.android.providers.media.MediaService (has extras) }
11-07 13:40:26.925 16596 16623 W System.err: android.content.pm.PackageManager$NameNotFoundException: com.android.todolist
11-07 13:40:27.037 16797 16842 I DWBThread: couldn't find com.android.todolist
11-07 13:40:27.482  1358  1668 D SettingsProvider: onPackageRemoved PackageName = com.android.todolist
11-07 13:40:29.202  1358  1668 I GameManagerService: PkgUpdateReceiver, onPackageRemoved : com.android.todolist userHandle : UserHandle{0} userID : 0
11-07 13:40:29.203  1358  2181 D GameManagerService:GosNotifyThread: notifyPackageChangedToGos(), before send intent to GOS. type:15, changeType: 1, packageName:com.android.todolist, userHandleId:0
11-07 13:40:29.560 16065 17145 I GOS:GameIntentService: onPackageChanged(). extras: Bundle[{changeType=1, userId=0, type=15, packageName=com.android.todolist}]
11-07 13:40:29.560 16065 17145 I GOS:GameIntentService: onPackageChanged(). changeType(REMOVED), pkgName(com.android.todolist), UserHandle(0), userId(0), Installed(false)
11-07 13:40:29.635 16065 17145 I GOS:SystemEventReactor: unregisterPackageInfo()-(pkgName=com.android.todolist)
11-07 13:40:29.752 17158 17158 I ENTM:AbstractReciever: onReceive(): Intent { act=android.intent.action.PACKAGE_FULLY_REMOVED dat=package:com.android.todolist flg=0x5000010 cmp=com.samsung.klmsagent/.listner.SystemIntentReceiver (has extras) } | timestamp: Tue Nov 07 13:40:29 GMT+03:00 2023
11-07 13:40:29.779 17158 17186 I ENTM:KLMIntentService: onHandleIntent().START: Intent { act=android.intent.action.PACKAGE_FULLY_REMOVED dat=package:com.android.todolist flg=0x5000010 cmp=com.samsung.klmsagent/.service.KLMIntentService (has extras) }
11-07 13:40:29.781 17158 17186 I ENTM:Systemprocess: listeningToPackageRemoved().pkgName: com.android.todolist
11-07 13:40:29.781 17158 17186 I ENTM:Systemprocess: listeningToPackageRemovedforELM().START - com.android.todolist
11-07 13:40:29.783 17158 17186 I ENTM:Systemprocess: listeningToPackageRemovedforKLM().START - com.android.todolist
11-07 13:40:29.798 17158 17158 I ENTM:DataBaseUtils: isSameTrackerIdInDeviceDB().START: com.android.todolist
11-07 13:40:30.894 17260 17260 E SPPClientServiceS: [PackageRemoveReceiver] [handlePkgRemovedEvent] PackageName : com.android.todolist
11-07 13:40:33.655  1358  1668 D LauncherAppsService: Callback onPackageRemoved: com.android.todolist, userId: 0, listener: com.android.systemui
11-07 13:40:33.656  1358  1668 D LauncherAppsService: Callback onPackageRemoved: com.android.todolist, userId: 0, listener: com.samsung.android.app.cocktailbarservice
11-07 13:40:33.657  1358  1668 D LauncherAppsService: Callback onPackageRemoved: com.android.todolist, userId: 0, listener: com.google.android.as
11-07 13:40:33.659  1358  1668 D LauncherAppsService: Callback onPackageRemoved: com.android.todolist, userId: 0, listener: android
11-07 13:40:33.659  1358  1668 D LauncherAppsService: Callback onPackageRemoved: com.android.todolist, userId: 0, listener: com.sec.android.app.launcher
11-07 13:40:33.662  2699  2699 I Launcher.Model: package removed received com.android.todolist
11-07 13:40:33.672  2699  2760 I PackageUpdatedTask: Removing app iconcom.android.todolist
11-07 13:40:33.754  2699  2760 I PackageUpdatedTask: mAllAppsList.removePackage com.android.todolist
11-07 13:40:33.764  2699  2760 I PackageUpdatedTask: removed, appInfo : AppInfo(id=198 type=APP hidden=0 container=all_apps screen=3 rank=20 user=UserHandle{0} title=To Do List componentName=ComponentInfo{com.android.todolist/com.android.todolist.MainActivity} screenType=0)
11-07 13:40:33.833  2699  2760 I InstallShortcutReceiver: APPS_PENDING_INSTALL: null, removing packages: [com.android.todolist]
11-07 13:40:34.048  1358  1668 D MetaDataCollector: onReceive: done pkgName=com.android.todolist
11-07 13:40:35.593 17943 17943 D EdgeLightingReceiver: com.samsung.android.app.edgelighting.PACKAGE_REMOVED com.android.todolist
11-07 13:40:36.254 17943 17943 D EdgeLightingSettingManager: removeSilentInstalledPackage : on, packageName = com.android.todolist AllApplication = true
11-07 13:40:36.507 17977 17977 I FILP/PackageIntentReceiver: pkgName : com.android.todolist
11-07 13:40:36.515 17977 18022 I FILP/FilterInstaller: removeFromFS : com.android.todolist, cursor size : 0
11-07 13:40:36.516 17977 18022 I FILP/FilterInstaller: Delete DB result : com.android.todolist, 0
11-07 13:40:37.984  1358 18129 D PkgPredictorService-NapBigDataService: NAPD item 10: "NAPN":"com.android.todolist/MainActivity","NAHR":"0.00","NALG":"0","NAOM":"0.00"
11-07 13:41:10.612  1358  1855 I PackageManager:           pkg{com.android.todolist}
11-07 13:41:10.681 15344 15344 I Finsky  : [2] ahjm.c(71): VerifyApps: Install-time verification requested for package com.android.todolist, id = 10
11-07 13:41:10.733 15344 16540 I Finsky  : [34127] VerifyAppsInstallTask.akC(63): VerifyApps: Anti-malware verification task started for package=com.android.todolist
11-07 13:41:10.996 18862 18888 I GOS:GameServiceReceiver:  PkgInstallStarted for com.android.todolist UserID : 0
11-07 13:41:11.152 18862 18892 I GOS:GameIntentService: onPackageChanged(). extras: Bundle[{changeType=2, userId=0, type=15, packageName=com.android.todolist}]
11-07 13:41:11.152 18862 18892 I GOS:GameIntentService: onPackageChanged(). changeType(INSTALL_STARTED), pkgName(com.android.todolist), UserHandle(0), userId(0), Installed(false)
11-07 13:41:11.154 18862 18892 W GOS:PackageUtil: isVrApp(). PackageManager.NameNotFoundException: com.android.todolist
11-07 13:41:11.330 15344 15344 I Finsky  : [2] VerifyInstallTask.akB(58): VerifyApps: Verification complete: id=10, package_name=com.android.todolist
11-07 13:41:11.550 18933 18933 I ApkToolkit: <FIVE>: Enter ApkSigner APK: 3 com.android.todolist/base.apk
11-07 13:41:11.692  1358  1701 V BackupManagerService: [UserID:0] restoreAtInstall pkg=com.android.todolist token=b restoreSet=385c9ca14bf4f65f
11-07 13:41:12.022  1358  1701 I AppsFilter: interaction: PackageSetting{2811c58 com.qrolic.reminderapp/10334} -> PackageSetting{bcfddab com.android.todolist/10435} BLOCKED
11-07 13:41:12.051  1358  1701 D MultiUserInstallPolicy: applyInstallPolicyPackageInternalLPw : com.android.todolist
11-07 13:41:12.051  1358  1701 D MultiUserInstallPolicy: installedOrEnabledPackage : com.android.todolist
11-07 13:41:12.070  2912  2912 D RegisteredServicesCache: com.android.todolist is not related HCE package
11-07 13:41:12.071  1358  1358 D SemGameManager: isGamePackage(), pkgName=com.android.todolist
11-07 13:41:12.073  1358  1358 D GameManagerService: identifyGamePackage. com.android.todolist, mCurrentUserId: 0, callerUserId: 0
11-07 13:41:12.073  1358  1358 D PkgDataHelper: getGamePkgData(). com.android.todolist
11-07 13:41:12.074  1358  2265 D SemGameManager: isGamePackage(), pkgName=com.android.todolist
11-07 13:41:12.075  1358  2265 D GameManagerService: identifyGamePackage. com.android.todolist, mCurrentUserId: 0, callerUserId: 0
11-07 13:41:12.075  1358  2265 D PkgDataHelper: getGamePkgData(). com.android.todolist
11-07 13:41:12.075  1358  2274 D PkgPredictorService-MultiUserPkgManager: user=0  uid=10435 onPackageStatusChange com.android.todolist action=android.intent.action.PACKAGE_ADDED
11-07 13:41:12.082  1358  1636 D OverlayManager: updateAssets -> not for themes [com.android.todolist] avoidRelaunch false
11-07 13:41:12.084  2416  2416 D FaceWidgetMetadataParser: updatePackage() com.android.todolist true
11-07 13:41:12.084  2416  2416 D FaceWidgetMetadataParser: removePackage() key = com.android.todolist
11-07 13:41:12.087  3399  3462 I PackageInfoManager_FLP: action : ACTION_PACKAGE_ADDED, packageName = com.android.todolist
11-07 13:41:12.095  3399  3462 I PackageInfoManager_FLP: handled onPackageAdded for com.android.todolist(DENY)
11-07 13:41:12.112  1358  2503 W BroadcastQueue: Background execution not allowed: receiving Intent { act=android.intent.action.PACKAGE_ADDED dat=package:com.android.todolist flg=0x4000010 (has extras) } to com.google.android.packageinstaller/com.android.packageinstaller.PackageInstalledReceiver
11-07 13:41:12.117  1358  2265 W SemWifiTransportLayerUtils: getApplicationCategory - IOException com.android.todolist
11-07 13:41:12.130  2397  2397 I VvmPkgInstalledRcvr: onReceive() : action android.intent.action.PACKAGE_ADDED packageName :com.android.todolist
11-07 13:41:12.130  1358  1669 W BroadcastQueue: Background execution not allowed: receiving Intent { act=android.intent.action.PACKAGE_ADDED dat=package:com.android.todolist flg=0x4000010 (has extras) } to com.android.vending/com.google.android.finsky.packagemonitor.impl.PackageMonitorReceiverImpl$RegisteredReceiver
11-07 13:41:12.135  1358  1669 W BroadcastQueue: Background execution not allowed: receiving Intent { act=android.intent.action.PACKAGE_ADDED dat=package:com.android.todolist flg=0x4000010 (has extras) } to com.android.vending/com.google.android.finsky.packagemonitor.backgroundimpl.BackgroundPackageMonitorReceiverImpl$RegisteredReceiver
11-07 13:41:12.135  1358  1669 W BroadcastQueue: Background execution not allowed: receiving Intent { act=android.intent.action.PACKAGE_ADDED dat=package:com.android.todolist flg=0x4000010 (has extras) } to com.google.android.gms/.games.chimera.GamesSystemBroadcastReceiverProxy
11-07 13:41:12.135  1358  1669 W BroadcastQueue: Background execution not allowed: receiving Intent { act=android.intent.action.PACKAGE_ADDED dat=package:com.android.todolist flg=0x4000010 (has extras) } to com.google.android.gms/.gass.chimera.PackageChangeBroadcastReceiver
11-07 13:41:12.136  1358  1669 W BroadcastQueue: Background execution not allowed: receiving Intent { act=android.intent.action.PACKAGE_ADDED dat=package:com.android.todolist flg=0x4000010 (has extras) } to com.google.android.gms/.chimera.GmsIntentOperationService$PersistentTrustedReceiver
11-07 13:41:12.139  1358  1669 W BroadcastQueue: Background execution not allowed: receiving Intent { act=android.intent.action.PACKAGE_ADDED dat=package:com.android.todolist flg=0x4000010 (has extras) } to com.samsung.android.app.taskedge/.edgepanel.TaskEdgePanelProvider
11-07 13:41:12.139  1358  1669 W BroadcastQueue: Background execution not allowed: receiving Intent { act=android.intent.action.PACKAGE_ADDED dat=package:com.android.todolist flg=0x4000010 (has extras) } to com.samsung.android.localeoverlaymanager/.PackageAddedReceiver
11-07 13:41:12.139  1358  1669 W BroadcastQueue: Background execution not allowed: receiving Intent { act=android.intent.action.PACKAGE_ADDED dat=package:com.android.todolist flg=0x4000010 (has extras) } to com.samsung.android.sm.devicesecurity/.PackageReceiver
11-07 13:41:12.139  1358  1669 W BroadcastQueue: Background execution not allowed: receiving Intent { act=android.intent.action.PACKAGE_ADDED dat=package:com.android.todolist flg=0x4000010 (has extras) } to com.sec.android.app.samsungapps/.receiver.PackageAddedReceiver
11-07 13:41:12.140  1358  1669 W BroadcastQueue: Background execution not allowed: receiving Intent { act=android.intent.action.PACKAGE_ADDED dat=package:com.android.todolist flg=0x4000010 (has extras) } to com.sec.android.app.soundalive/.SAControlPanelReceiver
11-07 13:41:12.140  1358  1669 W BroadcastQueue: Background execution not allowed: receiving Intent { act=android.intent.action.PACKAGE_ADDED dat=package:com.android.todolist flg=0x4000010 (has extras) } to com.sec.imsservice/com.sec.internal.ims.imsservice.ImsIntentReceiver
11-07 13:41:12.143  1358  1358 I Telecom:SamsungCommonPolicyPackageBroadcastReceiver: action : android.intent.action.PACKAGE_ADDED / packageName : com.android.todolist
11-07 13:41:12.145  1358  2408 D SemGameManager: isGamePackage(), pkgName=com.android.todolist
11-07 13:41:12.148  1358  2408 D GameManagerService: identifyGamePackage. com.android.todolist, mCurrentUserId: 0, callerUserId: 0
11-07 13:41:12.148  1358  2408 D PkgDataHelper: getGamePkgData(). com.android.todolist
11-07 13:41:12.148  1358  2408 I Pageboost: appinfo : com.android.todolist 0 0 0 0
11-07 13:41:12.149  1358  2408 D SemGameManager: isGamePackage(), pkgName=com.android.todolist
11-07 13:41:12.149  1358  2408 D GameManagerService: identifyGamePackage. com.android.todolist, mCurrentUserId: 0, callerUserId: 0
11-07 13:41:12.149  1358  2408 D PkgDataHelper: getGamePkgData(). com.android.todolist
11-07 13:41:12.149  1358  1669 W BroadcastQueue: Background execution not allowed: receiving Intent { act=android.intent.action.PACKAGE_ADDED dat=package:com.android.todolist flg=0x4000010 (has extras) } to com.kms.free/com.kavsdk.AppInstallationReceiver
11-07 13:41:12.174  1358  2408 I Pageboost: Reset this app info : com.android.todolist 
11-07 13:41:12.182  1358  2408 I Pageboost: add app to global @ runtime: com.android.todolist
11-07 13:41:12.191 15344 15344 I Finsky  : [2] kal.f(9): AIM: AppInfoCacheUpdater -> invalidating apps: [com.android.todolist]
11-07 13:41:12.197  2397  2397 D ImsResolver: maybeAddedImsService, packageName: com.android.todolist
11-07 13:41:12.198  1358  1358 I AppsFilter: interaction: PackageSetting{2811c58 com.qrolic.reminderapp/10334} -> PackageSetting{bcfddab com.android.todolist/10435} BLOCKED
11-07 13:41:12.224  5638 18965 W GCM     : Unexpected forwarded intent: Intent { act=android.intent.action.PACKAGE_ADDED dat=package:com.android.todolist flg=0x4000010 pkg=com.google.android.gms cmp=com.google.android.gms/.chimera.PersistentIntentOperationService (has extras) }
11-07 13:41:12.229  2912  2912 D RegisteredServicesCache: com.android.todolist is not related HCE package
11-07 13:41:12.260  2397  2397 D ImsResolver: maybeAddedImsService, packageName: com.android.todolist
11-07 13:41:12.263  2416  2416 D FaceWidgetMetadataParser: updatePackage() com.android.todolist false
11-07 13:41:12.270  2416  2416 D FaceWidgetMetadataParser: removePackage() key = com.android.todolist
11-07 13:41:12.272 15344 19004 I Finsky  : [34138] bb.a(21): Asset module storage cleared for package com.android.todolist.
11-07 13:41:12.303  5638 18965 W GCM     : Unexpected forwarded intent: Intent { act=android.intent.action.PACKAGE_ADDED dat=package:com.android.todolist flg=0x4000010 pkg=com.google.android.gms cmp=com.google.android.gms/.chimera.PersistentIntentOperationService (has extras) }
11-07 13:41:12.339 15344 15389 I Finsky  : [34047] kch.a(53): AIM: AppInfoManager-Perf > OnDeviceAppInfo > cacheHitCount=0, cacheMissCount=1. Missed  in cache (limit 10) : [com.android.todolist]
11-07 13:41:12.341 15344 15394 I Finsky  : [34051] kch.a(53): AIM: AppInfoManager-Perf > OnDeviceAppInfo > cacheHitCount=0, cacheMissCount=1. Missed  in cache (limit 10) : [com.android.todolist]
11-07 13:41:12.508 17943 17943 D EdgeLightingReceiver: com.samsung.android.app.edgelighting.PACKAGE_ADDED com.android.todolist
11-07 13:41:12.520 17943 17943 D EdgeLightingSettingManager: addSilentInstalledPackage : on, packageName = com.android.todolist
11-07 13:41:12.531 17977 17977 I FILP/PackageIntentReceiver: pkgName : com.android.todolist
11-07 13:41:12.559 15344 15344 I Finsky  : [2] kal.f(9): AIM: AppInfoCacheUpdater -> invalidating apps: [com.android.todolist]
11-07 13:41:12.561 15344 15389 I Finsky  : [34047] kch.a(53): AIM: AppInfoManager-Perf > OnDeviceAppInfo > cacheHitCount=0, cacheMissCount=1. Missed  in cache (limit 10) : [com.android.todolist]
11-07 13:41:12.575 18947 18947 I RoutineDebug[3.1.20.18]: RoutineJobService: start: packageNamecom.android.todolist,forced=true
11-07 13:41:12.611 18947 18947 I RoutineDebug[3.1.20.18]: RoutineJobService: pushMetaLoaderTargetPackage: null + com.android.todolist
11-07 13:41:12.658 18947 18947 I RoutineDebug[3.1.20.18]: RoutineJobService: start: packageNamecom.android.todolist,forced=true
11-07 13:41:12.658 18947 18947 I RoutineDebug[3.1.20.18]: RoutineJobService: pushMetaLoaderTargetPackage: com.android.todolist + com.android.todolist
11-07 13:41:12.702  9259 19033 I AppIconSolution: start to load, pkg=com.android.todolist, bg=144-144, dr=216-216, forDefault=false, density=0
11-07 13:41:12.708 18947 18947 I RoutineDebug[3.1.20.18]: RoutineJobService: packageName : com.android.todolist, forced : true
11-07 13:41:12.726  9259 19033 I AppIconSolution: getIconScale, pkg=com.android.todolist, size=216, iconScale=IconScale[alpha=2, scale=0.59999996, isCrop=false]
11-07 13:41:12.727  9259 19033 I AppIconSolution: fromTheme2, pkg=com.android.todolist, bg=144-144, dr=216-216, tarScale=0.59999996, relScale=0.40754715, mask=false, isCropInTheme = false
11-07 13:41:12.737 15344 15387 I AppIconSolution: start to load, pkg=com.android.todolist, bg=144-144, dr=216-216, forDefault=false, density=0
11-07 13:41:12.739 18947 19102 I RoutineDebug[3.1.20.18]: RoutineMetaDataLoader: collect: com.android.todolist
11-07 13:41:12.785 15344 15387 I AppIconSolution: getIconScale, pkg=com.android.todolist, size=216, iconScale=IconScale[alpha=2, scale=0.59999996, isCrop=false]
11-07 13:41:12.785 15344 15387 I AppIconSolution: fromTheme2, pkg=com.android.todolist, bg=144-144, dr=216-216, tarScale=0.59999996, relScale=0.40754715, mask=false, isCropInTheme = false
11-07 13:41:12.822 15344 15399 I AppIconSolution: start to load, pkg=com.android.todolist, bg=144-144, dr=216-216, forDefault=false, density=0
11-07 13:41:12.945 15344 15399 I AppIconSolution: getIconScale, pkg=com.android.todolist, size=216, iconScale=IconScale[alpha=2, scale=0.59999996, isCrop=false]
11-07 13:41:12.983 15344 15399 I AppIconSolution: fromTheme2, pkg=com.android.todolist, bg=144-144, dr=216-216, tarScale=0.59999996, relScale=0.40754715, mask=false, isCropInTheme = false
11-07 13:41:13.058 15344 15394 I AppIconSolution: start to load, pkg=com.android.todolist, bg=144-144, dr=216-216, forDefault=false, density=0
11-07 13:41:13.088 15344 15394 I AppIconSolution: getIconScale, pkg=com.android.todolist, size=216, iconScale=IconScale[alpha=2, scale=0.59999996, isCrop=false]
11-07 13:41:13.088 15344 15394 I AppIconSolution: fromTheme2, pkg=com.android.todolist, bg=144-144, dr=216-216, tarScale=0.59999996, relScale=0.40754715, mask=false, isCropInTheme = false
11-07 13:41:13.114 15344 15389 I AppIconSolution: start to load, pkg=com.android.todolist, bg=144-144, dr=216-216, forDefault=false, density=0
11-07 13:41:13.147 15344 15389 I AppIconSolution: getIconScale, pkg=com.android.todolist, size=216, iconScale=IconScale[alpha=2, scale=0.59999996, isCrop=false]
11-07 13:41:13.147 15344 15389 I AppIconSolution: fromTheme2, pkg=com.android.todolist, bg=144-144, dr=216-216, tarScale=0.59999996, relScale=0.40754715, mask=false, isCropInTheme = false
11-07 13:41:14.488 18862 19211 I GOS:GameIntentService: onPackageChanged(). extras: Bundle[{type=15, packageName=com.android.todolist}]
11-07 13:41:14.488 18862 19211 I GOS:GameIntentService: onPackageChanged(). changeType(ENABLED), pkgName(com.android.todolist), UserHandle(0), userId(0), Installed(true)
11-07 13:41:14.810  1358  1668 I GameManagerService: PkgUpdateReceiver, onPackageAdded : com.android.todolist userHandle : UserHandle{0} userID : 0
11-07 13:41:14.810  1358  2181 D GameManagerService:GosNotifyThread: notifyPackageChangedToGos(), before send intent to GOS. type:15, changeType: 0, packageName:com.android.todolist, userHandleId:0
11-07 13:41:14.925 18862 19216 I GOS:GameIntentService: onPackageChanged(). extras: Bundle[{changeType=0, userId=0, type=15, packageName=com.android.todolist}]
11-07 13:41:14.926 18862 19216 I GOS:GameIntentService: onPackageChanged(). changeType(INSTALLED), pkgName(com.android.todolist), UserHandle(0), userId(0), Installed(true)
11-07 13:41:14.938 18862 19216 W GOS:GameIntentService: onHandleIntent(), pkgData == null. do nothing. packageName(com.android.todolist)
11-07 13:41:15.184  1358  1668 D LauncherAppsService: Callback onPackageAdded: com.android.todolist, userId: 0, listener: com.android.systemui
11-07 13:41:15.184  1358  1668 D LauncherAppsService: Callback onPackageAdded: com.android.todolist, userId: 0, listener: com.samsung.android.app.cocktailbarservice
11-07 13:41:15.184  1358  1668 D LauncherAppsService: Callback onPackageAdded: com.android.todolist, userId: 0, listener: com.google.android.as
11-07 13:41:15.184  1358  1668 D LauncherAppsService: Callback onPackageAdded: com.android.todolist, userId: 0, listener: android
11-07 13:41:15.184  1358  1668 D LauncherAppsService: Callback onPackageAdded: com.android.todolist, userId: 0, listener: com.sec.android.app.launcher
11-07 13:41:15.185  2699  2760 I PackageUpdatedTask: mAllAppsList.addPackage com.android.todolist
11-07 13:41:15.215  2699  2760 I AppIconSolution: start to load, pkg=com.android.todolist, bg=144-144, dr=216-216, forDefault=false, density=0
11-07 13:41:15.219  2699  2760 I AppIconSolution: getIconScale, pkg=com.android.todolist, size=216, iconScale=IconScale[alpha=2, scale=0.59999996, isCrop=false]
11-07 13:41:15.219  2699  2760 I AppIconSolution: fromTheme2, pkg=com.android.todolist, bg=144-144, dr=216-216, tarScale=0.59999996, relScale=0.40754715, mask=false, isCropInTheme = false
11-07 13:41:15.220  2699  2760 I LauncherActivityInfo: packageName: com.android.todolist, useThemeIcon: true, height: 144, width: 144, density: 640
11-07 13:41:15.249  2699  2760 I PackageUpdatedTask: added, appInfo : AppInfo(id=199 type=APP hidden=0 container=all_apps screen=-1 rank=0 user=UserHandle{0} title=To Do List componentName=ComponentInfo{com.android.todolist/com.android.todolist.MainActivity} screenType=0)
11-07 13:41:15.311  1358  1668 D MetaDataCollector: onReceive: done pkgName=com.android.todolist
11-07 13:41:15.656  2699  2760 I PackageUpdatedTask: mAllAppsList.updatePackage com.android.todolist
11-07 13:41:15.715  2699  2760 I AppIconSolution: start to load, pkg=com.android.todolist, bg=144-144, dr=216-216, forDefault=false, density=0
11-07 13:41:15.744  2699  2760 I AppIconSolution: getIconScale, pkg=com.android.todolist, size=216, iconScale=IconScale[alpha=2, scale=0.59999996, isCrop=false]
11-07 13:41:15.744  2699  2760 I AppIconSolution: fromTheme2, pkg=com.android.todolist, bg=144-144, dr=216-216, tarScale=0.59999996, relScale=0.40754715, mask=false, isCropInTheme = false
11-07 13:41:15.754  2699  2760 I LauncherActivityInfo: packageName: com.android.todolist, useThemeIcon: true, height: 144, width: 144, density: 640
11-07 13:41:15.832  2699  2760 I PackageUpdatedTask: modified, appInfo : AppInfo(id=199 type=APP hidden=0 container=all_apps screen=3 rank=20 user=UserHandle{0} title=To Do List componentName=ComponentInfo{com.android.todolist/com.android.todolist.MainActivity} screenType=0)
11-07 13:41:15.918  2699  2760 I GameLauncherManagerImp: com.android.todolist does not contain game list
11-07 13:48:10.545  2699  2699 W AppStartUtils: sendActiveLaunchBroadcast() v.hasOnClickListeners() : true, iconInfo : AppInfo(id=199 type=APP hidden=0 container=all_apps screen=3 rank=20 user=UserHandle{0} title=To Do List componentName=ComponentInfo{com.android.todolist/com.android.todolist.MainActivity} screenType=0)
11-07 13:48:10.546  1358  2381 I Pageboost: start alp : com.android.todolist
11-07 13:48:10.547  1358  2408 I Pageboost: alp for : com.android.todolist , 0
11-07 13:48:10.628  1358  4839 I ActivityTaskManager: START u0 {act=android.intent.action.MAIN cat=[android.intent.category.LAUNCHER] flg=0x10200000 cmp=com.android.todolist/.MainActivity bnds=[38,1537][234,1840]} from uid 10147
11-07 13:48:10.630  1358  4839 D ActivityTaskManager: TaskLaunchParamsModifier:task=null activity=ActivityRecord{15b2488 u0 com.android.todolist/.MainActivity display-area-from-source=DefaultTaskDisplayArea@221236666 task-display-area=DefaultTaskDisplayArea@221236666 display-area-windowing-mode=1
11-07 13:48:10.630  1358  4839 D ActivityTaskManager: TaskLaunchParamsModifier:task=null activity=ActivityRecord{15b2488 u0 com.android.todolist/.MainActivity t-1} display-area-from-source=DefaultTaskDisplayArea@221236666 task-display-area=DefaultTaskDisplayArea@221236666 display-area-windowing-mode=1 inherit-from-source=fullscreen activity-options-fullscreen=Rect(0, 0 - 0, 0) non-freeform-display maximized-bounds
11-07 13:48:10.630  1358  2274 D DexPreloader: create a new DexPreloadTask pkg:com.android.todolist  path:/data/app/~~ZvJ2dQEXmf0jPptLofOl2g==/com.android.todolist-0ztOAXEir1IWWW3LPtaDVQ==
11-07 13:48:10.632  1358  4839 D ActivityTaskManager: TaskLaunchParamsModifier:task=Task{2202e21 #28925 visible=false type=standard mode=fullscreen translucent=true A=10435:com.android.todolist U=0 StackId=28925 sz=0} activity=ActivityRecord{15b2488 u0 com.android.todolist/.MainActivity t-1} display-from-task=0 task-display-area=DefaultTaskDisplayArea@221236666 display-area-windowing-mode=1 inherit-from-source=fullscreen activity-options-fullscreen=Rect(0, 0 - 0, 0) non-freeform-display maximized-bounds
11-07 13:48:10.632  1039  3282 I SurfaceFlinger: id=38519 createSurf (0x0),-1 flag=80004, ActivityRecord{15b2488 u0 com.android.todolist/.MainActivity t28925}#0
11-07 13:48:10.633  2699  2760 I AppIconSolution: start to load, pkg=com.android.todolist, bg=144-144, dr=216-216, forDefault=false, density=0
11-07 13:48:10.634  1358  4839 D WindowManager: CustomStartingWindowData: className=com.android.todolist.MainActivity, packageName=com.android.todolist, taskUserId=0
11-07 13:48:10.634  2699  2760 I AppIconSolution: getIconScale, pkg=com.android.todolist, size=216, iconScale=IconScale[alpha=2, scale=0.59999996, isCrop=false]
11-07 13:48:10.634  2699  2760 I AppIconSolution: fromTheme2, pkg=com.android.todolist, bg=144-144, dr=216-216, tarScale=0.59999996, relScale=0.40754715, mask=false, isCropInTheme = false
11-07 13:48:10.635  2699  2760 I LauncherActivityInfo: packageName: com.android.todolist, useThemeIcon: true, height: 144, width: 144, density: 640
11-07 13:48:10.637  1358  1358 I Pageboost: package com.android.todolist
11-07 13:48:10.638  1358  1639 D StorageManagerService: getExternalStorageMountMode: uid=10435 packageName=com.android.todolist
11-07 13:48:10.638  1358  4839 D MARsPolicyManager: onPackageResumedFG pkgName = com.android.todolist, userId = 0
11-07 13:48:10.638  1358  2408 I Pageboost: Record App IO : com.android.todolist pid 0
11-07 13:48:10.647  1039  1113 I SurfaceFlinger: id=38520 createSurf (0x0),-1 flag=80004, 2196bef Splash Screen com.android.todolist#0
11-07 13:48:10.647  1358  1640 D WindowManager: rotationForOrientation, orientationSource=ActivityRecord{15b2488 u0 com.android.todolist/.MainActivity t28925}
11-07 13:48:10.647  1358  1640 D WindowManager: rotationForOrientation, orientationSource=ActivityRecord{15b2488 u0 com.android.todolist/.MainActivity t28925}
11-07 13:48:10.648  1358  2265 W SemWifiTransportLayerUtils: getApplicationCategory - IOException com.android.todolist
11-07 13:48:10.654  1358  1640 V WindowManager: Relayout Window{2196bef u0 Splash Screen com.android.todolist}: viewVisibility=0 req=1080x2400
11-07 13:48:10.655  1358  1640 D WindowManager: isScreenshotDisabledLocked - win: Window{2196bef u0 Splash Screen com.android.todolist}
11-07 13:48:10.655  1039  3282 I SurfaceFlinger: id=38521 createSurf (1080x2400),1 flag=404, Splash Screen com.android.todolist#0
11-07 13:48:10.656  1358  1640 D WindowManager: makeSurface duration=0 name=Splash Screen com.android.todolist
11-07 13:48:10.656  1358  1640 D WindowManager: rotationForOrientation, orientationSource=ActivityRecord{15b2488 u0 com.android.todolist/.MainActivity t28925}
11-07 13:48:10.661  1358  1670 I ActivityManager: Start proc 19583:com.android.todolist/u0a435 for pre-top-activity {com.android.todolist/com.android.todolist.MainActivity}
11-07 13:48:10.667  1358  4839 D WindowManager: rotationForOrientation, orientationSource=ActivityRecord{15b2488 u0 com.android.todolist/.MainActivity t28925}
11-07 13:48:10.669  1358  1640 D WindowManager: finishDrawingWindow: Window{2196bef u0 Splash Screen com.android.todolist} mDrawState=DRAW_PENDING
11-07 13:48:10.698  1358  2125 I ActivityManager: DSS OFF for com.android.todolist
11-07 13:48:10.699  1358  2125 D ActivityManager: attachApplicationLocked() app=ProcessRecord{b64bfb8 19583:com.android.todolist/u0a435} app.isolatedEntryPoint=null instr2=null
11-07 13:48:10.700  1358  2125 D WindowManager: rotationForOrientation, orientationSource=ActivityRecord{15b2488 u0 com.android.todolist/.MainActivity t28925}
11-07 13:48:10.700  1358  2125 D WindowManager: rotationForOrientation, orientationSource=ActivityRecord{15b2488 u0 com.android.todolist/.MainActivity t28925}
11-07 13:48:10.701  1358  2125 D WindowManager: rotationForOrientation, orientationSource=ActivityRecord{15b2488 u0 com.android.todolist/.MainActivity t28925}
11-07 13:48:10.701  1358  2125 D PkgDataHelper: notifyAppCreate(), pkgName: com.android.todolist, sendRet: true
11-07 13:48:10.701  1358  2180 D GameManagerService: onLooperPrepared(), msg: MSG_APP_CREATE, pkgName: com.android.todolist
11-07 13:48:10.702  1358  2180 D GameManagerService: onLooperPrepared(), msg: MSG_TASK_FOCUSED, focusedComponent: ComponentInfo{com.android.todolist/com.android.todolist.MainActivity}
11-07 13:48:10.702  1358  2180 D GameManagerService:   handleTaskFocused(), pkgName: com.android.todolist, clsName: com.android.todolist.MainActivity, userID:0
11-07 13:48:10.702  1358  2180 D GameManagerService:   handleResume(). pkgName: com.android.todolist, isTunableApp: null
11-07 13:48:10.702  1358  2180 D GameManagerService: notifyFocusInOut(). of pkg: com.android.todolist, type: 4, isMinimized: false, isTunableApp: false
11-07 13:48:10.702  1358  2125 D MARsPolicyManager: onPackageResumedFG pkgName = com.android.todolist, userId = 0
11-07 13:48:10.704  1358  1640 D WindowManager: createAnimationAdapter(): container=Task{2202e21 #28925 visible=false type=standard mode=fullscreen translucent=true A=10435:com.android.todolist U=0 StackId=28925 sz=1}
11-07 13:48:10.705  1358  1640 D WindowManager: 	Add container=Task{2202e21 #28925 visible=false type=standard mode=fullscreen translucent=true A=10435:com.android.todolist U=0 StackId=28925 sz=1}
11-07 13:48:10.707  1358  1637 D WindowManager: setDisableFlags: displayId=0, vis=0x8008, appearance=16, transientState=Pair{[I@440eede [I@62188bf}, isFullscreen=false, isImmersive=false, barType=0, win=Window{2196bef u0 Splash Screen com.android.todolist}
11-07 13:48:10.708  1358  1640 I WindowManager: container=Task{2202e21 #28925 visible=false type=standard mode=fullscreen translucent=true A=10435:com.android.todolist U=0 StackId=28925 sz=1}
11-07 13:48:10.709  1358  1639 V ActivityManager: Changed top to 10435,ProcessRecord{b64bfb8 19583:com.android.todolist/u0a435}
11-07 13:48:10.710 19583 19583 D ActivityThread: handleBindApplication()++ app=com.android.todolist
11-07 13:48:10.716  1358  1639 D GameManagerService: noteResumeComponent(), received resumed-component: com.android.todolist
11-07 13:48:10.716  1358  2180 D GameManagerService: onLooperPrepared(), msg: MSG_APP_RESUME, resumeComponent: ComponentInfo{com.android.todolist/com.android.todolist.MainActivity}
11-07 13:48:10.716  1358  1639 I GameSDK@LifeCycle: noteResumeComponent(): package name  : com.android.todolist
11-07 13:48:10.717  1358  2180 D GameManagerService:   handleResume(). pkgName: com.android.todolist, isTunableApp: null
11-07 13:48:10.717  1358  2180 D GameManagerService: notifyFocusInOut(). of pkg: com.android.todolist, type: 4, isMinimized: false, isTunableApp: false
11-07 13:48:10.717  1358  1639 D GameManagerService: identifyGamePackage. com.android.todolist, mCurrentUserId: 0, callerUserId: 0
11-07 13:48:10.717  1358  1639 D PkgDataHelper: getGamePkgData(). com.android.todolist
11-07 13:48:10.718  1358  2274 D PkgPredictorService: com.android.todolist go to foreground!
11-07 13:48:10.718  1358  2274 D PkgPredictorService: previous pkgs: com.android.todolist,com.android.chrome,com.google.android.gm running pkg: com.android.todolist, uid: 0 is system: false
11-07 13:48:10.718  1358  2274 D PkgPredictorService-Collector:  (hour:13 day:3 previous:[com.android.todolist, com.android.chrome, com.google.android.gm] activityName:unknown running:com.android.todolist userId:0 screenOrientation:0 wifi:0 bt:0 predictTime:0 apkVersion:1.0 consumeTime:-1 preloaded:false>)
11-07 13:48:10.718  1358  1637 D SehCodecSolutionService: Update top [com.android.todolist]
11-07 13:48:10.718  1358  2274 D PkgPredictorService-NapPreloadController: User using: com.android.todolist
11-07 13:48:10.719  1358  2274 D DexPreloader: com.android.todolist pid:19583 dex profile begin
11-07 13:48:10.735  1039  1039 D SurfaceFlinger:      CLIENT | 0xb40000726bc420a0 | 0002 | RGBA_8888    |    0.0  896.0 1080.0 1976.0 |   57 1545  223 1710 | Splash Screen com.android.todolist#0
11-07 13:48:10.764 19583 19583 D LoadedApk: LoadedApk::makeApplication() appContext=android.app.ContextImpl@a544b appContext.mOpPackageName=com.android.todolist appContext.mBasePackageName=com.android.todolist appContext.mPackageInfo=android.app.LoadedApk@716ee28
11-07 13:48:10.845  1358  2599 D MdnieScenarioControlService:  packageName : com.android.todolist    className : com.android.todolist.MainActivity
11-07 13:48:10.904  1039  1115 I SurfaceFlinger: id=38527 createSurf (0x0),-1 flag=80004, 2941faf com.android.todolist/com.android.todolist.MainActivity#0
11-07 13:48:10.904  1358  4822 D WindowManager: isScreenshotDisabledLocked - win: Window{2941faf u0 com.android.todolist/com.android.todolist.MainActivity}
11-07 13:48:10.919  1358  1588 V WindowManager: Relayout Window{2941faf u0 com.android.todolist/com.android.todolist.MainActivity}: viewVisibility=0 req=1080x2400
11-07 13:48:10.919  1358  1588 D WindowManager: isScreenshotDisabledLocked - win: Window{2941faf u0 com.android.todolist/com.android.todolist.MainActivity}
11-07 13:48:10.920  1039  3282 I SurfaceFlinger: id=38528 createSurf (1080x2400),1 flag=404, com.android.todolist/com.android.todolist.MainActivity$_19583#0
11-07 13:48:10.920  1358  1588 D WindowManager: makeSurface duration=1 name=com.android.todolist/com.android.todolist.MainActivity$_19583
11-07 13:48:10.920  1358  1588 V WindowManager: Changing focus from null to Window{2941faf u0 com.android.todolist/com.android.todolist.MainActivity} displayId=0 Callers=com.android.server.wm.RootWindowContainer.updateFocusedWindowLocked:567 com.android.server.wm.WindowManagerService.updateFocusedWindowLocked:6311 com.android.server.wm.WindowManagerService.relayoutWindow:2713 com.android.server.wm.Session.relayout:219 
11-07 13:48:11.046  1358  4822 D ActivityTaskManager: finishFixedRotationTransform, r=ActivityRecord{15b2488 u0 com.android.todolist/.MainActivity t28925}, caller=com.android.server.wm.WindowToken.finishFixedRotationTransform:664 com.android.server.wm.DisplayContent$FixedRotationTransitionListener.onAppTransitionFinishedLocked:7025 com.android.server.wm.AppTransition.notifyAppTransitionFinishedLocked:552 com.android.server.wm.ActivityRecord.onAnimationFinished:7164 com.android.server.wm.WindowContainer.doAnimationFinished:2626 
11-07 13:48:11.047  1358  4822 D WindowManager: 	container=Task{2202e21 #28925 visible=false type=standard mode=fullscreen translucent=true A=10435:com.android.todolist U=0 StackId=28925 sz=1}
11-07 13:48:11.065  1358  1588 D WindowManager: finishDrawingWindow: Window{2941faf u0 com.android.todolist/com.android.todolist.MainActivity} mDrawState=DRAW_PENDING
11-07 13:48:11.068  1039  1039 D SurfaceFlinger:      DEVICE | 0xb40000726bc420a0 | 0002 | RGBA_8888    |    0.0    0.0 1080.0 2400.0 |    0    0 1080 2400 | Splash Screen com.android.todolist#0
11-07 13:48:11.068  1358  1640 D PkgPredictorService: pkg:com.android.todolist activity:com.android.todolist.MainActivity thisTime:439
11-07 13:48:11.069  1358  1668 D ArtManagerInternalImpl: /data/misc/iorapd/com.android.todolist/1/com.android.todolist.MainActivity/compiled_traces/compiled_trace.pb doesn't exist
11-07 13:48:11.071  1358  1640 I WindowManager: Reparenting to leash, surface=Surface(name=2196bef Splash Screen com.android.todolist)/@0xb19fb5, leashParent=Surface(name=ActivityRecord{15b2488 u0 com.android.todolist/.MainActivity t28925})/@0x548564a
11-07 13:48:11.071  1039  1115 I SurfaceFlinger: id=38531 createSurf (0x0),-1 flag=24000, Surface(name=2196bef Splash Screen com.android.todolist)/@0xb19fb5 - animation-leash#0
