11-07 14:22:08.324  1358  4822 E WindowManager: win=Window{be3d419 u0 com.android.todolist/com.android.todolist.MainActivity} destroySurfaces: appStopped=true win.mWindowRemovalAllowed=false win.mRemoveOnExit=false win.mViewVisibility=8 caller=com.android.server.wm.ActivityRecord.destroySurfaces:5251 com.android.server.wm.ActivityRecord.destroySurfaces:5232 com.android.server.wm.ActivityRecord.notifyAppStopped:5291 com.android.server.wm.ActivityRecord.activityStopped:5918 com.android.server.wm.ActivityTaskManagerService.activityStopped:2595 android.app.IActivityTaskManager$Stub.onTransact:2223 android.os.Binder.execTransactInternal:1190 
11-07 14:22:08.324  1358  4822 I WindowManager: Destroying surface Surface(name=com.android.todolist/com.android.todolist.MainActivity$_19583)/@0x2a6e94e called by com.android.server.wm.WindowStateAnimator.destroySurface:1794 com.android.server.wm.WindowStateAnimator.destroySurfaceLocked:765 com.android.server.wm.WindowState.destroySurfaceUnchecked:3918 com.android.server.wm.WindowState.destroySurface:3892 com.android.server.wm.ActivityRecord.destroySurfaces:5251 com.android.server.wm.ActivityRecord.destroySurfaces:5232 com.android.server.wm.ActivityRecord.notifyAppStopped:5291 com.android.server.wm.ActivityRecord.activityStopped:5918 
11-07 14:22:08.324  1039  2804 I Layer   : id=38807 removeFromCurrentState com.android.todolist/com.android.todolist.MainActivity$_19583#0 (82)
11-07 14:22:08.334  1039  3282 I SurfaceFlinger: id=38807 Removed com.android.todolist/com.android.todolist.MainActivity$_19583#0 (82)
11-07 14:22:08.350  1039  1039 I Layer   : id=38807[1] Destroyed com.android.todolist/com.android.todolist.MainActivity$_19583#0
11-07 14:22:08.959  2699  2699 W AppStartUtils: sendActiveLaunchBroadcast() v.hasOnClickListeners() : true, iconInfo : AppInfo(id=199 type=APP hidden=0 container=all_apps screen=3 rank=20 user=UserHandle{0} title=To Do List componentName=ComponentInfo{com.android.todolist/com.android.todolist.MainActivity} screenType=0)
11-07 14:22:08.960  1358  2381 I Pageboost: start alp : com.android.todolist
11-07 14:22:08.960  1358  2408 I Pageboost: alp skip : com.android.todolist , 2
11-07 14:22:11.113  1358  2274 D PkgPredictorService: previous pkgs: com.sec.android.gallery3d,com.android.todolist,com.sec.android.app.myfiles running pkg: com.sec.android.gallery3d, uid: 0 is system: true
11-07 14:22:11.113  1358  2274 D PkgPredictorService-Collector:  (hour:14 day:3 previous:[com.sec.android.gallery3d, com.android.todolist, com.sec.android.app.myfiles] activityName:unknown running:com.sec.android.gallery3d userId:0 screenOrientation:0 wifi:0 bt:0 predictTime:0 apkVersion:14.1.04.2 consumeTime:-1 preloaded:false>)
11-07 14:22:23.048  2699  2699 W AppStartUtils: sendActiveLaunchBroadcast() v.hasOnClickListeners() : true, iconInfo : AppInfo(id=199 type=APP hidden=0 container=all_apps screen=3 rank=20 user=UserHandle{0} title=To Do List componentName=ComponentInfo{com.android.todolist/com.android.todolist.MainActivity} screenType=0)
11-07 14:22:23.049  1358  2381 I Pageboost: start alp : com.android.todolist
11-07 14:22:23.050  1358  2408 I Pageboost: alp skip : com.android.todolist , 2
11-07 14:22:23.087  1358  2506 I ActivityTaskManager: START u0 {act=android.intent.action.MAIN cat=[android.intent.category.LAUNCHER] flg=0x10200000 cmp=com.android.todolist/.MainActivity bnds=[38,1537][234,1840]} from uid 10147
11-07 14:22:23.088  1358  2506 D ActivityTaskManager: TaskLaunchParamsModifier:task=null activity=ActivityRecord{760866f u0 com.android.todolist/.MainActivity display-area-from-source=DefaultTaskDisplayArea@221236666 task-display-area=DefaultTaskDisplayArea@221236666 display-area-windowing-mode=1
11-07 14:22:23.088  1358  2506 D ActivityTaskManager: TaskLaunchParamsModifier:task=Task{8c2c791 #28926 visible=false type=standard mode=fullscreen translucent=true A=10435:com.android.todolist U=0 StackId=28926 sz=1} activity=ActivityRecord{760866f u0 com.android.todolist/.MainActivity t-1} display-from-task=0 task-display-area=DefaultTaskDisplayArea@221236666 display-area-windowing-mode=1 inherit-from-source=fullscreen activity-options-fullscreen=Rect(0, 0 - 0, 0) non-freeform-display maximized-bounds
11-07 14:22:23.088  1358  2506 I Pageboost: moveTaskToFront : 10435:com.android.todolist
11-07 14:22:23.090  1358  2180 D GameManagerService: onLooperPrepared(), msg: MSG_TASK_FOCUSED, focusedComponent: ComponentInfo{com.android.todolist/com.android.todolist.MainActivity}
11-07 14:22:23.090  1358  2180 D GameManagerService:   handleTaskFocused(), pkgName: com.android.todolist, clsName: com.android.todolist.MainActivity, userID:0
11-07 14:22:23.095  1358  1358 I Pageboost: package com.android.todolist
11-07 14:22:23.099  1358  2506 D MARsPolicyManager: onPackageResumedFG pkgName = com.android.todolist, userId = 0
11-07 14:22:23.099  1358  2506 V WindowManager: Setting visibility of Window{be3d419 u0 com.android.todolist/com.android.todolist.MainActivity}: true, caller=com.android.server.wm.WindowContainer.sendAppVisibilityToClients:1004 com.android.server.wm.ActivityRecord.setClientVisible:6391 com.android.server.wm.ActivityRecord.setVisibility:4866 com.android.server.wm.ActivityRecord.setVisibility:4764 com.android.server.wm.ActivityStack.resumeTopActivityInnerLocked:2298 
11-07 14:22:23.100  2699  2760 I AppIconSolution: start to load, pkg=com.android.todolist, bg=144-144, dr=216-216, forDefault=false, density=0
11-07 14:22:23.100  1358  2506 D WindowManager: rotationForOrientation, orientationSource=ActivityRecord{4a0281b u0 com.android.todolist/.MainActivity t28926}
11-07 14:22:23.100  1358  2506 D WindowManager: rotationForOrientation, orientationSource=ActivityRecord{4a0281b u0 com.android.todolist/.MainActivity t28926}
11-07 14:22:23.101  1358  2506 D WindowManager: rotationForOrientation, orientationSource=ActivityRecord{4a0281b u0 com.android.todolist/.MainActivity t28926}
11-07 14:22:23.102  1358  2506 D MARsPolicyManager: onPackageResumedFG pkgName = com.android.todolist, userId = 0
11-07 14:22:23.102  2699  2760 I AppIconSolution: getIconScale, pkg=com.android.todolist, size=216, iconScale=IconScale[alpha=2, scale=0.59999996, isCrop=false]
11-07 14:22:23.102  2699  2760 I AppIconSolution: fromTheme2, pkg=com.android.todolist, bg=144-144, dr=216-216, tarScale=0.59999996, relScale=0.40754715, mask=false, isCropInTheme = false
11-07 14:22:23.102  2699  2760 I LauncherActivityInfo: packageName: com.android.todolist, useThemeIcon: true, height: 144, width: 144, density: 640
11-07 14:22:23.105  1358  1584 V ActivityManager: Changed top to 10435,ProcessRecord{b64bfb8 19583:com.android.todolist/u0a435}
11-07 14:22:23.108  1358  1640 D WindowManager: createAnimationAdapter(): container=Task{8c2c791 #28926 visible=false type=standard mode=fullscreen translucent=true A=10435:com.android.todolist U=0 StackId=28926 sz=1}
11-07 14:22:23.109  1358  1640 D WindowManager: 	Add container=Task{8c2c791 #28926 visible=false type=standard mode=fullscreen translucent=true A=10435:com.android.todolist U=0 StackId=28926 sz=1}
11-07 14:22:23.113  1358  1640 I WindowManager: container=Task{8c2c791 #28926 visible=false type=standard mode=fullscreen translucent=true A=10435:com.android.todolist U=0 StackId=28926 sz=1}
11-07 14:22:23.114  1358  1584 V WindowManager: Relayout Window{be3d419 u0 com.android.todolist/com.android.todolist.MainActivity}: viewVisibility=4 req=1080x2400
11-07 14:22:23.126  1358  2507 V WindowManager: Relayout Window{be3d419 u0 com.android.todolist/com.android.todolist.MainActivity}: viewVisibility=0 req=1080x2400
11-07 14:22:23.127  1358  2507 D WindowManager: isScreenshotDisabledLocked - win: Window{be3d419 u0 com.android.todolist/com.android.todolist.MainActivity}
11-07 14:22:23.127  1039  1115 I SurfaceFlinger: id=38850 createSurf (1080x2400),1 flag=404, com.android.todolist/com.android.todolist.MainActivity$_19583#0
11-07 14:22:23.128  1358  2507 D WindowManager: makeSurface duration=0 name=com.android.todolist/com.android.todolist.MainActivity$_19583
11-07 14:22:23.128  1358  2507 V WindowManager: Changing focus from null to Window{be3d419 u0 com.android.todolist/com.android.todolist.MainActivity} displayId=0 Callers=com.android.server.wm.RootWindowContainer.updateFocusedWindowLocked:567 com.android.server.wm.WindowManagerService.updateFocusedWindowLocked:6311 com.android.server.wm.WindowManagerService.relayoutWindow:2713 com.android.server.wm.Session.relayout:219 
11-07 14:22:23.136  1358  2507 D WindowManager: finishDrawingWindow: Window{be3d419 u0 com.android.todolist/com.android.todolist.MainActivity} mDrawState=DRAW_PENDING
11-07 14:22:23.140  1358  1640 D PkgPredictorService: pkg:com.android.todolist activity:com.android.todolist.MainActivity thisTime:52
11-07 14:22:23.144  1358  1640 I WindowManager: Reparenting to leash, surface=Surface(name=52fb85a SnapshotStartingWindow for taskId=28926)/@0x60149c2, leashParent=Surface(name=ActivityRecord{4a0281b u0 com.android.todolist/.MainActivity t28926})/@0x9824890
11-07 14:22:23.147  1358  1639 D GameManagerService: noteResumeComponent(), received resumed-component: com.android.todolist
11-07 14:22:23.147  1358  2180 D GameManagerService: onLooperPrepared(), msg: MSG_APP_RESUME, resumeComponent: ComponentInfo{com.android.todolist/com.android.todolist.MainActivity}
11-07 14:22:23.147  1358  1639 I GameSDK@LifeCycle: noteResumeComponent(): package name  : com.android.todolist
11-07 14:22:23.147  1358  2180 D GameManagerService:   handleResume(). pkgName: com.android.todolist, isTunableApp: null
11-07 14:22:23.147  1358  2180 D GameManagerService: notifyFocusInOut(). of pkg: com.android.todolist, type: 4, isMinimized: false, isTunableApp: false
11-07 14:22:23.147  1358  1639 D GameManagerService: identifyGamePackage. com.android.todolist, mCurrentUserId: 0, callerUserId: 0
11-07 14:22:23.147  1358  1639 D PkgDataHelper: getGamePkgData(). com.android.todolist
11-07 14:22:23.148  1358  2274 D PkgPredictorService: com.android.todolist go to foreground!
11-07 14:22:23.148  1358  2274 D PkgPredictorService: previous pkgs: com.android.todolist,com.sec.android.gallery3d,com.android.todolist running pkg: com.android.todolist, uid: 0 is system: false
11-07 14:22:23.148  1358  2274 D PkgPredictorService-Collector:  (hour:14 day:3 previous:[com.android.todolist, com.sec.android.gallery3d, com.android.todolist] activityName:unknown running:com.android.todolist userId:0 screenOrientation:0 wifi:0 bt:0 predictTime:0 apkVersion:1.0 consumeTime:-1 preloaded:false>)
11-07 14:22:23.148  1358  2274 D PkgPredictorService-NapPreloadController: User using: com.android.todolist
11-07 14:22:23.149  1358  1668 D ArtManagerInternalImpl: /data/misc/iorapd/com.android.todolist/1/com.android.todolist.MainActivity/compiled_traces/compiled_trace.pb doesn't exist
11-07 14:22:23.158  1358  1637 D SehCodecSolutionService: Update top [com.android.todolist]
11-07 14:22:23.158 19583 19583 V InputMethodManager: Starting input: tba=com.android.todolist ic=null mNaviBarColor -855310 mIsGetNaviBarColorSuccess true , NavVisible : true , NavTrans : false
11-07 14:22:23.162  1039  1039 D SurfaceFlinger:      CLIENT | 0xb40000726bc42b90 | 0002 | RGBA_8888    |    0.0  896.0 1080.0 1976.0 |   56 1534  237 1714 | com.android.todolist/com.android.todolist.MainActivity$_19583#0
11-07 14:22:23.221  1358  1640 I WindowManager: Reparenting to original parent: Surface(name=ActivityRecord{4a0281b u0 com.android.todolist/.MainActivity t28926})/@0x9824890, destroy=true, surface=Surface(name=52fb85a SnapshotStartingWindow for taskId=28926)/@0x60149c2
11-07 14:22:23.244  1039  1039 D SurfaceFlinger:      CLIENT | 0xb40000726bc41f50 | 0002 | RGBA_8888    |    0.0    0.0 1080.0 2400.0 |   20  489  782 2183 | com.android.todolist/com.android.todolist.MainActivity$_19583#0
11-07 14:22:23.274  1358  2599 D MdnieScenarioControlService:  packageName : com.android.todolist    className : com.android.todolist.MainActivity
11-07 14:22:23.471  1358  1588 D ActivityTaskManager: finishFixedRotationTransform, r=ActivityRecord{4a0281b u0 com.android.todolist/.MainActivity t28926}, caller=com.android.server.wm.WindowToken.finishFixedRotationTransform:664 com.android.server.wm.DisplayContent$FixedRotationTransitionListener.onAppTransitionFinishedLocked:7025 com.android.server.wm.AppTransition.notifyAppTransitionFinishedLocked:552 com.android.server.wm.ActivityRecord.onAnimationFinished:7164 com.android.server.wm.WindowContainer.doAnimationFinished:2626 
11-07 14:22:23.473  1358  1588 D WindowManager: 	container=Task{8c2c791 #28926 visible=false type=standard mode=fullscreen translucent=true A=10435:com.android.todolist U=0 StackId=28926 sz=1}
11-07 14:22:23.491  1039  1039 D SurfaceFlinger:      DEVICE | 0xb40000726bc41f50 | 0002 | RGBA_8888    |    0.0    0.0 1080.0 2400.0 |    0    0 1080 2400 | com.android.todolist/com.android.todolist.MainActivity$_19583#0
11-07 14:22:23.494  1358  1637 D SehCodecSolutionService: Update top [com.android.todolist]
11-07 14:22:23.623  1358  2599 D MdnieScenarioControlService:  packageName : com.android.todolist    className : com.android.todolist.MainActivity
11-07 14:22:23.664  1358  1639 D GameManagerService: identifyForegroundApp. com.android.todolist, mCurrentUserId: 0, callerUserId: 0
11-07 14:22:23.664  1358  1639 D PkgDataHelper: getGamePkgData(). com.android.todolist
11-07 14:22:24.532  1358  1588 V WindowManager: Changing focus from Window{be3d419 u0 com.android.todolist/com.android.todolist.MainActivity} to null displayId=0 Callers=com.android.server.wm.RootWindowContainer.updateFocusedWindowLocked:567 com.android.server.wm.WindowManagerService.updateFocusedWindowLocked:6311 com.android.server.wm.DisplayContent.setFocusedApp:6775 com.android.server.wm.ActivityTaskManagerService.setResumedActivityUncheckLocked:6725 
11-07 14:22:24.533  1358  1588 D WindowManager: isScreenshotDisabledLocked - win: Window{be3d419 u0 com.android.todolist/com.android.todolist.MainActivity}
11-07 14:22:24.562  1358  1639 D GameManagerService: notePauseComponent(), received paused-component: com.android.todolist
11-07 14:22:24.602  1358  1640 D WindowManager: createAnimationAdapter(): container=Task{8c2c791 #28926 visible=false type=standard mode=fullscreen translucent=true A=10435:com.android.todolist U=0 StackId=28926 sz=1}
11-07 14:22:24.604  1358  1640 D WindowManager: 	Add container=Task{8c2c791 #28926 visible=false type=standard mode=fullscreen translucent=true A=10435:com.android.todolist U=0 StackId=28926 sz=1}
11-07 14:22:24.606  1358  1640 I WindowManager: container=Task{8c2c791 #28926 visible=false type=standard mode=fullscreen translucent=true A=10435:com.android.todolist U=0 StackId=28926 sz=1}
11-07 14:22:24.609  2699  2760 I AppIconSolution: start to load, pkg=com.android.todolist, bg=144-144, dr=216-216, forDefault=false, density=0
11-07 14:22:24.612  2699  2760 I AppIconSolution: getIconScale, pkg=com.android.todolist, size=216, iconScale=IconScale[alpha=2, scale=0.59999996, isCrop=false]
11-07 14:22:24.612  2699  2760 I AppIconSolution: fromTheme2, pkg=com.android.todolist, bg=144-144, dr=216-216, tarScale=0.59999996, relScale=0.40754715, mask=false, isCropInTheme = false
11-07 14:22:24.613  2699  2760 I LauncherActivityInfo: packageName: com.android.todolist, useThemeIcon: true, height: 144, width: 144, density: 640
11-07 14:22:24.640  1039  1039 D SurfaceFlinger:      CLIENT | 0xb40000726bc41930 | 0002 | RGBA_8888    |    0.0  134.0 1080.0 2336.0 |    0  143 1074 2332 | com.android.todolist/com.android.todolist.MainActivity$_19583#0
11-07 14:22:24.965  1358  1588 V WindowManager: Setting visibility of Window{be3d419 u0 com.android.todolist/com.android.todolist.MainActivity}: false, caller=com.android.server.wm.WindowContainer.sendAppVisibilityToClients:1004 com.android.server.wm.ActivityRecord.setClientVisible:6391 com.android.server.wm.ActivityRecord.onAnimationFinished:7143 com.android.server.wm.WindowContainer.doAnimationFinished:2626 com.android.server.wm.WindowContainer.onAnimationFinished:2635 
11-07 14:22:24.965  1358  1588 D ActivityTaskManager: finishFixedRotationTransform, r=ActivityRecord{4a0281b u0 com.android.todolist/.MainActivity t28926 f}}, caller=com.android.server.wm.WindowToken.finishFixedRotationTransform:664 com.android.server.wm.DisplayContent$FixedRotationTransitionListener.onAppTransitionFinishedLocked:7025 com.android.server.wm.AppTransition.notifyAppTransitionFinishedLocked:552 com.android.server.wm.ActivityRecord.onAnimationFinished:7164 com.android.server.wm.WindowContainer.doAnimationFinished:2626 
11-07 14:22:24.965  1358  1588 D WindowManager: 	container=Task{8c2c791 #28926 visible=false type=standard mode=fullscreen translucent=true A=10435:com.android.todolist U=0 StackId=28926 sz=1}
11-07 14:22:25.034  1358  1588 D WindowManager: isScreenshotDisabledLocked - win: Window{be3d419 u0 com.android.todolist/com.android.todolist.MainActivity}
11-07 14:22:25.034  1358  1588 I WindowManager: Destroying surface Surface(name=com.android.todolist/com.android.todolist.MainActivity$_19583)/@0xd10ee30 called by com.android.server.wm.WindowStateAnimator.destroySurface:1794 com.android.server.wm.WindowStateAnimator.destroySurfaceLocked:765 com.android.server.wm.WindowState.removeImmediately:2665 com.android.server.wm.WindowState.removeIfPossible:2830 com.android.server.wm.WindowState.removeIfPossible:2688 com.android.server.wm.WindowManagerService.removeWindow:2186 com.android.server.wm.Session.remove:199 android.view.IWindowSession$Stub.onTransact:813 
11-07 14:22:25.035  1039  1115 I Layer   : id=38850 removeFromCurrentState com.android.todolist/com.android.todolist.MainActivity$_19583#0 (83)
11-07 14:22:25.035  1039  1115 I SurfaceFlinger: id=38850 Removed com.android.todolist/com.android.todolist.MainActivity$_19583#0 (83)
11-07 14:22:25.036  1039  1115 I Layer   : id=38618 removeFromCurrentState be3d419 com.android.todolist/com.android.todolist.MainActivity#0 (83)
11-07 14:22:25.036  1039  1115 I SurfaceFlinger: id=38618 Removed be3d419 com.android.todolist/com.android.todolist.MainActivity#0 (83)
11-07 14:22:25.038  1358  2506 I ActivityTaskManager: Removing activity ActivityRecord{4a0281b u0 com.android.todolist/.MainActivity t28926 f}}(activityDestroyed)  from stack callers=com.android.server.wm.ActivityRecord.destroyed:3608 com.android.server.wm.ActivityTaskManagerService.activityDestroyed:2643 android.app.IActivityTaskManager$Stub.onTransact:2232 android.os.Binder.execTransactInternal:1195 android.os.Binder.execTransact:1159 
11-07 14:22:25.040  1039  1115 I Layer   : id=38610 removeFromCurrentState ActivityRecord{4a0281b u0 com.android.todolist/.MainActivity t28926}#0 (83)
11-07 14:22:25.041  1039  1113 I SurfaceFlinger: id=38610 Removed ActivityRecord{4a0281b u0 com.android.todolist/.MainActivity t28926}#0 (83)
11-07 14:22:25.043  1039  1039 I Layer   : id=38610[1] Destroyed ActivityRecord{4a0281b u0 com.android.todolist/.MainActivity t28926}#0
11-07 14:22:25.043  1039  1039 I Layer   : id=38618[1] Destroyed be3d419 com.android.todolist/com.android.todolist.MainActivity#0
11-07 14:22:25.043  1039  1039 I Layer   : id=38850[1] Destroyed com.android.todolist/com.android.todolist.MainActivity$_19583#0
11-07 14:22:27.044  2699  2699 W AppStartUtils: sendActiveLaunchBroadcast() v.hasOnClickListeners() : true, iconInfo : AppInfo(id=199 type=APP hidden=0 container=all_apps screen=3 rank=20 user=UserHandle{0} title=To Do List componentName=ComponentInfo{com.android.todolist/com.android.todolist.MainActivity} screenType=0)
11-07 14:22:27.046  1358  2381 I Pageboost: start alp : com.android.todolist
11-07 14:22:27.046  1358  2408 I Pageboost: alp skip : com.android.todolist , 2
11-07 14:22:27.072  1358  4774 I ActivityTaskManager: START u0 {act=android.intent.action.MAIN cat=[android.intent.category.LAUNCHER] flg=0x10200000 cmp=com.android.todolist/.MainActivity bnds=[38,1537][234,1840]} from uid 10147
11-07 14:22:27.072  1358  4774 D ActivityTaskManager: TaskLaunchParamsModifier:task=null activity=ActivityRecord{11cbb7b u0 com.android.todolist/.MainActivity display-area-from-source=DefaultTaskDisplayArea@221236666 task-display-area=DefaultTaskDisplayArea@221236666 display-area-windowing-mode=1
11-07 14:22:27.072  1358  4774 D ActivityTaskManager: TaskLaunchParamsModifier:task=null activity=ActivityRecord{11cbb7b u0 com.android.todolist/.MainActivity t-1} display-area-from-source=DefaultTaskDisplayArea@221236666 task-display-area=DefaultTaskDisplayArea@221236666 display-area-windowing-mode=1 inherit-from-source=fullscreen activity-options-fullscreen=Rect(0, 0 - 0, 0) non-freeform-display maximized-bounds
11-07 14:22:27.073  2699  2760 I AppIconSolution: start to load, pkg=com.android.todolist, bg=144-144, dr=216-216, forDefault=false, density=0
11-07 14:22:27.075  1358  4774 D ActivityTaskManager: TaskLaunchParamsModifier:task=Task{51209d6 #28929 visible=false type=standard mode=fullscreen translucent=true A=10435:com.android.todolist U=0 StackId=28929 sz=0} activity=ActivityRecord{11cbb7b u0 com.android.todolist/.MainActivity t-1} display-from-task=0 task-display-area=DefaultTaskDisplayArea@221236666 display-area-windowing-mode=1 inherit-from-source=fullscreen activity-options-fullscreen=Rect(0, 0 - 0, 0) non-freeform-display maximized-bounds
11-07 14:22:27.075  1039  2804 I SurfaceFlinger: id=38864 createSurf (0x0),-1 flag=80004, ActivityRecord{11cbb7b u0 com.android.todolist/.MainActivity t28929}#0
11-07 14:22:27.075  2699  2760 I AppIconSolution: getIconScale, pkg=com.android.todolist, size=216, iconScale=IconScale[alpha=2, scale=0.59999996, isCrop=false]
11-07 14:22:27.075  2699  2760 I AppIconSolution: fromTheme2, pkg=com.android.todolist, bg=144-144, dr=216-216, tarScale=0.59999996, relScale=0.40754715, mask=false, isCropInTheme = false
11-07 14:22:27.075  2699  2760 I LauncherActivityInfo: packageName: com.android.todolist, useThemeIcon: true, height: 144, width: 144, density: 640
11-07 14:22:27.082  1358  1358 I Pageboost: package com.android.todolist
11-07 14:22:27.083  1358  4846 D MARsPolicyManager: onPackageResumedFG pkgName = com.android.todolist, userId = 0
11-07 14:22:27.084  1358  4846 D WindowManager: rotationForOrientation, orientationSource=ActivityRecord{11cbb7b u0 com.android.todolist/.MainActivity t28929}
11-07 14:22:27.084  1358  4846 D WindowManager: rotationForOrientation, orientationSource=ActivityRecord{11cbb7b u0 com.android.todolist/.MainActivity t28929}
11-07 14:22:27.085  1358  4846 D WindowManager: rotationForOrientation, orientationSource=ActivityRecord{11cbb7b u0 com.android.todolist/.MainActivity t28929}
11-07 14:22:27.086  1358  4846 D PkgDataHelper: notifyAppCreate(), pkgName: com.android.todolist, sendRet: true
11-07 14:22:27.086  1358  2180 D GameManagerService: onLooperPrepared(), msg: MSG_APP_CREATE, pkgName: com.android.todolist
11-07 14:22:27.087  1358  2180 D GameManagerService: onLooperPrepared(), msg: MSG_TASK_FOCUSED, focusedComponent: ComponentInfo{com.android.todolist/com.android.todolist.MainActivity}
11-07 14:22:27.087  1358  2180 D GameManagerService:   handleTaskFocused(), pkgName: com.android.todolist, clsName: com.android.todolist.MainActivity, userID:0
11-07 14:22:27.087  1358  2180 D GameManagerService:   handleResume(). pkgName: com.android.todolist, isTunableApp: null
11-07 14:22:27.087  1358  4846 D MARsPolicyManager: onPackageResumedFG pkgName = com.android.todolist, userId = 0
11-07 14:22:27.088  1358  2180 D GameManagerService: notifyFocusInOut(). of pkg: com.android.todolist, type: 4, isMinimized: false, isTunableApp: false
11-07 14:22:27.091  1358  1639 V ActivityManager: Changed top to 10435,ProcessRecord{b64bfb8 19583:com.android.todolist/u0a435}
11-07 14:22:27.093  1039  2804 I SurfaceFlinger: id=38865 createSurf (0x0),-1 flag=80004, 69e9486 Splash Screen com.android.todolist#0
11-07 14:22:27.096  1358  1640 V WindowManager: Relayout Window{69e9486 u0 Splash Screen com.android.todolist}: viewVisibility=0 req=1080x2400
11-07 14:22:27.097  1358  1640 D WindowManager: isScreenshotDisabledLocked - win: Window{69e9486 u0 Splash Screen com.android.todolist}
11-07 14:22:27.098  1039  2804 I SurfaceFlinger: id=38866 createSurf (1080x2400),1 flag=404, Splash Screen com.android.todolist#0
11-07 14:22:27.098  1358  1640 D WindowManager: makeSurface duration=1 name=Splash Screen com.android.todolist
11-07 14:22:27.106  1358  2274 D PkgPredictorService: com.android.todolist go to foreground!
11-07 14:22:27.106  1358  2274 D PkgPredictorService: previous pkgs: com.android.todolist,com.android.todolist,com.sec.android.gallery3d running pkg: com.android.todolist, uid: 0 is system: false
11-07 14:22:27.106  1358  2274 D PkgPredictorService-Collector:  (hour:14 day:3 previous:[com.android.todolist, com.android.todolist, com.sec.android.gallery3d] activityName:unknown running:com.android.todolist userId:0 screenOrientation:0 wifi:0 bt:0 predictTime:0 apkVersion:1.0 consumeTime:-1 preloaded:false>)
11-07 14:22:27.106  1358  2274 D PkgPredictorService-NapPreloadController: User using: com.android.todolist
11-07 14:22:27.109  1358  1640 D WindowManager: finishDrawingWindow: Window{69e9486 u0 Splash Screen com.android.todolist} mDrawState=DRAW_PENDING
11-07 14:22:27.113  1358  1640 D WindowManager: createAnimationAdapter(): container=Task{51209d6 #28929 visible=false type=standard mode=fullscreen translucent=true A=10435:com.android.todolist U=0 StackId=28929 sz=1}
11-07 14:22:27.114  1358  1640 D WindowManager: 	Add container=Task{51209d6 #28929 visible=false type=standard mode=fullscreen translucent=true A=10435:com.android.todolist U=0 StackId=28929 sz=1}
11-07 14:22:27.120  1358  1640 I WindowManager: container=Task{51209d6 #28929 visible=false type=standard mode=fullscreen translucent=true A=10435:com.android.todolist U=0 StackId=28929 sz=1}
11-07 14:22:27.128  1358  1639 D GameManagerService: noteResumeComponent(), received resumed-component: com.android.todolist
11-07 14:22:27.128  1358  1639 I GameSDK@LifeCycle: noteResumeComponent(): package name  : com.android.todolist
11-07 14:22:27.128  1358  2180 D GameManagerService: onLooperPrepared(), msg: MSG_APP_RESUME, resumeComponent: ComponentInfo{com.android.todolist/com.android.todolist.MainActivity}
11-07 14:22:27.129  1358  2180 D GameManagerService:   handleResume(). pkgName: com.android.todolist, isTunableApp: null
11-07 14:22:27.129  1358  2180 D GameManagerService: notifyFocusInOut(). of pkg: com.android.todolist, type: 4, isMinimized: false, isTunableApp: false
11-07 14:22:27.129  1358  1639 D GameManagerService: identifyGamePackage. com.android.todolist, mCurrentUserId: 0, callerUserId: 0
11-07 14:22:27.129  1358  1639 D PkgDataHelper: getGamePkgData(). com.android.todolist
11-07 14:22:27.142  1039  1662 I SurfaceFlinger: id=38872 createSurf (0x0),-1 flag=80004, ddde272 com.android.todolist/com.android.todolist.MainActivity#0
11-07 14:22:27.142  1358  2507 D WindowManager: isScreenshotDisabledLocked - win: Window{ddde272 u0 com.android.todolist/com.android.todolist.MainActivity}
11-07 14:22:27.151  1358  2507 V WindowManager: Relayout Window{ddde272 u0 com.android.todolist/com.android.todolist.MainActivity}: viewVisibility=0 req=1080x2400
11-07 14:22:27.151  1358  2507 D WindowManager: isScreenshotDisabledLocked - win: Window{ddde272 u0 com.android.todolist/com.android.todolist.MainActivity}
11-07 14:22:27.152  1039  1113 I SurfaceFlinger: id=38873 createSurf (1080x2400),1 flag=404, com.android.todolist/com.android.todolist.MainActivity$_19583#0
11-07 14:22:27.152  1358  2507 D WindowManager: makeSurface duration=1 name=com.android.todolist/com.android.todolist.MainActivity$_19583
11-07 14:22:27.152  1039  1039 D SurfaceFlinger:      CLIENT | 0xb40000727d63de00 | 0002 | RGBA_8888    |    0.0  896.0 1080.0 1976.0 |   57 1545  223 1710 | Splash Screen com.android.todolist#0
11-07 14:22:27.152  1358  2507 V WindowManager: Changing focus from null to Window{ddde272 u0 com.android.todolist/com.android.todolist.MainActivity} displayId=0 Callers=com.android.server.wm.RootWindowContainer.updateFocusedWindowLocked:567 com.android.server.wm.WindowManagerService.updateFocusedWindowLocked:6311 com.android.server.wm.WindowManagerService.relayoutWindow:2713 com.android.server.wm.Session.relayout:219 
11-07 14:22:27.155  1358  1637 D SehCodecSolutionService: Update top [com.android.todolist]
11-07 14:22:27.155  1358  1637 D WindowManager: setDisableFlags: displayId=0, vis=0x8008, appearance=16, transientState=Pair{[I@5a74470 [I@db273e9}, isFullscreen=false, isImmersive=false, barType=0, win=Window{69e9486 u0 Splash Screen com.android.todolist}
11-07 14:22:27.178  1358  1588 D WindowManager: finishDrawingWindow: Window{ddde272 u0 com.android.todolist/com.android.todolist.MainActivity} mDrawState=DRAW_PENDING
11-07 14:22:27.180  1358  1640 D PkgPredictorService: pkg:com.android.todolist activity:com.android.todolist.MainActivity thisTime:108
11-07 14:22:27.183  1358  1640 I WindowManager: Reparenting to leash, surface=Surface(name=69e9486 Splash Screen com.android.todolist)/@0x739cb0f, leashParent=Surface(name=ActivityRecord{11cbb7b u0 com.android.todolist/.MainActivity t28929})/@0xc14379c
11-07 14:22:27.183  1039  1113 I SurfaceFlinger: id=38876 createSurf (0x0),-1 flag=24000, Surface(name=69e9486 Splash Screen com.android.todolist)/@0x739cb0f - animation-leash#0
11-07 14:22:27.183  1358  1640 D WindowManager: makeSurface duration=0 leash=Surface(name=Surface(name=69e9486 Splash Screen com.android.todolist)/@0x739cb0f - animation-leash)/@0xc3565a5
11-07 14:22:27.185  1358  1668 D ArtManagerInternalImpl: /data/misc/iorapd/com.android.todolist/1/com.android.todolist.MainActivity/compiled_traces/compiled_trace.pb doesn't exist
11-07 14:22:27.190  1358  1668 I ActivityTaskManager: Displayed com.android.todolist/.MainActivity: +108ms
11-07 14:22:27.190  1358  1668 I Pageboost: Launch time gathered : pid 19583 com.android.todolist 108
11-07 14:22:27.199 19583 19583 V InputMethodManager: Starting input: tba=com.android.todolist ic=null mNaviBarColor -855310 mIsGetNaviBarColorSuccess true , NavVisible : true , NavTrans : false
11-07 14:22:27.203  1039  1039 D SurfaceFlinger:      CLIENT | 0xb40000726bc42ce0 | 0002 | RGBA_8888    |    0.0  556.0 1080.0 2137.0 |   40 1206  485 1858 | com.android.todolist/com.android.todolist.MainActivity$_19583#0
11-07 14:22:27.203  1039  1039 D SurfaceFlinger:      CLIENT | 0xb40000727d63de00 | 0002 | RGBA_8888    |    0.0  556.0 1080.0 2137.0 |   40 1206  485 1858 | Splash Screen com.android.todolist#0
11-07 14:22:27.227  1358  2599 D MdnieScenarioControlService:  packageName : com.android.todolist    className : com.android.todolist.MainActivity
11-07 14:22:27.245  1358  1640 I WindowManager: Reparenting to original parent: Surface(name=ActivityRecord{11cbb7b u0 com.android.todolist/.MainActivity t28929})/@0xc14379c, destroy=true, surface=Surface(name=69e9486 Splash Screen com.android.todolist)/@0x739cb0f
11-07 14:22:27.245  1358  1640 E WindowManager: win=Window{69e9486 u0 Splash Screen com.android.todolist EXITING} destroySurfaces: appStopped=false win.mWindowRemovalAllowed=true win.mRemoveOnExit=true win.mViewVisibility=0 caller=com.android.server.wm.ActivityRecord.destroySurfaces:5251 com.android.server.wm.ActivityRecord.destroySurfaces:5232 com.android.server.wm.WindowState.onExitAnimationDone:5623 com.android.server.wm.WindowStateAnimator.onAnimationFinished:332 com.android.server.wm.WindowState.onAnimationFinished:6088 com.android.server.wm.-$$Lambda$dwJG8BAnLlvKNGuDY9U3-haNY4M.onAnimationFinished:2 com.android.server.wm.SurfaceAnimator.lambda$getFinishedCallback$0$SurfaceAnimator:112 
11-07 14:22:27.246  1358  1640 I WindowManager: Destroying surface Surface(name=Splash Screen com.android.todolist)/@0x4f45132 called by com.android.server.wm.WindowStateAnimator.destroySurface:1794 com.android.server.wm.WindowStateAnimator.destroySurfaceLocked:765 com.android.server.wm.WindowState.destroySurfaceUnchecked:3918 com.android.server.wm.WindowState.destroySurface:3892 com.android.server.wm.ActivityRecord.destroySurfaces:5251 com.android.server.wm.ActivityRecord.destroySurfaces:5232 com.android.server.wm.WindowState.onExitAnimationDone:5623 com.android.server.wm.WindowStateAnimator.onAnimationFinished:332 
11-07 14:22:27.246  1039  2804 I Layer   : id=38866 removeFromCurrentState Splash Screen com.android.todolist#0 (92)
11-07 14:22:27.247  1039  3282 I Layer   : id=38865 removeFromCurrentState 69e9486 Splash Screen com.android.todolist#0 (92)
11-07 14:22:27.247  1039  3282 I Layer   : id=38876 removeFromCurrentState Surface(name=69e9486 Splash Screen com.android.todolist)/@0x739cb0f - animation-leash#0 (92)
11-07 14:22:27.248  1039  3282 I SurfaceFlinger: id=38876 Removed Surface(name=69e9486 Splash Screen com.android.todolist)/@0x739cb0f - animation-leash#0 (92)
11-07 14:22:27.248  1039  3282 I SurfaceFlinger: id=38866 Removed Splash Screen com.android.todolist#0 (92)
11-07 14:22:27.248  1039  3282 I SurfaceFlinger: id=38865 Removed 69e9486 Splash Screen com.android.todolist#0 (92)
11-07 14:22:27.261  1039  1039 I Layer   : id=38876[1] Destroyed Surface(name=69e9486 Splash Screen com.android.todolist)/@0x739cb0f - animation-leash#0
11-07 14:22:27.262  1039  1039 I Layer   : id=38865[1] Destroyed 69e9486 Splash Screen com.android.todolist#0
11-07 14:22:27.263  1039  1039 I Layer   : id=38866[1] Destroyed Splash Screen com.android.todolist#0
11-07 14:22:27.268  1039  1039 D SurfaceFlinger:      CLIENT | 0xb40000726bc41a80 | 0002 | RGBA_8888    |    0.0    0.0 1080.0 2400.0 |   14  341  873 2249 | com.android.todolist/com.android.todolist.MainActivity$_19583#0
11-07 14:22:27.461  1358  4774 D ActivityTaskManager: finishFixedRotationTransform, r=ActivityRecord{11cbb7b u0 com.android.todolist/.MainActivity t28929}, caller=com.android.server.wm.WindowToken.finishFixedRotationTransform:664 com.android.server.wm.DisplayContent$FixedRotationTransitionListener.onAppTransitionFinishedLocked:7025 com.android.server.wm.AppTransition.notifyAppTransitionFinishedLocked:552 com.android.server.wm.ActivityRecord.onAnimationFinished:7164 com.android.server.wm.WindowContainer.doAnimationFinished:2626 
11-07 14:22:27.462  1358  4774 D WindowManager: 	container=Task{51209d6 #28929 visible=false type=standard mode=fullscreen translucent=true A=10435:com.android.todolist U=0 StackId=28929 sz=1}
11-07 14:22:27.482  1039  1039 D SurfaceFlinger:      DEVICE | 0xb40000726bc41a80 | 0002 | RGBA_8888    |    0.0    0.0 1080.0 2400.0 |    0    0 1080 2400 | com.android.todolist/com.android.todolist.MainActivity$_19583#0
11-07 14:22:27.484  1358  1637 D SehCodecSolutionService: Update top [com.android.todolist]
11-07 14:22:27.615  1358  2599 D MdnieScenarioControlService:  packageName : com.android.todolist    className : com.android.todolist.MainActivity
11-07 14:22:27.705  1358  1639 D GameManagerService: identifyForegroundApp. com.android.todolist, mCurrentUserId: 0, callerUserId: 0
11-07 14:22:27.705  1358  1639 D PkgDataHelper: getGamePkgData(). com.android.todolist
11-07 14:22:29.167  1358  8806 D GameManagerService: identifyGamePackage. com.android.todolist, mCurrentUserId: 0, callerUserId: 0
11-07 14:22:29.167  1358  8806 D PkgDataHelper: getGamePkgData(). com.android.todolist
11-07 14:22:33.131  1358  8806 D GameManagerService: identifyGamePackage. com.android.todolist, mCurrentUserId: 0, callerUserId: 0
11-07 14:22:33.131  1358  8806 D PkgDataHelper: getGamePkgData(). com.android.todolist
11-07 14:23:27.078 19583 19583 V InputMethodManager: Starting input: tba=com.android.todolist ic=null mNaviBarColor -855310 mIsGetNaviBarColorSuccess true , NavVisible : true , NavTrans : false
11-07 14:23:27.120  1039  1039 D SurfaceFlinger:      DEVICE | 0xb40000726bc42ce0 | 0002 | RGBA_8888    |    0.0    0.0 1080.0 2400.0 |    0    0 1080 2400 | com.android.todolist/com.android.todolist.MainActivity$_19583#0
11-07 14:23:27.410  1358  1639 D WindowManager: isScreenshotDisabledLocked - win: Window{ddde272 u0 com.android.todolist/com.android.todolist.MainActivity}
11-07 14:23:27.438  1358  1690 W WindowManager: allSleep is false, displayId=0, stack=Task{51209d6 #28929 visible=false type=standard mode=fullscreen translucent=true A=10435:com.android.todolist U=0 StackId=28929 sz=1}, caller=com.android.server.wm.ActivityStackSupervisor.checkReadyForSleepLocked:2234 com.android.server.wm.ActivityStackSupervisor.goingToSleepLocked:2162 com.android.server.wm.ActivityTaskManagerService.updateSleepIfNeededLocked:6851 
11-07 14:23:27.438  1358  1690 W WindowManager: putStacksToSleep, mResumedActivity=null, mPausingActivity=ActivityRecord{11cbb7b u0 com.android.todolist/.MainActivity t28929}
11-07 14:23:27.460  1358  1639 D GameManagerService: notePauseComponent(), received paused-component: com.android.todolist
11-07 14:23:27.466  1358  1639 V WindowManager: Changing focus from Window{ddde272 u0 com.android.todolist/com.android.todolist.MainActivity} to null displayId=0 Callers=com.android.server.wm.RootWindowContainer.updateFocusedWindowLocked:567 com.android.server.wm.WindowManagerService.updateFocusedWindowLocked:6311 com.android.server.wm.ActivityRecord.commitVisibility:4988 com.android.server.wm.ActivityRecord.setVisibility:4929 
11-07 14:23:27.469  1358  1639 V WindowManager: Setting visibility of Window{ddde272 u0 com.android.todolist/com.android.todolist.MainActivity}: false, caller=com.android.server.wm.WindowContainer.sendAppVisibilityToClients:1004 com.android.server.wm.ActivityRecord.setClientVisible:6391 com.android.server.wm.ActivityRecord.onAnimationFinished:7143 com.android.server.wm.ActivityRecord.postApplyAnimation:5013 com.android.server.wm.ActivityRecord.commitVisibility:4995 
11-07 14:23:27.470  1358  1639 D ActivityTaskManager: finishFixedRotationTransform, r=ActivityRecord{11cbb7b u0 com.android.todolist/.MainActivity t28929}, caller=com.android.server.wm.WindowToken.finishFixedRotationTransform:664 com.android.server.wm.DisplayContent$FixedRotationTransitionListener.onAppTransitionFinishedLocked:7025 com.android.server.wm.AppTransition.notifyAppTransitionFinishedLocked:552 com.android.server.wm.ActivityRecord.onAnimationFinished:7164 com.android.server.wm.ActivityRecord.postApplyAnimation:5013 
11-07 14:23:27.470  1358  1639 D WindowManager: isScreenshotDisabledLocked - win: Window{ddde272 u0 com.android.todolist/com.android.todolist.MainActivity}
11-07 14:23:27.477  1358  4847 V WindowManager: Relayout Window{ddde272 u0 com.android.todolist/com.android.todolist.MainActivity}: viewVisibility=4 req=1080x2400
11-07 14:23:27.492  1358  2507 E WindowManager: win=Window{ddde272 u0 com.android.todolist/com.android.todolist.MainActivity} destroySurfaces: appStopped=true win.mWindowRemovalAllowed=false win.mRemoveOnExit=false win.mViewVisibility=4 caller=com.android.server.wm.ActivityRecord.destroySurfaces:5251 com.android.server.wm.ActivityRecord.destroySurfaces:5232 com.android.server.wm.ActivityRecord.notifyAppStopped:5291 com.android.server.wm.ActivityRecord.activityStopped:5918 com.android.server.wm.ActivityTaskManagerService.activityStopped:2595 android.app.IActivityTaskManager$Stub.onTransact:2223 android.os.Binder.execTransactInternal:1190 
11-07 14:23:27.492  1358  2507 I WindowManager: Destroying surface Surface(name=com.android.todolist/com.android.todolist.MainActivity$_19583)/@0xbe2cd84 called by com.android.server.wm.WindowStateAnimator.destroySurface:1794 com.android.server.wm.WindowStateAnimator.destroySurfaceLocked:765 com.android.server.wm.WindowState.destroySurfaceUnchecked:3918 com.android.server.wm.WindowState.destroySurface:3892 com.android.server.wm.ActivityRecord.destroySurfaces:5251 com.android.server.wm.ActivityRecord.destroySurfaces:5232 com.android.server.wm.ActivityRecord.notifyAppStopped:5291 com.android.server.wm.ActivityRecord.activityStopped:5918 
11-07 14:23:27.492  1039  1115 I Layer   : id=38873 removeFromCurrentState com.android.todolist/com.android.todolist.MainActivity$_19583#0 (83)
11-07 14:23:27.495  1039  1115 I SurfaceFlinger: id=38873 Removed com.android.todolist/com.android.todolist.MainActivity$_19583#0 (83)
11-07 14:23:27.528  1358  1584 V WindowManager: Relayout Window{ddde272 u0 com.android.todolist/com.android.todolist.MainActivity}: viewVisibility=8 req=1080x2400
11-07 14:23:28.429  1039  1039 I Layer   : id=38873[1] Destroyed com.android.todolist/com.android.todolist.MainActivity$_19583#0
11-07 14:27:27.859  1358  1358 D GameManagerService: identifyGamePackage. com.android.todolist, mCurrentUserId: 0, callerUserId: 0
11-07 14:27:27.859  1358  1358 D PkgDataHelper: getGamePkgData(). com.android.todolist
11-07 14:27:28.774  1358  1358 D GameManagerService: identifyGamePackage. com.android.todolist, mCurrentUserId: 0, callerUserId: 0
11-07 14:27:28.774  1358  1358 D PkgDataHelper: getGamePkgData(). com.android.todolist
11-07 14:27:28.774  1358  1358 D GameManagerService: identifyGamePackage. com.android.todolist, mCurrentUserId: 0, callerUserId: 0
11-07 14:27:28.774  1358  1358 D PkgDataHelper: getGamePkgData(). com.android.todolist
11-07 14:27:29.332  1358  1358 D GameManagerService: identifyGamePackage. com.android.todolist, mCurrentUserId: 0, callerUserId: 0
11-07 14:27:29.332  1358  1358 D PkgDataHelper: getGamePkgData(). com.android.todolist
11-07 14:27:29.333  1358  1358 D GameManagerService: identifyGamePackage. com.android.todolist, mCurrentUserId: 0, callerUserId: 0
11-07 14:27:29.333  1358  1358 D PkgDataHelper: getGamePkgData(). com.android.todolist
11-07 14:27:29.412  1358  1358 D GameManagerService: identifyGamePackage. com.android.todolist, mCurrentUserId: 0, callerUserId: 0
11-07 14:27:29.413  1358  1358 D PkgDataHelper: getGamePkgData(). com.android.todolist
11-07 14:27:29.413  1358  1358 D GameManagerService: identifyGamePackage. com.android.todolist, mCurrentUserId: 0, callerUserId: 0
11-07 14:27:29.413  1358  1358 D PkgDataHelper: getGamePkgData(). com.android.todolist
11-07 14:27:29.694  1358  1358 D GameManagerService: identifyGamePackage. com.android.todolist, mCurrentUserId: 0, callerUserId: 0
11-07 14:27:29.694  1358  1358 D PkgDataHelper: getGamePkgData(). com.android.todolist
11-07 14:27:29.695  1358  1358 D GameManagerService: identifyGamePackage. com.android.todolist, mCurrentUserId: 0, callerUserId: 0
11-07 14:27:29.695  1358  1358 D PkgDataHelper: getGamePkgData(). com.android.todolist
11-07 14:27:29.786  1358  1358 D GameManagerService: identifyGamePackage. com.android.todolist, mCurrentUserId: 0, callerUserId: 0
11-07 14:27:29.786  1358  1358 D PkgDataHelper: getGamePkgData(). com.android.todolist
11-07 14:27:29.786  1358  1358 D GameManagerService: identifyGamePackage. com.android.todolist, mCurrentUserId: 0, callerUserId: 0
11-07 14:27:29.786  1358  1358 D PkgDataHelper: getGamePkgData(). com.android.todolist
11-07 14:27:30.206  1358  1584 D MARsPolicyManager: onPackageResumedFG pkgName = com.android.todolist, userId = 0
11-07 14:27:30.206  1358  1584 V WindowManager: Setting visibility of Window{ddde272 u0 com.android.todolist/com.android.todolist.MainActivity}: true, caller=com.android.server.wm.WindowContainer.sendAppVisibilityToClients:1004 com.android.server.wm.ActivityRecord.setClientVisible:6391 com.android.server.wm.ActivityRecord.setVisibility:4866 com.android.server.wm.ActivityRecord.setVisibility:4764 com.android.server.wm.ActivityStack.resumeTopActivityInnerLocked:2298 
11-07 14:27:30.207  1358  1584 D WindowManager: rotationForOrientation, orientationSource=ActivityRecord{11cbb7b u0 com.android.todolist/.MainActivity t28929}
11-07 14:27:30.208  1358  1584 D WindowManager: rotationForOrientation, orientationSource=ActivityRecord{11cbb7b u0 com.android.todolist/.MainActivity t28929}
11-07 14:27:30.208  1358  1584 D WindowManager: rotationForOrientation, orientationSource=ActivityRecord{11cbb7b u0 com.android.todolist/.MainActivity t28929}
11-07 14:27:30.210  1358  1584 D MARsPolicyManager: onPackageResumedFG pkgName = com.android.todolist, userId = 0
11-07 14:27:30.213  1358  1584 D WindowManager: rotationForOrientation, orientationSource=ActivityRecord{11cbb7b u0 com.android.todolist/.MainActivity t28929}
11-07 14:27:30.225  1358  2515 V WindowManager: Relayout Window{ddde272 u0 com.android.todolist/com.android.todolist.MainActivity}: viewVisibility=4 req=1080x2400
11-07 14:27:30.232  1358  1639 D GameManagerService: noteResumeComponent(), received resumed-component: com.android.todolist
11-07 14:27:30.232  1358  2180 D GameManagerService: onLooperPrepared(), msg: MSG_APP_RESUME, resumeComponent: ComponentInfo{com.android.todolist/com.android.todolist.MainActivity}
11-07 14:27:30.232  1358  1639 I GameSDK@LifeCycle: noteResumeComponent(): package name  : com.android.todolist
11-07 14:27:30.241  1358  2515 V WindowManager: Relayout Window{ddde272 u0 com.android.todolist/com.android.todolist.MainActivity}: viewVisibility=0 req=1080x2400
11-07 14:27:30.242  1358  2515 D WindowManager: isScreenshotDisabledLocked - win: Window{ddde272 u0 com.android.todolist/com.android.todolist.MainActivity}
11-07 14:27:30.242  1039  1662 I SurfaceFlinger: id=38890 createSurf (1080x2400),1 flag=404, com.android.todolist/com.android.todolist.MainActivity$_19583#0
11-07 14:27:30.243  1358  2515 D WindowManager: makeSurface duration=0 name=com.android.todolist/com.android.todolist.MainActivity$_19583
11-07 14:27:30.254  1358  4774 D WindowManager: finishDrawingWindow: Window{ddde272 u0 com.android.todolist/com.android.todolist.MainActivity} mDrawState=DRAW_PENDING
11-07 14:27:30.257  1358  1640 D PkgPredictorService: pkg:com.android.todolist activity:com.android.todolist.MainActivity thisTime:-1
11-07 14:27:30.259  1358  1640 I WindowManager: Reparenting to leash, surface=Surface(name=5f68ed3 SnapshotStartingWindow for taskId=28929)/@0x4aeab27, leashParent=Surface(name=ActivityRecord{11cbb7b u0 com.android.todolist/.MainActivity t28929})/@0xc14379c
11-07 14:27:30.292  1358  2507 D WindowManager: rotationForOrientation, orientationSource=ActivityRecord{11cbb7b u0 com.android.todolist/.MainActivity t28929}
11-07 14:27:30.318  1358  2509 V WindowManager: Changing focus from Window{6112744 u0 Bouncer} to Window{ddde272 u0 com.android.todolist/com.android.todolist.MainActivity} displayId=0 Callers=com.android.server.wm.RootWindowContainer.updateFocusedWindowLocked:567 com.android.server.wm.WindowManagerService.updateFocusedWindowLocked:6311 com.android.server.wm.WindowManagerService.relayoutWindow:2713 com.android.server.wm.Session.relayout:219 
11-07 14:27:30.321  1358  1640 I WindowManager: Reparenting to original parent: Surface(name=ActivityRecord{11cbb7b u0 com.android.todolist/.MainActivity t28929})/@0xc14379c, destroy=true, surface=Surface(name=5f68ed3 SnapshotStartingWindow for taskId=28929)/@0x4aeab27
11-07 14:27:30.325  1358  1637 D WindowManager: setDisableFlags: displayId=0, vis=0x8008, appearance=16, transientState=Pair{[I@14de52a [I@2798f1b}, isFullscreen=false, isImmersive=false, barType=0, win=Window{ddde272 u0 com.android.todolist/com.android.todolist.MainActivity}
11-07 14:27:30.325  1358  1358 D MdnieScenarioControlService:  packageName : com.android.todolist    className : com.android.todolist.MainActivity
11-07 14:27:30.328  1039  1039 D SurfaceFlinger:      DEVICE | 0xb40000726bc41d20 | 0002 | RGBA_8888    |  248.0  497.0  832.0 1796.0 |    1    0 1079 2399 | com.android.todolist/com.android.todolist.MainActivity$_19583#0
11-07 14:27:30.335  1358  2180 D GameManagerService:   handleUserPresent(). resume signal is needed for com.android.todolist
11-07 14:27:30.339 19583 19583 V InputMethodManager: Starting input: tba=com.android.todolist ic=null mNaviBarColor -855310 mIsGetNaviBarColorSuccess true , NavVisible : true , NavTrans : false
11-07 14:27:30.342  1039  1039 D SurfaceFlinger:      DEVICE | 0xb40000726bc420a0 | 0002 | RGBA_8888    |  224.0  450.0  856.0 1853.0 |    0    0 1080 2399 | com.android.todolist/com.android.todolist.MainActivity$_19583#0
11-07 14:27:30.374  1039  1039 D SurfaceFlinger:      DEVICE | 0xb40000726bc41d20 | 0002 | RGBA_8888    |  181.0  363.0  899.0 1959.0 |    0    0 1080 2400 | com.android.todolist/com.android.todolist.MainActivity$_19583#0
11-07 14:27:30.621  1358  1637 D WindowManager: showInsets: types=0x3, fromIme=false, win=Window{ddde272 u0 com.android.todolist/com.android.todolist.MainActivity}, from=com.android.server.wm.DisplayPolicy.requestTransientBars:3999 com.android.server.wm.DisplayPolicy.access$400:245 com.android.server.wm.DisplayPolicy$2.onSwipeFromTop:627 com.android.server.wm.SystemGesturesPointerEventListener.onPointerEvent:205 com.android.server.wm.PointerEventDispatcher.onInputEvent:53 android.view.InputEventReceiver.dispatchInputEvent:220 android.view.InputEventReceiver.nativeConsumeBatchedInputEvents:-2 android.view.InputEventReceiver.consumeBatchedInputEvents:200 android.view.InputEventReceiver.onBatchedInputEventPending:153 android.os.MessageQueue.nativePollOnce:-2 
11-07 14:27:30.632  1358  1584 V WindowManager: Changing focus from Window{ddde272 u0 com.android.todolist/com.android.todolist.MainActivity} to Window{b205fb2 u0 NotificationShade} displayId=0 Callers=com.android.server.wm.RootWindowContainer.updateFocusedWindowLocked:567 com.android.server.wm.WindowManagerService.updateFocusedWindowLocked:6311 com.android.server.wm.WindowManagerService.relayoutWindow:2713 com.android.server.wm.Session.relayout:219 
11-07 14:27:30.651  1358  2509 V WindowManager: Relayout Window{ddde272 u0 com.android.todolist/com.android.todolist.MainActivity}: viewVisibility=0 req=1080x2400
11-07 14:27:30.660  1358  2509 D WindowManager: finishDrawingWindow: Window{ddde272 u0 com.android.todolist/com.android.todolist.MainActivity} mDrawState=HAS_DRAWN
