11-07 14:13:59.791  1358  1639 D GameManagerService: identifyGamePackage. com.android.todolist, mCurrentUserId: 0, callerUserId: 0
11-07 14:13:59.791  1358  1639 D PkgDataHelper: getGamePkgData(). com.android.todolist
11-07 14:13:59.792  1358  2274 D PkgPredictorService: com.android.todolist go to foreground!
11-07 14:13:59.792  1358  2274 D PkgPredictorService: previous pkgs: com.android.todolist,com.sec.android.app.myfiles,com.android.todolist running pkg: com.android.todolist, uid: 0 is system: false
11-07 14:13:59.792  1358  1637 D SehCodecSolutionService: Update top [com.android.todolist]
11-07 14:13:59.792  1358  2274 D PkgPredictorService-Collector:  (hour:14 day:3 previous:[com.android.todolist, com.sec.android.app.myfiles, com.android.todolist] activityName:unknown running:com.android.todolist userId:0 screenOrientation:0 wifi:0 bt:0 predictTime:1 apkVersion:1.0 consumeTime:-1 preloaded:false>)
11-07 14:13:59.792  1358  2274 D PkgPredictorService-NapPreloadController: User using: com.android.todolist
11-07 14:13:59.794  1358  4836 V WindowManager: Relayout Window{be3d419 u0 com.android.todolist/com.android.todolist.MainActivity}: viewVisibility=0 req=1080x2400
11-07 14:13:59.795  1358  4836 D WindowManager: isScreenshotDisabledLocked - win: Window{be3d419 u0 com.android.todolist/com.android.todolist.MainActivity}
11-07 14:13:59.795  1039  1115 I SurfaceFlinger: id=38716 createSurf (1080x2400),1 flag=404, com.android.todolist/com.android.todolist.MainActivity$_19583#0
11-07 14:13:59.795  1358  4836 D WindowManager: makeSurface duration=0 name=com.android.todolist/com.android.todolist.MainActivity$_19583
11-07 14:13:59.796  1358  4836 V WindowManager: Changing focus from null to Window{be3d419 u0 com.android.todolist/com.android.todolist.MainActivity} displayId=0 Callers=com.android.server.wm.RootWindowContainer.updateFocusedWindowLocked:567 com.android.server.wm.WindowManagerService.updateFocusedWindowLocked:6311 com.android.server.wm.WindowManagerService.relayoutWindow:2713 com.android.server.wm.Session.relayout:219 
11-07 14:13:59.806  1358  2509 D WindowManager: finishDrawingWindow: Window{be3d419 u0 com.android.todolist/com.android.todolist.MainActivity} mDrawState=DRAW_PENDING
11-07 14:13:59.807  1358  1640 D PkgPredictorService: pkg:com.android.todolist activity:com.android.todolist.MainActivity thisTime:75
11-07 14:13:59.810  1358  1640 I WindowManager: Reparenting to leash, surface=Surface(name=70f789a SnapshotStartingWindow for taskId=28926)/@0x7178b11, leashParent=Surface(name=ActivityRecord{4a0281b u0 com.android.todolist/.MainActivity t28926})/@0x9824890
11-07 14:13:59.812  1358  1668 D ArtManagerInternalImpl: /data/misc/iorapd/com.android.todolist/1/com.android.todolist.MainActivity/compiled_traces/compiled_trace.pb doesn't exist
11-07 14:13:59.815 19583 19583 V InputMethodManager: Starting input: tba=com.android.todolist ic=null mNaviBarColor -855310 mIsGetNaviBarColorSuccess true , NavVisible : true , NavTrans : false
11-07 14:13:59.817  1039  1039 D SurfaceFlinger:      CLIENT | 0xb40000727d63d770 | 0002 | RGBA_8888    |    0.0  896.0 1080.0 1976.0 |   57 1545  223 1710 | com.android.todolist/com.android.todolist.MainActivity$_19583#0
11-07 14:13:59.892  1358  1640 I WindowManager: Reparenting to original parent: Surface(name=ActivityRecord{4a0281b u0 com.android.todolist/.MainActivity t28926})/@0x9824890, destroy=true, surface=Surface(name=70f789a SnapshotStartingWindow for taskId=28926)/@0x7178b11
11-07 14:13:59.915  1039  1039 D SurfaceFlinger:      CLIENT | 0xb40000727d63d3f0 | 0002 | RGBA_8888    |    0.0    0.0 1080.0 2400.0 |   18  437  814 2206 | com.android.todolist/com.android.todolist.MainActivity$_19583#0
11-07 14:13:59.921  1358  2599 D MdnieScenarioControlService:  packageName : com.android.todolist    className : com.android.todolist.MainActivity
11-07 14:14:00.125  1358  2505 D ActivityTaskManager: finishFixedRotationTransform, r=ActivityRecord{4a0281b u0 com.android.todolist/.MainActivity t28926}, caller=com.android.server.wm.WindowToken.finishFixedRotationTransform:664 com.android.server.wm.DisplayContent$FixedRotationTransitionListener.onAppTransitionFinishedLocked:7025 com.android.server.wm.AppTransition.notifyAppTransitionFinishedLocked:552 com.android.server.wm.ActivityRecord.onAnimationFinished:7164 com.android.server.wm.WindowContainer.doAnimationFinished:2626 
11-07 14:14:00.126  1358  2505 D WindowManager: 	container=Task{8c2c791 #28926 visible=false type=standard mode=fullscreen translucent=true A=10435:com.android.todolist U=0 StackId=28926 sz=1}
11-07 14:14:00.146  1039  1039 D SurfaceFlinger:      DEVICE | 0xb40000727d63d3f0 | 0002 | RGBA_8888    |    0.0    0.0 1080.0 2400.0 |    0    0 1080 2400 | com.android.todolist/com.android.todolist.MainActivity$_19583#0
11-07 14:14:00.160  1358  1637 D SehCodecSolutionService: Update top [com.android.todolist]
11-07 14:14:00.290  1358  2599 D MdnieScenarioControlService:  packageName : com.android.todolist    className : com.android.todolist.MainActivity
11-07 14:14:00.320  1358  1639 D GameManagerService: identifyForegroundApp. com.android.todolist, mCurrentUserId: 0, callerUserId: 0
11-07 14:14:00.320  1358  1639 D PkgDataHelper: getGamePkgData(). com.android.todolist
11-07 14:14:05.824  1358  8806 D GameManagerService: identifyGamePackage. com.android.todolist, mCurrentUserId: 0, callerUserId: 0
11-07 14:14:05.824  1358  8806 D PkgDataHelper: getGamePkgData(). com.android.todolist
11-07 14:14:59.716  1039  1039 D SurfaceFlinger:      DEVICE | 0xb40000727d63da80 | 0002 | RGBA_8888    |    0.0    0.0 1080.0 2400.0 |    0    0 1080 2400 | com.android.todolist/com.android.todolist.MainActivity$_19583#0
11-07 14:14:59.836 19583 19583 V InputMethodManager: Starting input: tba=com.android.todolist ic=null mNaviBarColor -855310 mIsGetNaviBarColorSuccess true , NavVisible : true , NavTrans : false
11-07 14:15:00.014  1358  1639 D WindowManager: isScreenshotDisabledLocked - win: Window{be3d419 u0 com.android.todolist/com.android.todolist.MainActivity}
11-07 14:15:00.036  1358  1690 W WindowManager: allSleep is false, displayId=0, stack=Task{8c2c791 #28926 visible=false type=standard mode=fullscreen translucent=true A=10435:com.android.todolist U=0 StackId=28926 sz=1}, caller=com.android.server.wm.ActivityStackSupervisor.checkReadyForSleepLocked:2234 com.android.server.wm.ActivityStackSupervisor.goingToSleepLocked:2162 com.android.server.wm.ActivityTaskManagerService.updateSleepIfNeededLocked:6851 
11-07 14:15:00.036  1358  1690 W WindowManager: putStacksToSleep, mResumedActivity=null, mPausingActivity=ActivityRecord{4a0281b u0 com.android.todolist/.MainActivity t28926}
11-07 14:15:00.059  1358  1639 D GameManagerService: notePauseComponent(), received paused-component: com.android.todolist
11-07 14:15:00.067  1358  1639 V WindowManager: Changing focus from Window{be3d419 u0 com.android.todolist/com.android.todolist.MainActivity} to null displayId=0 Callers=com.android.server.wm.RootWindowContainer.updateFocusedWindowLocked:567 com.android.server.wm.WindowManagerService.updateFocusedWindowLocked:6311 com.android.server.wm.ActivityRecord.commitVisibility:4988 com.android.server.wm.ActivityRecord.setVisibility:4929 
11-07 14:15:00.071  1358  1639 V WindowManager: Setting visibility of Window{be3d419 u0 com.android.todolist/com.android.todolist.MainActivity}: false, caller=com.android.server.wm.WindowContainer.sendAppVisibilityToClients:1004 com.android.server.wm.ActivityRecord.setClientVisible:6391 com.android.server.wm.ActivityRecord.onAnimationFinished:7143 com.android.server.wm.ActivityRecord.postApplyAnimation:5013 com.android.server.wm.ActivityRecord.commitVisibility:4995 
11-07 14:15:00.071  1358  1639 D ActivityTaskManager: finishFixedRotationTransform, r=ActivityRecord{4a0281b u0 com.android.todolist/.MainActivity t28926}, caller=com.android.server.wm.WindowToken.finishFixedRotationTransform:664 com.android.server.wm.DisplayContent$FixedRotationTransitionListener.onAppTransitionFinishedLocked:7025 com.android.server.wm.AppTransition.notifyAppTransitionFinishedLocked:552 com.android.server.wm.ActivityRecord.onAnimationFinished:7164 com.android.server.wm.ActivityRecord.postApplyAnimation:5013 
11-07 14:15:00.071  1358  1639 D WindowManager: isScreenshotDisabledLocked - win: Window{be3d419 u0 com.android.todolist/com.android.todolist.MainActivity}
11-07 14:15:00.091  1358  1588 V WindowManager: Relayout Window{be3d419 u0 com.android.todolist/com.android.todolist.MainActivity}: viewVisibility=4 req=1080x2400
11-07 14:15:00.102  1358  4774 E WindowManager: win=Window{be3d419 u0 com.android.todolist/com.android.todolist.MainActivity} destroySurfaces: appStopped=true win.mWindowRemovalAllowed=false win.mRemoveOnExit=false win.mViewVisibility=4 caller=com.android.server.wm.ActivityRecord.destroySurfaces:5251 com.android.server.wm.ActivityRecord.destroySurfaces:5232 com.android.server.wm.ActivityRecord.notifyAppStopped:5291 com.android.server.wm.ActivityRecord.activityStopped:5918 com.android.server.wm.ActivityTaskManagerService.activityStopped:2595 android.app.IActivityTaskManager$Stub.onTransact:2223 android.os.Binder.execTransactInternal:1190 
11-07 14:15:00.102  1358  4774 I WindowManager: Destroying surface Surface(name=com.android.todolist/com.android.todolist.MainActivity$_19583)/@0xf942b56 called by com.android.server.wm.WindowStateAnimator.destroySurface:1794 com.android.server.wm.WindowStateAnimator.destroySurfaceLocked:765 com.android.server.wm.WindowState.destroySurfaceUnchecked:3918 com.android.server.wm.WindowState.destroySurface:3892 com.android.server.wm.ActivityRecord.destroySurfaces:5251 com.android.server.wm.ActivityRecord.destroySurfaces:5232 com.android.server.wm.ActivityRecord.notifyAppStopped:5291 com.android.server.wm.ActivityRecord.activityStopped:5918 
11-07 14:15:00.103  1039  1113 I Layer   : id=38716 removeFromCurrentState com.android.todolist/com.android.todolist.MainActivity$_19583#0 (82)
11-07 14:15:00.108  1039  1113 I SurfaceFlinger: id=38716 Removed com.android.todolist/com.android.todolist.MainActivity$_19583#0 (82)
11-07 14:15:00.127  1358  4835 V WindowManager: Relayout Window{be3d419 u0 com.android.todolist/com.android.todolist.MainActivity}: viewVisibility=8 req=1080x2400
11-07 14:15:01.126  1039  1039 I Layer   : id=38716[1] Destroyed com.android.todolist/com.android.todolist.MainActivity$_19583#0
11-07 14:16:47.469  1358  1358 D GameManagerService: identifyGamePackage. com.android.todolist, mCurrentUserId: 0, callerUserId: 0
11-07 14:16:47.469  1358  1358 D PkgDataHelper: getGamePkgData(). com.android.todolist
11-07 14:16:48.136  1358  1358 D GameManagerService: identifyGamePackage. com.android.todolist, mCurrentUserId: 0, callerUserId: 0
11-07 14:16:48.136  1358  1358 D PkgDataHelper: getGamePkgData(). com.android.todolist
11-07 14:16:48.137  1358  1358 D GameManagerService: identifyGamePackage. com.android.todolist, mCurrentUserId: 0, callerUserId: 0
11-07 14:16:48.137  1358  1358 D PkgDataHelper: getGamePkgData(). com.android.todolist
11-07 14:16:50.056  1358  1358 D GameManagerService: identifyGamePackage. com.android.todolist, mCurrentUserId: 0, callerUserId: 0
11-07 14:16:50.056  1358  1358 D PkgDataHelper: getGamePkgData(). com.android.todolist
11-07 14:16:50.057  1358  1358 D GameManagerService: identifyGamePackage. com.android.todolist, mCurrentUserId: 0, callerUserId: 0
11-07 14:16:50.057  1358  1358 D PkgDataHelper: getGamePkgData(). com.android.todolist
11-07 14:16:50.696  1358  1358 D GameManagerService: identifyGamePackage. com.android.todolist, mCurrentUserId: 0, callerUserId: 0
11-07 14:16:50.696  1358  1358 D PkgDataHelper: getGamePkgData(). com.android.todolist
11-07 14:16:50.696  1358  1358 D GameManagerService: identifyGamePackage. com.android.todolist, mCurrentUserId: 0, callerUserId: 0
11-07 14:16:50.696  1358  1358 D PkgDataHelper: getGamePkgData(). com.android.todolist
11-07 14:16:52.593  1358  1358 D GameManagerService: identifyGamePackage. com.android.todolist, mCurrentUserId: 0, callerUserId: 0
11-07 14:16:52.593  1358  1358 D PkgDataHelper: getGamePkgData(). com.android.todolist
11-07 14:16:52.594  1358  1358 D GameManagerService: identifyGamePackage. com.android.todolist, mCurrentUserId: 0, callerUserId: 0
11-07 14:16:52.594  1358  1358 D PkgDataHelper: getGamePkgData(). com.android.todolist
11-07 14:16:52.649  1358  1358 D GameManagerService: identifyGamePackage. com.android.todolist, mCurrentUserId: 0, callerUserId: 0
11-07 14:16:52.649  1358  1358 D PkgDataHelper: getGamePkgData(). com.android.todolist
11-07 14:16:52.649  1358  1358 D GameManagerService: identifyGamePackage. com.android.todolist, mCurrentUserId: 0, callerUserId: 0
11-07 14:16:52.649  1358  1358 D PkgDataHelper: getGamePkgData(). com.android.todolist
11-07 14:16:52.940  1358  1358 D GameManagerService: identifyGamePackage. com.android.todolist, mCurrentUserId: 0, callerUserId: 0
11-07 14:16:52.940  1358  1358 D PkgDataHelper: getGamePkgData(). com.android.todolist
11-07 14:16:52.940  1358  1358 D GameManagerService: identifyGamePackage. com.android.todolist, mCurrentUserId: 0, callerUserId: 0
11-07 14:16:52.940  1358  1358 D PkgDataHelper: getGamePkgData(). com.android.todolist
11-07 14:16:53.013  1358  1358 D GameManagerService: identifyGamePackage. com.android.todolist, mCurrentUserId: 0, callerUserId: 0
11-07 14:16:53.013  1358  1358 D PkgDataHelper: getGamePkgData(). com.android.todolist
11-07 14:16:53.014  1358  1358 D GameManagerService: identifyGamePackage. com.android.todolist, mCurrentUserId: 0, callerUserId: 0
11-07 14:16:53.014  1358  1358 D PkgDataHelper: getGamePkgData(). com.android.todolist
11-07 14:16:53.491  1358  8806 D GameManagerService: identifyGamePackage. com.android.todolist, mCurrentUserId: 0, callerUserId: 0
11-07 14:16:53.491  1358  8806 D PkgDataHelper: getGamePkgData(). com.android.todolist
11-07 14:16:53.505  1358  4837 D MARsPolicyManager: onPackageResumedFG pkgName = com.android.todolist, userId = 0
11-07 14:16:53.506  1358  4837 V WindowManager: Setting visibility of Window{be3d419 u0 com.android.todolist/com.android.todolist.MainActivity}: true, caller=com.android.server.wm.WindowContainer.sendAppVisibilityToClients:1004 com.android.server.wm.ActivityRecord.setClientVisible:6391 com.android.server.wm.ActivityRecord.setVisibility:4866 com.android.server.wm.ActivityRecord.setVisibility:4764 com.android.server.wm.ActivityStack.resumeTopActivityInnerLocked:2298 
11-07 14:16:53.508  1358  4837 D WindowManager: rotationForOrientation, orientationSource=ActivityRecord{4a0281b u0 com.android.todolist/.MainActivity t28926}
11-07 14:16:53.508  1358  4837 D WindowManager: rotationForOrientation, orientationSource=ActivityRecord{4a0281b u0 com.android.todolist/.MainActivity t28926}
11-07 14:16:53.508  1358  4837 D WindowManager: rotationForOrientation, orientationSource=ActivityRecord{4a0281b u0 com.android.todolist/.MainActivity t28926}
11-07 14:16:53.510  1358  4837 D MARsPolicyManager: onPackageResumedFG pkgName = com.android.todolist, userId = 0
11-07 14:16:53.513  1358  4837 D WindowManager: rotationForOrientation, orientationSource=ActivityRecord{4a0281b u0 com.android.todolist/.MainActivity t28926}
11-07 14:16:53.518  1358  4837 V WindowManager: Relayout Window{be3d419 u0 com.android.todolist/com.android.todolist.MainActivity}: viewVisibility=4 req=1080x2400
11-07 14:16:53.536  1358  1639 D GameManagerService: noteResumeComponent(), received resumed-component: com.android.todolist
11-07 14:16:53.536  1358  1639 I GameSDK@LifeCycle: noteResumeComponent(): package name  : com.android.todolist
11-07 14:16:53.536  1358  2180 D GameManagerService: onLooperPrepared(), msg: MSG_APP_RESUME, resumeComponent: ComponentInfo{com.android.todolist/com.android.todolist.MainActivity}
11-07 14:16:53.550  1358  4837 V WindowManager: Relayout Window{be3d419 u0 com.android.todolist/com.android.todolist.MainActivity}: viewVisibility=0 req=1080x2400
11-07 14:16:53.550  1358  4837 D WindowManager: isScreenshotDisabledLocked - win: Window{be3d419 u0 com.android.todolist/com.android.todolist.MainActivity}
11-07 14:16:53.551  1039  2804 I SurfaceFlinger: id=38740 createSurf (1080x2400),1 flag=404, com.android.todolist/com.android.todolist.MainActivity$_19583#0
11-07 14:16:53.551  1358  4837 D WindowManager: makeSurface duration=1 name=com.android.todolist/com.android.todolist.MainActivity$_19583
11-07 14:16:53.561  1358  4837 D WindowManager: finishDrawingWindow: Window{be3d419 u0 com.android.todolist/com.android.todolist.MainActivity} mDrawState=DRAW_PENDING
11-07 14:16:53.563  1358  1640 D PkgPredictorService: pkg:com.android.todolist activity:com.android.todolist.MainActivity thisTime:-1
11-07 14:16:53.565  1358  1640 I WindowManager: Reparenting to leash, surface=Surface(name=a13d54d SnapshotStartingWindow for taskId=28926)/@0x6ebe714, leashParent=Surface(name=ActivityRecord{4a0281b u0 com.android.todolist/.MainActivity t28926})/@0x9824890
11-07 14:16:53.574  1358  4835 D WindowManager: rotationForOrientation, orientationSource=ActivityRecord{4a0281b u0 com.android.todolist/.MainActivity t28926}
11-07 14:16:53.593  1358  4822 V WindowManager: Changing focus from Window{6112744 u0 Bouncer} to Window{be3d419 u0 com.android.todolist/com.android.todolist.MainActivity} displayId=0 Callers=com.android.server.wm.RootWindowContainer.updateFocusedWindowLocked:567 com.android.server.wm.WindowManagerService.updateFocusedWindowLocked:6311 com.android.server.wm.WindowManagerService.relayoutWindow:2713 com.android.server.wm.Session.relayout:219 
11-07 14:16:53.596  1358  1637 D WindowManager: setDisableFlags: displayId=0, vis=0x8008, appearance=16, transientState=Pair{[I@3363e57 [I@3613d44}, isFullscreen=false, isImmersive=false, barType=0, win=Window{be3d419 u0 com.android.todolist/com.android.todolist.MainActivity}
11-07 14:16:53.610  1358  1358 D MdnieScenarioControlService:  packageName : com.android.todolist    className : com.android.todolist.MainActivity
11-07 14:16:53.619 19583 19583 V InputMethodManager: Starting input: tba=com.android.todolist ic=null mNaviBarColor -855310 mIsGetNaviBarColorSuccess true , NavVisible : true , NavTrans : false
11-07 14:16:53.622  1358  2180 D GameManagerService:   handleUserPresent(). resume signal is needed for com.android.todolist
11-07 14:16:53.625  1039  1039 D SurfaceFlinger:      DEVICE | 0xb40000726bc42180 | 0002 | RGBA_8888    |  248.0  497.0  832.0 1796.0 |    1    0 1079 2399 | com.android.todolist/com.android.todolist.MainActivity$_19583#0
11-07 14:16:53.632  1358  1640 I WindowManager: Reparenting to original parent: Surface(name=ActivityRecord{4a0281b u0 com.android.todolist/.MainActivity t28926})/@0x9824890, destroy=true, surface=Surface(name=a13d54d SnapshotStartingWindow for taskId=28926)/@0x6ebe714
11-07 14:16:53.655  1039  1039 D SurfaceFlinger:      DEVICE | 0xb40000726bc42110 | 0002 | RGBA_8888    |  202.0  405.0  878.0 1909.0 |    1    1 1079 2400 | com.android.todolist/com.android.todolist.MainActivity$_19583#0
11-07 14:16:54.048  1358  1640 D ActivityTaskManager: finishFixedRotationTransform, r=ActivityRecord{4a0281b u0 com.android.todolist/.MainActivity t28926}, caller=com.android.server.wm.WindowToken.finishFixedRotationTransform:664 com.android.server.wm.DisplayContent$FixedRotationTransitionListener.onAppTransitionFinishedLocked:7025 com.android.server.wm.AppTransition.notifyAppTransitionFinishedLocked:552 com.android.server.wm.ActivityRecord.onAnimationFinished:7164 com.android.server.wm.WindowContainer.doAnimationFinished:2626 
11-07 14:16:54.096  1358  1639 D GameManagerService: identifyForegroundApp. com.android.todolist, mCurrentUserId: 0, callerUserId: 0
11-07 14:16:54.096  1358  1639 D PkgDataHelper: getGamePkgData(). com.android.todolist
11-07 14:16:54.907  1358  1637 V WindowManager: Changing focus from Window{be3d419 u0 com.android.todolist/com.android.todolist.MainActivity} to null displayId=0 Callers=com.android.server.wm.RootWindowContainer.updateFocusedWindowLocked:567 com.android.server.wm.WindowManagerService.updateFocusedWindowLocked:6311 com.android.server.wm.DisplayContent.setFocusedApp:6775 com.android.server.wm.ActivityTaskManagerService.setResumedActivityUncheckLocked:6725 
11-07 14:16:54.916  1358  1639 D GameManagerService: notePauseComponent(), received paused-component: com.android.todolist
11-07 14:16:54.960  1358  1640 D WindowManager: createAnimationAdapter(): container=Task{8c2c791 #28926 visible=false type=standard mode=fullscreen translucent=true A=10435:com.android.todolist U=0 StackId=28926 sz=1}
11-07 14:16:54.962  1358  1640 D WindowManager: 	Add container=Task{8c2c791 #28926 visible=false type=standard mode=fullscreen translucent=true A=10435:com.android.todolist U=0 StackId=28926 sz=1}
11-07 14:16:54.963  1358  1640 D WindowManager: isScreenshotDisabledLocked - win: Window{be3d419 u0 com.android.todolist/com.android.todolist.MainActivity}
11-07 14:16:54.969  1358  1640 I WindowManager: container=Task{8c2c791 #28926 visible=false type=standard mode=fullscreen translucent=true A=10435:com.android.todolist U=0 StackId=28926 sz=1}
11-07 14:16:55.010  1039  1039 D SurfaceFlinger:      CLIENT | 0xb40000726bc41f50 | 0002 | RGBA_8888    |    0.0    0.0 1080.0 2400.0 |    1    3 1079 2397 | com.android.todolist/com.android.todolist.MainActivity$_19583#0
11-07 14:16:55.342  1358  4806 V WindowManager: Setting visibility of Window{be3d419 u0 com.android.todolist/com.android.todolist.MainActivity}: false, caller=com.android.server.wm.WindowContainer.sendAppVisibilityToClients:1004 com.android.server.wm.ActivityRecord.setClientVisible:6391 com.android.server.wm.ActivityRecord.onAnimationFinished:7143 com.android.server.wm.WindowContainer.doAnimationFinished:2626 com.android.server.wm.WindowContainer.onAnimationFinished:2635 
11-07 14:16:55.342  1358  4806 D ActivityTaskManager: finishFixedRotationTransform, r=ActivityRecord{4a0281b u0 com.android.todolist/.MainActivity t28926}, caller=com.android.server.wm.WindowToken.finishFixedRotationTransform:664 com.android.server.wm.DisplayContent$FixedRotationTransitionListener.onAppTransitionFinishedLocked:7025 com.android.server.wm.AppTransition.notifyAppTransitionFinishedLocked:552 com.android.server.wm.ActivityRecord.onAnimationFinished:7164 com.android.server.wm.WindowContainer.doAnimationFinished:2626 
11-07 14:16:55.342  1358  4806 D WindowManager: 	container=Task{8c2c791 #28926 visible=false type=standard mode=fullscreen translucent=true A=10435:com.android.todolist U=0 StackId=28926 sz=1}
11-07 14:16:55.374  1358  4806 V WindowManager: Relayout Window{be3d419 u0 com.android.todolist/com.android.todolist.MainActivity}: viewVisibility=8 req=1080x2400
11-07 14:16:55.396  1358  4806 E WindowManager: win=Window{be3d419 u0 com.android.todolist/com.android.todolist.MainActivity} destroySurfaces: appStopped=true win.mWindowRemovalAllowed=false win.mRemoveOnExit=false win.mViewVisibility=8 caller=com.android.server.wm.ActivityRecord.destroySurfaces:5251 com.android.server.wm.ActivityRecord.destroySurfaces:5232 com.android.server.wm.ActivityRecord.notifyAppStopped:5291 com.android.server.wm.ActivityRecord.activityStopped:5918 com.android.server.wm.ActivityTaskManagerService.activityStopped:2595 android.app.IActivityTaskManager$Stub.onTransact:2223 android.os.Binder.execTransactInternal:1190 
11-07 14:16:55.396  1358  4806 I WindowManager: Destroying surface Surface(name=com.android.todolist/com.android.todolist.MainActivity$_19583)/@0xd33e1cc called by com.android.server.wm.WindowStateAnimator.destroySurface:1794 com.android.server.wm.WindowStateAnimator.destroySurfaceLocked:765 com.android.server.wm.WindowState.destroySurfaceUnchecked:3918 com.android.server.wm.WindowState.destroySurface:3892 com.android.server.wm.ActivityRecord.destroySurfaces:5251 com.android.server.wm.ActivityRecord.destroySurfaces:5232 com.android.server.wm.ActivityRecord.notifyAppStopped:5291 com.android.server.wm.ActivityRecord.activityStopped:5918 
11-07 14:16:55.397  1039  1662 I Layer   : id=38740 removeFromCurrentState com.android.todolist/com.android.todolist.MainActivity$_19583#0 (88)
11-07 14:16:55.401  1039  1662 I SurfaceFlinger: id=38740 Removed com.android.todolist/com.android.todolist.MainActivity$_19583#0 (88)
11-07 14:16:55.405  1039  1039 I Layer   : id=38740[1] Destroyed com.android.todolist/com.android.todolist.MainActivity$_19583#0
11-07 14:16:58.054  1358  2274 D PkgPredictorService: previous pkgs: com.sec.android.app.myfiles,com.android.todolist,com.sec.android.app.myfiles running pkg: com.sec.android.app.myfiles, uid: 0 is system: true
11-07 14:16:58.054  1358  2274 D PkgPredictorService-Collector:  (hour:14 day:3 previous:[com.sec.android.app.myfiles, com.android.todolist, com.sec.android.app.myfiles] activityName:unknown running:com.sec.android.app.myfiles userId:0 screenOrientation:0 wifi:0 bt:0 predictTime:0 apkVersion:12.2.09.531 consumeTime:-1 preloaded:false>)
11-07 14:21:05.881  2699  2699 W AppStartUtils: sendActiveLaunchBroadcast() v.hasOnClickListeners() : true, iconInfo : AppInfo(id=199 type=APP hidden=0 container=all_apps screen=3 rank=20 user=UserHandle{0} title=To Do List componentName=ComponentInfo{com.android.todolist/com.android.todolist.MainActivity} screenType=0)
11-07 14:21:05.882  1358  2381 I Pageboost: start alp : com.android.todolist
11-07 14:21:05.882  1358  2408 I Pageboost: alp skip : com.android.todolist , 2
11-07 14:21:05.921  1358  2506 I ActivityTaskManager: START u0 {act=android.intent.action.MAIN cat=[android.intent.category.LAUNCHER] flg=0x10200000 cmp=com.android.todolist/.MainActivity bnds=[38,1537][234,1840]} from uid 10147
11-07 14:21:05.922  1358  2506 D ActivityTaskManager: TaskLaunchParamsModifier:task=null activity=ActivityRecord{2db6dfa u0 com.android.todolist/.MainActivity display-area-from-source=DefaultTaskDisplayArea@221236666 task-display-area=DefaultTaskDisplayArea@221236666 display-area-windowing-mode=1
11-07 14:21:05.922  1358  2506 D ActivityTaskManager: TaskLaunchParamsModifier:task=Task{8c2c791 #28926 visible=false type=standard mode=fullscreen translucent=true A=10435:com.android.todolist U=0 StackId=28926 sz=1} activity=ActivityRecord{2db6dfa u0 com.android.todolist/.MainActivity t-1} display-from-task=0 task-display-area=DefaultTaskDisplayArea@221236666 display-area-windowing-mode=1 inherit-from-source=fullscreen activity-options-fullscreen=Rect(0, 0 - 0, 0) non-freeform-display maximized-bounds
11-07 14:21:05.922  1358  2506 I Pageboost: moveTaskToFront : 10435:com.android.todolist
11-07 14:21:05.924  1358  2180 D GameManagerService: onLooperPrepared(), msg: MSG_TASK_FOCUSED, focusedComponent: ComponentInfo{com.android.todolist/com.android.todolist.MainActivity}
11-07 14:21:05.924  1358  2180 D GameManagerService:   handleTaskFocused(), pkgName: com.android.todolist, clsName: com.android.todolist.MainActivity, userID:0
11-07 14:21:05.925  2699  2760 I AppIconSolution: start to load, pkg=com.android.todolist, bg=144-144, dr=216-216, forDefault=false, density=0
11-07 14:21:05.926  2699  2760 I AppIconSolution: getIconScale, pkg=com.android.todolist, size=216, iconScale=IconScale[alpha=2, scale=0.59999996, isCrop=false]
11-07 14:21:05.926  2699  2760 I AppIconSolution: fromTheme2, pkg=com.android.todolist, bg=144-144, dr=216-216, tarScale=0.59999996, relScale=0.40754715, mask=false, isCropInTheme = false
11-07 14:21:05.927  2699  2760 I LauncherActivityInfo: packageName: com.android.todolist, useThemeIcon: true, height: 144, width: 144, density: 640
11-07 14:21:05.929  1358  1358 I Pageboost: package com.android.todolist
11-07 14:21:05.930  1358  2182 V ActivityManager: Changed top to 10435,ProcessRecord{b64bfb8 19583:com.android.todolist/u0a435}
11-07 14:21:05.931  1358  2509 D MARsPolicyManager: onPackageResumedFG pkgName = com.android.todolist, userId = 0
11-07 14:21:05.931  1358  2509 V WindowManager: Setting visibility of Window{be3d419 u0 com.android.todolist/com.android.todolist.MainActivity}: true, caller=com.android.server.wm.WindowContainer.sendAppVisibilityToClients:1004 com.android.server.wm.ActivityRecord.setClientVisible:6391 com.android.server.wm.ActivityRecord.setVisibility:4866 com.android.server.wm.ActivityRecord.setVisibility:4764 com.android.server.wm.ActivityStack.resumeTopActivityInnerLocked:2298 
11-07 14:21:05.932  1358  2509 D WindowManager: rotationForOrientation, orientationSource=ActivityRecord{4a0281b u0 com.android.todolist/.MainActivity t28926}
11-07 14:21:05.932  1358  2509 D WindowManager: rotationForOrientation, orientationSource=ActivityRecord{4a0281b u0 com.android.todolist/.MainActivity t28926}
11-07 14:21:05.933  1358  2509 D WindowManager: rotationForOrientation, orientationSource=ActivityRecord{4a0281b u0 com.android.todolist/.MainActivity t28926}
11-07 14:21:05.933  1358  2509 D MARsPolicyManager: onPackageResumedFG pkgName = com.android.todolist, userId = 0
11-07 14:21:05.940  1358  1640 D WindowManager: createAnimationAdapter(): container=Task{8c2c791 #28926 visible=false type=standard mode=fullscreen translucent=true A=10435:com.android.todolist U=0 StackId=28926 sz=1}
11-07 14:21:05.941  1358  1640 D WindowManager: 	Add container=Task{8c2c791 #28926 visible=false type=standard mode=fullscreen translucent=true A=10435:com.android.todolist U=0 StackId=28926 sz=1}
11-07 14:21:05.944  1358  1640 I WindowManager: container=Task{8c2c791 #28926 visible=false type=standard mode=fullscreen translucent=true A=10435:com.android.todolist U=0 StackId=28926 sz=1}
11-07 14:21:05.946  1358  2127 V WindowManager: Relayout Window{be3d419 u0 com.android.todolist/com.android.todolist.MainActivity}: viewVisibility=4 req=1080x2400
11-07 14:21:05.964  1358  4822 V WindowManager: Relayout Window{be3d419 u0 com.android.todolist/com.android.todolist.MainActivity}: viewVisibility=0 req=1080x2400
11-07 14:21:05.965  1358  4822 D WindowManager: isScreenshotDisabledLocked - win: Window{be3d419 u0 com.android.todolist/com.android.todolist.MainActivity}
11-07 14:21:05.965  1039  1662 I SurfaceFlinger: id=38797 createSurf (1080x2400),1 flag=404, com.android.todolist/com.android.todolist.MainActivity$_19583#0
11-07 14:21:05.966  1358  4822 D WindowManager: makeSurface duration=1 name=com.android.todolist/com.android.todolist.MainActivity$_19583
11-07 14:21:05.967  1358  4822 V WindowManager: Changing focus from null to Window{be3d419 u0 com.android.todolist/com.android.todolist.MainActivity} displayId=0 Callers=com.android.server.wm.RootWindowContainer.updateFocusedWindowLocked:567 com.android.server.wm.WindowManagerService.updateFocusedWindowLocked:6311 com.android.server.wm.WindowManagerService.relayoutWindow:2713 com.android.server.wm.Session.relayout:219 
11-07 14:21:05.983  1358  1639 D GameManagerService: noteResumeComponent(), received resumed-component: com.android.todolist
11-07 14:21:05.983  1358  2180 D GameManagerService: onLooperPrepared(), msg: MSG_APP_RESUME, resumeComponent: ComponentInfo{com.android.todolist/com.android.todolist.MainActivity}
11-07 14:21:05.983  1358  2180 D GameManagerService:   handleResume(). pkgName: com.android.todolist, isTunableApp: null
11-07 14:21:05.983  1358  2180 D GameManagerService: notifyFocusInOut(). of pkg: com.android.todolist, type: 4, isMinimized: false, isTunableApp: false
11-07 14:21:05.984  1358  2506 D WindowManager: finishDrawingWindow: Window{be3d419 u0 com.android.todolist/com.android.todolist.MainActivity} mDrawState=DRAW_PENDING
11-07 14:21:05.986  1358  1639 I GameSDK@LifeCycle: noteResumeComponent(): package name  : com.android.todolist
11-07 14:21:05.987  1358  1639 D GameManagerService: identifyGamePackage. com.android.todolist, mCurrentUserId: 0, callerUserId: 0
11-07 14:21:05.987  1358  1639 D PkgDataHelper: getGamePkgData(). com.android.todolist
11-07 14:21:05.987  1358  1640 D PkgPredictorService: pkg:com.android.todolist activity:com.android.todolist.MainActivity thisTime:65
11-07 14:21:05.990  1358  1640 I WindowManager: Reparenting to leash, surface=Surface(name=3fe81a1 SnapshotStartingWindow for taskId=28926)/@0xe08e50a, leashParent=Surface(name=ActivityRecord{4a0281b u0 com.android.todolist/.MainActivity t28926})/@0x9824890
11-07 14:21:05.997  1358  2274 D PkgPredictorService: com.android.todolist go to foreground!
11-07 14:21:05.998  1358  2274 D PkgPredictorService: previous pkgs: com.android.todolist,com.sec.android.app.myfiles,com.android.todolist running pkg: com.android.todolist, uid: 0 is system: false
11-07 14:21:05.998  1358  2274 D PkgPredictorService-Collector:  (hour:14 day:3 previous:[com.android.todolist, com.sec.android.app.myfiles, com.android.todolist] activityName:unknown running:com.android.todolist userId:0 screenOrientation:0 wifi:0 bt:0 predictTime:0 apkVersion:1.0 consumeTime:-1 preloaded:false>)
11-07 14:21:05.998  1358  2274 D PkgPredictorService-NapPreloadController: User using: com.android.todolist
11-07 14:21:05.998  1358  1668 D ArtManagerInternalImpl: /data/misc/iorapd/com.android.todolist/1/com.android.todolist.MainActivity/compiled_traces/compiled_trace.pb doesn't exist
11-07 14:21:06.007 19583 19583 V InputMethodManager: Starting input: tba=com.android.todolist ic=null mNaviBarColor -855310 mIsGetNaviBarColorSuccess true , NavVisible : true , NavTrans : false
11-07 14:21:06.012  1039  1039 D SurfaceFlinger:      CLIENT | 0xb40000726bc42f80 | 0002 | RGBA_8888    |    0.0  896.0 1080.0 1976.0 |   52 1488  298 1733 | com.android.todolist/com.android.todolist.MainActivity$_19583#0
11-07 14:21:06.015  1358  1637 D SehCodecSolutionService: Update top [com.android.todolist]
11-07 14:21:06.070  1358  1640 I WindowManager: Reparenting to original parent: Surface(name=ActivityRecord{4a0281b u0 com.android.todolist/.MainActivity t28926})/@0x9824890, destroy=true, surface=Surface(name=3fe81a1 SnapshotStartingWindow for taskId=28926)/@0xe08e50a
11-07 14:21:06.093  1039  1039 D SurfaceFlinger:      CLIENT | 0xb40000726bc42ff0 | 0002 | RGBA_8888    |    0.0    0.0 1080.0 2400.0 |   15  377  850 2232 | com.android.todolist/com.android.todolist.MainActivity$_19583#0
11-07 14:21:06.126  1358  2599 D MdnieScenarioControlService:  packageName : com.android.todolist    className : com.android.todolist.MainActivity
11-07 14:21:06.303  1358  2509 D ActivityTaskManager: finishFixedRotationTransform, r=ActivityRecord{4a0281b u0 com.android.todolist/.MainActivity t28926}, caller=com.android.server.wm.WindowToken.finishFixedRotationTransform:664 com.android.server.wm.DisplayContent$FixedRotationTransitionListener.onAppTransitionFinishedLocked:7025 com.android.server.wm.AppTransition.notifyAppTransitionFinishedLocked:552 com.android.server.wm.ActivityRecord.onAnimationFinished:7164 com.android.server.wm.WindowContainer.doAnimationFinished:2626 
11-07 14:21:06.304  1358  2509 D WindowManager: 	container=Task{8c2c791 #28926 visible=false type=standard mode=fullscreen translucent=true A=10435:com.android.todolist U=0 StackId=28926 sz=1}
11-07 14:21:06.325  1039  1039 D SurfaceFlinger:      DEVICE | 0xb40000726bc42ff0 | 0002 | RGBA_8888    |    0.0    0.0 1080.0 2400.0 |    0    0 1080 2400 | com.android.todolist/com.android.todolist.MainActivity$_19583#0
11-07 14:21:06.326  1358  1637 D SehCodecSolutionService: Update top [com.android.todolist]
11-07 14:21:06.456  1358  2599 D MdnieScenarioControlService:  packageName : com.android.todolist    className : com.android.todolist.MainActivity
11-07 14:21:06.515  1358  1639 D GameManagerService: identifyForegroundApp. com.android.todolist, mCurrentUserId: 0, callerUserId: 0
11-07 14:21:06.515  1358  1639 D PkgDataHelper: getGamePkgData(). com.android.todolist
11-07 14:21:12.018  1358  8806 D GameManagerService: identifyGamePackage. com.android.todolist, mCurrentUserId: 0, callerUserId: 0
11-07 14:21:12.018  1358  8806 D PkgDataHelper: getGamePkgData(). com.android.todolist
11-07 14:22:05.909 19583 19583 V InputMethodManager: Starting input: tba=com.android.todolist ic=null mNaviBarColor -855310 mIsGetNaviBarColorSuccess true , NavVisible : true , NavTrans : false
11-07 14:22:05.941  1039  1039 D SurfaceFlinger:      DEVICE | 0xb40000726bc42f80 | 0002 | RGBA_8888    |    0.0    0.0 1080.0 2400.0 |    0    0 1080 2400 | com.android.todolist/com.android.todolist.MainActivity$_19583#0
11-07 14:22:06.230  1358  1639 D WindowManager: isScreenshotDisabledLocked - win: Window{be3d419 u0 com.android.todolist/com.android.todolist.MainActivity}
11-07 14:22:06.250  1358  1690 W WindowManager: allSleep is false, displayId=0, stack=Task{8c2c791 #28926 visible=false type=standard mode=fullscreen translucent=true A=10435:com.android.todolist U=0 StackId=28926 sz=1}, caller=com.android.server.wm.ActivityStackSupervisor.checkReadyForSleepLocked:2234 com.android.server.wm.ActivityStackSupervisor.goingToSleepLocked:2162 com.android.server.wm.ActivityTaskManagerService.updateSleepIfNeededLocked:6851 
11-07 14:22:06.250  1358  1690 W WindowManager: putStacksToSleep, mResumedActivity=null, mPausingActivity=ActivityRecord{4a0281b u0 com.android.todolist/.MainActivity t28926}
11-07 14:22:06.278  1358  1639 D GameManagerService: notePauseComponent(), received paused-component: com.android.todolist
11-07 14:22:06.284  1358  1639 V WindowManager: Changing focus from Window{be3d419 u0 com.android.todolist/com.android.todolist.MainActivity} to null displayId=0 Callers=com.android.server.wm.RootWindowContainer.updateFocusedWindowLocked:567 com.android.server.wm.WindowManagerService.updateFocusedWindowLocked:6311 com.android.server.wm.ActivityRecord.commitVisibility:4988 com.android.server.wm.ActivityRecord.setVisibility:4929 
11-07 14:22:06.287  1358  1639 V WindowManager: Setting visibility of Window{be3d419 u0 com.android.todolist/com.android.todolist.MainActivity}: false, caller=com.android.server.wm.WindowContainer.sendAppVisibilityToClients:1004 com.android.server.wm.ActivityRecord.setClientVisible:6391 com.android.server.wm.ActivityRecord.onAnimationFinished:7143 com.android.server.wm.ActivityRecord.postApplyAnimation:5013 com.android.server.wm.ActivityRecord.commitVisibility:4995 
11-07 14:22:06.287  1358  1639 D ActivityTaskManager: finishFixedRotationTransform, r=ActivityRecord{4a0281b u0 com.android.todolist/.MainActivity t28926}, caller=com.android.server.wm.WindowToken.finishFixedRotationTransform:664 com.android.server.wm.DisplayContent$FixedRotationTransitionListener.onAppTransitionFinishedLocked:7025 com.android.server.wm.AppTransition.notifyAppTransitionFinishedLocked:552 com.android.server.wm.ActivityRecord.onAnimationFinished:7164 com.android.server.wm.ActivityRecord.postApplyAnimation:5013 
11-07 14:22:06.288  1358  1639 D WindowManager: isScreenshotDisabledLocked - win: Window{be3d419 u0 com.android.todolist/com.android.todolist.MainActivity}
11-07 14:22:06.298  1358  2507 V WindowManager: Relayout Window{be3d419 u0 com.android.todolist/com.android.todolist.MainActivity}: viewVisibility=8 req=1080x2400
11-07 14:22:06.311  1358  3909 E WindowManager: win=Window{be3d419 u0 com.android.todolist/com.android.todolist.MainActivity} destroySurfaces: appStopped=true win.mWindowRemovalAllowed=false win.mRemoveOnExit=false win.mViewVisibility=8 caller=com.android.server.wm.ActivityRecord.destroySurfaces:5251 com.android.server.wm.ActivityRecord.destroySurfaces:5232 com.android.server.wm.ActivityRecord.notifyAppStopped:5291 com.android.server.wm.ActivityRecord.activityStopped:5918 com.android.server.wm.ActivityTaskManagerService.activityStopped:2595 android.app.IActivityTaskManager$Stub.onTransact:2223 android.os.Binder.execTransactInternal:1190 
11-07 14:22:06.311  1358  3909 I WindowManager: Destroying surface Surface(name=com.android.todolist/com.android.todolist.MainActivity$_19583)/@0xdd12182 called by com.android.server.wm.WindowStateAnimator.destroySurface:1794 com.android.server.wm.WindowStateAnimator.destroySurfaceLocked:765 com.android.server.wm.WindowState.destroySurfaceUnchecked:3918 com.android.server.wm.WindowState.destroySurface:3892 com.android.server.wm.ActivityRecord.destroySurfaces:5251 com.android.server.wm.ActivityRecord.destroySurfaces:5232 com.android.server.wm.ActivityRecord.notifyAppStopped:5291 com.android.server.wm.ActivityRecord.activityStopped:5918 
11-07 14:22:06.311  1039  1115 I Layer   : id=38797 removeFromCurrentState com.android.todolist/com.android.todolist.MainActivity$_19583#0 (83)
11-07 14:22:06.315  1039  1113 I SurfaceFlinger: id=38797 Removed com.android.todolist/com.android.todolist.MainActivity$_19583#0 (83)
11-07 14:22:06.981  1358  1358 D GameManagerService: identifyGamePackage. com.android.todolist, mCurrentUserId: 0, callerUserId: 0
11-07 14:22:06.981  1358  1358 D PkgDataHelper: getGamePkgData(). com.android.todolist
11-07 14:22:07.005  1358  4838 D MARsPolicyManager: onPackageResumedFG pkgName = com.android.todolist, userId = 0
11-07 14:22:07.006  1358  4838 V WindowManager: Setting visibility of Window{be3d419 u0 com.android.todolist/com.android.todolist.MainActivity}: true, caller=com.android.server.wm.WindowContainer.sendAppVisibilityToClients:1004 com.android.server.wm.ActivityRecord.setClientVisible:6391 com.android.server.wm.ActivityRecord.setVisibility:4866 com.android.server.wm.ActivityRecord.setVisibility:4764 com.android.server.wm.ActivityStack.resumeTopActivityInnerLocked:2298 
11-07 14:22:07.007  1358  4838 D WindowManager: rotationForOrientation, orientationSource=ActivityRecord{4a0281b u0 com.android.todolist/.MainActivity t28926}
11-07 14:22:07.007  1358  4838 D WindowManager: rotationForOrientation, orientationSource=ActivityRecord{4a0281b u0 com.android.todolist/.MainActivity t28926}
11-07 14:22:07.007  1358  4838 D WindowManager: rotationForOrientation, orientationSource=ActivityRecord{4a0281b u0 com.android.todolist/.MainActivity t28926}
11-07 14:22:07.009  1358  4838 D MARsPolicyManager: onPackageResumedFG pkgName = com.android.todolist, userId = 0
11-07 14:22:07.020  1358  1639 D GameManagerService: noteResumeComponent(), received resumed-component: com.android.todolist
11-07 14:22:07.020  1358  1639 I GameSDK@LifeCycle: noteResumeComponent(): package name  : com.android.todolist
11-07 14:22:07.020  1358  2180 D GameManagerService: onLooperPrepared(), msg: MSG_APP_RESUME, resumeComponent: ComponentInfo{com.android.todolist/com.android.todolist.MainActivity}
11-07 14:22:07.020  1358  2180 D GameManagerService:   handleResume(). pkgName: com.android.todolist, isTunableApp: null
11-07 14:22:07.020  1358  2180 D GameManagerService: notifyFocusInOut(). of pkg: com.android.todolist, type: 4, isMinimized: false, isTunableApp: false
11-07 14:22:07.025  1358  4774 V WindowManager: Relayout Window{be3d419 u0 com.android.todolist/com.android.todolist.MainActivity}: viewVisibility=4 req=1080x2400
11-07 14:22:07.059  1358  2507 V WindowManager: Relayout Window{be3d419 u0 com.android.todolist/com.android.todolist.MainActivity}: viewVisibility=0 req=1080x2400
11-07 14:22:07.060  1358  2507 D WindowManager: isScreenshotDisabledLocked - win: Window{be3d419 u0 com.android.todolist/com.android.todolist.MainActivity}
11-07 14:22:07.060  1039  3282 I SurfaceFlinger: id=38807 createSurf (1080x2400),1 flag=404, com.android.todolist/com.android.todolist.MainActivity$_19583#0
11-07 14:22:07.061  1358  2507 D WindowManager: makeSurface duration=1 name=com.android.todolist/com.android.todolist.MainActivity$_19583
11-07 14:22:07.062  1358  2507 V WindowManager: Changing focus from null to Window{be3d419 u0 com.android.todolist/com.android.todolist.MainActivity} displayId=0 Callers=com.android.server.wm.RootWindowContainer.updateFocusedWindowLocked:567 com.android.server.wm.WindowManagerService.updateFocusedWindowLocked:6311 com.android.server.wm.WindowManagerService.relayoutWindow:2713 com.android.server.wm.Session.relayout:219 
11-07 14:22:07.070  1358  1637 D WindowManager: setDisableFlags: displayId=0, vis=0x8008, appearance=16, transientState=Pair{[I@237d6af [I@f89eabc}, isFullscreen=false, isImmersive=false, barType=0, win=Window{be3d419 u0 com.android.todolist/com.android.todolist.MainActivity}
11-07 14:22:07.077  1358  2507 D WindowManager: finishDrawingWindow: Window{be3d419 u0 com.android.todolist/com.android.todolist.MainActivity} mDrawState=DRAW_PENDING
11-07 14:22:07.080  1358  1640 D PkgPredictorService: pkg:com.android.todolist activity:com.android.todolist.MainActivity thisTime:-1
11-07 14:22:07.128 19583 19583 V InputMethodManager: Starting input: tba=com.android.todolist ic=null mNaviBarColor -855310 mIsGetNaviBarColorSuccess true , NavVisible : true , NavTrans : false
11-07 14:22:07.131  1039  1039 I Layer   : id=38797[1] Destroyed com.android.todolist/com.android.todolist.MainActivity$_19583#0
11-07 14:22:07.144  1039  1039 D SurfaceFlinger:      DEVICE | 0xb40000726bc41cb0 | 0002 | RGBA_8888    |    0.0    0.0 1080.0 2066.0 |    0  334 1080 2400 | com.android.todolist/com.android.todolist.MainActivity$_19583#0
11-07 14:22:07.190  1039  1039 D SurfaceFlinger:      DEVICE | 0xb40000726bc42500 | 0002 | RGBA_8888    |    0.0    0.0 1080.0 2225.0 |    0  175 1080 2400 | com.android.todolist/com.android.todolist.MainActivity$_19583#0
11-07 14:22:07.213  7534 23488 I [+3]oneconnect[1.7.69.23_01][CORE]: RunningInfo.isQcTopProcess - false [package]com.samsung.android.oneconnect [topProcess]com.android.todolist
11-07 14:22:07.222  7534 23488 I [+3]oneconnect[1.7.69.23_01][CORE]: RunningInfo.isNativePluginTopTopProcess - false [package]com.samsung.android.oneconnect:PluginNative [topProcess]com.android.todolist
11-07 14:22:07.224  1039  1039 D SurfaceFlinger:      DEVICE | 0xb40000726bc42500 | 0002 | RGBA_8888    |    0.0    0.0 1080.0 2280.0 |    0  120 1080 2400 | com.android.todolist/com.android.todolist.MainActivity$_19583#0
11-07 14:22:07.224  7534 23488 I [+3]oneconnect[1.7.69.23_01][CORE]: RunningInfo.isWebPluginTopProcess - false [package]com.samsung.android.oneconnect:PluginWebApplication [topProcess]com.android.todolist
11-07 14:22:07.490  1358  1640 D ActivityTaskManager: finishFixedRotationTransform, r=ActivityRecord{4a0281b u0 com.android.todolist/.MainActivity t28926}, caller=com.android.server.wm.WindowToken.finishFixedRotationTransform:664 com.android.server.wm.DisplayContent$FixedRotationTransitionListener.onAppTransitionFinishedLocked:7025 com.android.server.wm.AppTransition.notifyAppTransitionFinishedLocked:552 com.android.server.wm.ActivityRecord.onAnimationFinished:7164 com.android.server.wm.WindowContainer.doAnimationFinished:2626 
11-07 14:22:07.564  1358  1639 D GameManagerService: identifyForegroundApp. com.android.todolist, mCurrentUserId: 0, callerUserId: 0
11-07 14:22:07.564  1358  1639 D PkgDataHelper: getGamePkgData(). com.android.todolist
11-07 14:22:07.835  1358  1637 V WindowManager: Changing focus from Window{be3d419 u0 com.android.todolist/com.android.todolist.MainActivity} to null displayId=0 Callers=com.android.server.wm.RootWindowContainer.updateFocusedWindowLocked:567 com.android.server.wm.WindowManagerService.updateFocusedWindowLocked:6311 com.android.server.wm.DisplayContent.setFocusedApp:6775 com.android.server.wm.ActivityTaskManagerService.setResumedActivityUncheckLocked:6725 
11-07 14:22:07.846  1358  1639 D GameManagerService: notePauseComponent(), received paused-component: com.android.todolist
11-07 14:22:07.887  1358  1640 D WindowManager: createAnimationAdapter(): container=Task{8c2c791 #28926 visible=false type=standard mode=fullscreen translucent=true A=10435:com.android.todolist U=0 StackId=28926 sz=1}
11-07 14:22:07.890  1358  1640 D WindowManager: 	Add container=Task{8c2c791 #28926 visible=false type=standard mode=fullscreen translucent=true A=10435:com.android.todolist U=0 StackId=28926 sz=1}
11-07 14:22:07.891  1358  1640 D WindowManager: isScreenshotDisabledLocked - win: Window{be3d419 u0 com.android.todolist/com.android.todolist.MainActivity}
11-07 14:22:07.896  1358  1640 I WindowManager: container=Task{8c2c791 #28926 visible=false type=standard mode=fullscreen translucent=true A=10435:com.android.todolist U=0 StackId=28926 sz=1}
11-07 14:22:07.939  1039  1039 D SurfaceFlinger:      CLIENT | 0xb40000726bc41cb0 | 0002 | RGBA_8888    |    0.0    0.0 1080.0 2400.0 |    1    3 1079 2397 | com.android.todolist/com.android.todolist.MainActivity$_19583#0
11-07 14:22:08.270  1358  4822 V WindowManager: Setting visibility of Window{be3d419 u0 com.android.todolist/com.android.todolist.MainActivity}: false, caller=com.android.server.wm.WindowContainer.sendAppVisibilityToClients:1004 com.android.server.wm.ActivityRecord.setClientVisible:6391 com.android.server.wm.ActivityRecord.onAnimationFinished:7143 com.android.server.wm.WindowContainer.doAnimationFinished:2626 com.android.server.wm.WindowContainer.onAnimationFinished:2635 
11-07 14:22:08.271  1358  4822 D ActivityTaskManager: finishFixedRotationTransform, r=ActivityRecord{4a0281b u0 com.android.todolist/.MainActivity t28926}, caller=com.android.server.wm.WindowToken.finishFixedRotationTransform:664 com.android.server.wm.DisplayContent$FixedRotationTransitionListener.onAppTransitionFinishedLocked:7025 com.android.server.wm.AppTransition.notifyAppTransitionFinishedLocked:552 com.android.server.wm.ActivityRecord.onAnimationFinished:7164 com.android.server.wm.WindowContainer.doAnimationFinished:2626 
11-07 14:22:08.271  1358  4822 D WindowManager: 	container=Task{8c2c791 #28926 visible=false type=standard mode=fullscreen translucent=true A=10435:com.android.todolist U=0 StackId=28926 sz=1}
11-07 14:22:08.287  1358  4822 V WindowManager: Relayout Window{be3d419 u0 com.android.todolist/com.android.todolist.MainActivity}: viewVisibility=8 req=1080x2400
11-07 14:22:08.317  1358  4822 V WindowManager: Relayout Window{be3d419 u0 com.android.todolist/com.android.todolist.MainActivity}: viewVisibility=8 req=1080x2400
