11-07 14:45:37.772  1358  1640 D ActivityTaskManager: finishFixedRotationTransform, r=ActivityRecord{11cbb7b u0 com.android.todolist/.MainActivity t28929}, caller=com.android.server.wm.WindowToken.finishFixedRotationTransform:664 com.android.server.wm.DisplayContent$FixedRotationTransitionListener.onAppTransitionFinishedLocked:7025 com.android.server.wm.AppTransition.notifyAppTransitionFinishedLocked:552 com.android.server.wm.ActivityRecord.onAnimationFinished:7164 com.android.server.wm.WindowContainer.doAnimationFinished:2626 
11-07 14:45:37.817  1358  1639 D GameManagerService: identifyForegroundApp. com.android.todolist, mCurrentUserId: 0, callerUserId: 0
11-07 14:45:37.817  1358  1639 D PkgDataHelper: getGamePkgData(). com.android.todolist
11-07 14:45:40.920  1358  8806 D GameManagerService: identifyGamePackage. com.android.todolist, mCurrentUserId: 0, callerUserId: 0
11-07 14:45:40.920  1358  8806 D PkgDataHelper: getGamePkgData(). com.android.todolist
11-07 14:45:40.989 19583 19583 D Toast   : show: caller = com.android.todolist.MainActivity$addNewList$2.invoke:125 
11-07 14:45:40.992  1358  4772 D EdgeLightingManager: showForToast : packageName = com.android.todolist
11-07 14:45:40.993  1358  4772 D SEP_UNION_CoverManager_CoverManagerAllowLists: isAllowedToUse : cover manager allow lists does not include this App : com.android.todolist 
11-07 14:45:40.993  1358  4772 D EdgeLightingPolicyManager: isAcceptableApplication:  pkg=com.android.todolist , range=512 , includeAllApp=false , userId=0 , infoRange=0 , infoCategory=0
11-07 14:45:41.001  1358  2127 I WindowManager: Reparenting to leash, surface=Surface(name=bab04a9 com.android.todolist/com.android.todolist.MainActivity)/@0x41d9fe1, leashParent=Surface(name=ActivityRecord{11cbb7b u0 com.android.todolist/.MainActivity t28929})/@0xc14379c
11-07 14:45:41.001  1039  2804 I SurfaceFlinger: id=39042 createSurf (0x0),-1 flag=24000, Surface(name=bab04a9 com.android.todolist/com.android.todolist.MainActivity)/@0x41d9fe1 - animation-leash#0
11-07 14:45:41.001  1358  2127 D WindowManager: makeSurface duration=1 leash=Surface(name=Surface(name=bab04a9 com.android.todolist/com.android.todolist.MainActivity)/@0x41d9fe1 - animation-leash)/@0xfd79c1c
11-07 14:45:41.001  1358  2127 V WindowManager: removeIfPossible 2, Window{bab04a9 u0 com.android.todolist/com.android.todolist.MainActivity}: mAnimatingExit=true caller=com.android.server.wm.WindowState.removeIfPossible:2688 com.android.server.wm.WindowManagerService.removeWindow:2186 com.android.server.wm.Session.remove:199 android.view.IWindowSession$Stub.onTransact:813 com.android.server.wm.Session.onTransact:145 
11-07 14:45:41.002  1358  2127 V WindowManager: Changing focus from Window{bab04a9 u0 com.android.todolist/com.android.todolist.MainActivity EXITING} to Window{ddde272 u0 com.android.todolist/com.android.todolist.MainActivity} displayId=0 Callers=com.android.server.wm.RootWindowContainer.updateFocusedWindowLocked:567 com.android.server.wm.WindowManagerService.updateFocusedWindowLocked:6311 com.android.server.wm.WindowState.setupWindowForRemoveOnExit:2853 com.android.server.wm.WindowState.removeIfPossible:2822 
11-07 14:45:41.021  1358  1637 D WindowManager: setDisableFlags: displayId=0, vis=0x8008, appearance=16, transientState=Pair{[I@6cb3edd [I@d9f4a52}, isFullscreen=false, isImmersive=false, barType=0, win=Window{ddde272 u0 com.android.todolist/com.android.todolist.MainActivity}
11-07 14:45:41.038 19583 19583 V InputMethodManager: Starting input: tba=com.android.todolist ic=null mNaviBarColor -855310 mIsGetNaviBarColorSuccess true , NavVisible : true , NavTrans : false
11-07 14:45:41.074  1039  1039 D SurfaceFlinger:      DEVICE | 0xb40000727d63d2a0 | 0002 | RGBA_8888    |    0.0    0.0 1080.0 2400.0 |    0    0 1080 2400 | com.android.todolist/com.android.todolist.MainActivity$_19583#0
11-07 14:45:41.074  1039  1039 D SurfaceFlinger:      DEVICE | 0xb40000727d63dee0 | 0000 | RGBA_8888    |   69.0    0.0 1149.0  854.0 |    0  745 1080 1599 | com.android.todolist/com.android.todolist.MainActivity$_19583#1
11-07 14:45:41.185  1358  1640 I WindowManager: Reparenting to original parent: Surface(name=ActivityRecord{11cbb7b u0 com.android.todolist/.MainActivity t28929})/@0xc14379c, destroy=true, surface=Surface(name=bab04a9 com.android.todolist/com.android.todolist.MainActivity)/@0x41d9fe1
11-07 14:45:41.186  1358  1640 E WindowManager: win=Window{bab04a9 u0 com.android.todolist/com.android.todolist.MainActivity EXITING} destroySurfaces: appStopped=false win.mWindowRemovalAllowed=true win.mRemoveOnExit=true win.mViewVisibility=0 caller=com.android.server.wm.ActivityRecord.destroySurfaces:5251 com.android.server.wm.ActivityRecord.destroySurfaces:5232 com.android.server.wm.WindowState.onExitAnimationDone:5623 com.android.server.wm.WindowStateAnimator.onAnimationFinished:332 com.android.server.wm.WindowState.onAnimationFinished:6088 com.android.server.wm.-$$Lambda$dwJG8BAnLlvKNGuDY9U3-haNY4M.onAnimationFinished:2 com.android.server.wm.SurfaceAnimator.lambda$getFinishedCallback$0$SurfaceAnimator:112 
11-07 14:45:41.186  1358  1640 I WindowManager: Destroying surface Surface(name=com.android.todolist/com.android.todolist.MainActivity$_19583)/@0xc08d0e4 called by com.android.server.wm.WindowStateAnimator.destroySurface:1794 com.android.server.wm.WindowStateAnimator.destroySurfaceLocked:765 com.android.server.wm.WindowState.destroySurfaceUnchecked:3918 com.android.server.wm.WindowState.destroySurface:3892 com.android.server.wm.ActivityRecord.destroySurfaces:5251 com.android.server.wm.ActivityRecord.destroySurfaces:5232 com.android.server.wm.WindowState.onExitAnimationDone:5623 com.android.server.wm.WindowStateAnimator.onAnimationFinished:332 
11-07 14:45:41.187  1039  2804 I Layer   : id=39033 removeFromCurrentState com.android.todolist/com.android.todolist.MainActivity$_19583#1 (87)
11-07 14:45:41.190  1039  3282 I Layer   : id=38901 removeFromCurrentState bab04a9 com.android.todolist/com.android.todolist.MainActivity#0 (87)
11-07 14:45:41.190  1039  3282 I Layer   : id=39042 removeFromCurrentState Surface(name=bab04a9 com.android.todolist/com.android.todolist.MainActivity)/@0x41d9fe1 - animation-leash#0 (87)
11-07 14:45:41.191  1039  3282 I SurfaceFlinger: id=38901 Removed bab04a9 com.android.todolist/com.android.todolist.MainActivity#0 (87)
11-07 14:45:41.191  1039  3282 I SurfaceFlinger: id=39042 Removed Surface(name=bab04a9 com.android.todolist/com.android.todolist.MainActivity)/@0x41d9fe1 - animation-leash#0 (87)
11-07 14:45:41.191  1039  3282 I SurfaceFlinger: id=39033 Removed com.android.todolist/com.android.todolist.MainActivity$_19583#1 (87)
11-07 14:45:41.194  1039  1039 D SurfaceFlinger:      DEVICE | 0xb40000727d63d2a0 | 0002 | RGBA_8888    |    0.0    0.0 1080.0 2400.0 |    0    0 1080 2400 | com.android.todolist/com.android.todolist.MainActivity$_19583#0
11-07 14:45:41.200  1039  1039 I Layer   : id=39042[1] Destroyed Surface(name=bab04a9 com.android.todolist/com.android.todolist.MainActivity)/@0x41d9fe1 - animation-leash#0
11-07 14:45:41.200  1039  1039 I Layer   : id=38901[1] Destroyed bab04a9 com.android.todolist/com.android.todolist.MainActivity#0
11-07 14:45:41.200  1039  1039 I Layer   : id=39033[1] Destroyed com.android.todolist/com.android.todolist.MainActivity$_19583#1
11-07 14:45:41.205  1039  1039 D SurfaceFlinger:      DEVICE | 0xb40000727d63d2a0 | 0002 | RGBA_8888    |    0.0    0.0 1080.0 2400.0 |    0    0 1080 2400 | com.android.todolist/com.android.todolist.MainActivity$_19583#0
11-07 14:45:41.543  1358  1639 D GameManagerService: identifyForegroundApp. com.android.todolist, mCurrentUserId: 0, callerUserId: 0
11-07 14:45:41.544  1358  1639 D PkgDataHelper: getGamePkgData(). com.android.todolist
11-07 14:45:43.021  1358  2509 W NotificationService: Toast already killed. pkg=com.android.todolist token=android.os.BinderProxy@590c78b
11-07 14:45:43.559  1039  1039 D SurfaceFlinger:      DEVICE | 0xb40000727d63d2a0 | 0002 | RGBA_8888    |    0.0    0.0 1080.0 2400.0 |    0    0 1080 2400 | com.android.todolist/com.android.todolist.MainActivity$_19583#0
11-07 14:45:46.308  1358  4772 V WindowManager: Changing focus from Window{ddde272 u0 com.android.todolist/com.android.todolist.MainActivity} to null displayId=0 Callers=com.android.server.wm.RootWindowContainer.updateFocusedWindowLocked:567 com.android.server.wm.WindowManagerService.updateFocusedWindowLocked:6311 com.android.server.wm.DisplayContent.setFocusedApp:6775 com.android.server.wm.ActivityTaskManagerService.setResumedActivityUncheckLocked:6725 
11-07 14:45:46.310  1358  4772 D WindowManager: isScreenshotDisabledLocked - win: Window{ddde272 u0 com.android.todolist/com.android.todolist.MainActivity}
11-07 14:45:46.336  1358  1639 D GameManagerService: notePauseComponent(), received paused-component: com.android.todolist
11-07 14:45:46.376  1358  1640 D WindowManager: createAnimationAdapter(): container=Task{51209d6 #28929 visible=false type=standard mode=fullscreen translucent=true A=10435:com.android.todolist U=0 StackId=28929 sz=1}
11-07 14:45:46.380  1358  1640 D WindowManager: 	Add container=Task{51209d6 #28929 visible=false type=standard mode=fullscreen translucent=true A=10435:com.android.todolist U=0 StackId=28929 sz=1}
11-07 14:45:46.382  1358  1640 I WindowManager: container=Task{51209d6 #28929 visible=false type=standard mode=fullscreen translucent=true A=10435:com.android.todolist U=0 StackId=28929 sz=1}
11-07 14:45:46.412  2699  2760 I AppIconSolution: start to load, pkg=com.android.todolist, bg=144-144, dr=216-216, forDefault=false, density=0
11-07 14:45:46.414  2699  2760 I AppIconSolution: getIconScale, pkg=com.android.todolist, size=216, iconScale=IconScale[alpha=2, scale=0.59999996, isCrop=false]
11-07 14:45:46.414  2699  2760 I AppIconSolution: fromTheme2, pkg=com.android.todolist, bg=144-144, dr=216-216, tarScale=0.59999996, relScale=0.40754715, mask=false, isCropInTheme = false
11-07 14:45:46.414  2699  2760 I LauncherActivityInfo: packageName: com.android.todolist, useThemeIcon: true, height: 144, width: 144, density: 640
11-07 14:45:46.438  1039  1039 D SurfaceFlinger:      CLIENT | 0xb40000727d63dc40 | 0002 | RGBA_8888    |    0.0  107.0 1080.0 2348.0 |    0  113 1076 2345 | com.android.todolist/com.android.todolist.MainActivity$_19583#0
11-07 14:45:46.768  1358  2509 V WindowManager: Setting visibility of Window{ddde272 u0 com.android.todolist/com.android.todolist.MainActivity}: false, caller=com.android.server.wm.WindowContainer.sendAppVisibilityToClients:1004 com.android.server.wm.ActivityRecord.setClientVisible:6391 com.android.server.wm.ActivityRecord.onAnimationFinished:7143 com.android.server.wm.WindowContainer.doAnimationFinished:2626 com.android.server.wm.WindowContainer.onAnimationFinished:2635 
11-07 14:45:46.768  1358  2509 D ActivityTaskManager: finishFixedRotationTransform, r=ActivityRecord{11cbb7b u0 com.android.todolist/.MainActivity t28929 f}}, caller=com.android.server.wm.WindowToken.finishFixedRotationTransform:664 com.android.server.wm.DisplayContent$FixedRotationTransitionListener.onAppTransitionFinishedLocked:7025 com.android.server.wm.AppTransition.notifyAppTransitionFinishedLocked:552 com.android.server.wm.ActivityRecord.onAnimationFinished:7164 com.android.server.wm.WindowContainer.doAnimationFinished:2626 
11-07 14:45:46.768  1358  2509 D WindowManager: 	container=Task{51209d6 #28929 visible=false type=standard mode=fullscreen translucent=true A=10435:com.android.todolist U=0 StackId=28929 sz=1}
11-07 14:45:46.788  1358  2509 V WindowManager: Relayout Window{ddde272 u0 com.android.todolist/com.android.todolist.MainActivity}: viewVisibility=8 req=1080x2400
11-07 14:45:46.807  1358  2507 D WindowManager: isScreenshotDisabledLocked - win: Window{ddde272 u0 com.android.todolist/com.android.todolist.MainActivity}
11-07 14:45:46.808  1358  2507 I WindowManager: Destroying surface Surface(name=com.android.todolist/com.android.todolist.MainActivity$_19583)/@0x4d3d528 called by com.android.server.wm.WindowStateAnimator.destroySurface:1794 com.android.server.wm.WindowStateAnimator.destroySurfaceLocked:765 com.android.server.wm.WindowState.removeImmediately:2665 com.android.server.wm.WindowState.removeIfPossible:2830 com.android.server.wm.WindowState.removeIfPossible:2688 com.android.server.wm.WindowManagerService.removeWindow:2186 com.android.server.wm.Session.remove:199 android.view.IWindowSession$Stub.onTransact:813 
11-07 14:45:46.808  1039  1662 I Layer   : id=39032 removeFromCurrentState com.android.todolist/com.android.todolist.MainActivity$_19583#0 (82)
11-07 14:45:46.808  1039  1662 I SurfaceFlinger: id=39032 Removed com.android.todolist/com.android.todolist.MainActivity$_19583#0 (82)
11-07 14:45:46.809  1039  1662 I Layer   : id=38872 removeFromCurrentState ddde272 com.android.todolist/com.android.todolist.MainActivity#0 (82)
11-07 14:45:46.809  1039  1662 I SurfaceFlinger: id=38872 Removed ddde272 com.android.todolist/com.android.todolist.MainActivity#0 (82)
11-07 14:45:46.810  1358  2509 I ActivityTaskManager: Removing activity ActivityRecord{11cbb7b u0 com.android.todolist/.MainActivity t28929 f}}(activityDestroyed)  from stack callers=com.android.server.wm.ActivityRecord.destroyed:3608 com.android.server.wm.ActivityTaskManagerService.activityDestroyed:2643 android.app.IActivityTaskManager$Stub.onTransact:2232 android.os.Binder.execTransactInternal:1195 android.os.Binder.execTransact:1159 
11-07 14:45:46.812  1039  1662 I Layer   : id=38864 removeFromCurrentState ActivityRecord{11cbb7b u0 com.android.todolist/.MainActivity t28929}#0 (82)
11-07 14:45:46.812  1039  2804 I SurfaceFlinger: id=38864 Removed ActivityRecord{11cbb7b u0 com.android.todolist/.MainActivity t28929}#0 (82)
11-07 14:45:46.815  1039  1039 I Layer   : id=38864[1] Destroyed ActivityRecord{11cbb7b u0 com.android.todolist/.MainActivity t28929}#0
11-07 14:45:46.815  1039  1039 I Layer   : id=38872[1] Destroyed ddde272 com.android.todolist/com.android.todolist.MainActivity#0
11-07 14:45:46.815  1039  1039 I Layer   : id=39032[1] Destroyed com.android.todolist/com.android.todolist.MainActivity$_19583#0
11-07 14:45:47.092  2699  2699 W AppStartUtils: sendActiveLaunchBroadcast() v.hasOnClickListeners() : true, iconInfo : AppInfo(id=199 type=APP hidden=0 container=all_apps screen=3 rank=20 user=UserHandle{0} title=To Do List componentName=ComponentInfo{com.android.todolist/com.android.todolist.MainActivity} screenType=0)
11-07 14:45:47.093  1358  2381 I Pageboost: start alp : com.android.todolist
11-07 14:45:47.093  1358  2408 I Pageboost: alp skip : com.android.todolist , 2
11-07 14:45:47.183  2699  2760 I AppIconSolution: start to load, pkg=com.android.todolist, bg=144-144, dr=216-216, forDefault=false, density=0
11-07 14:45:47.184  1358  2509 I ActivityTaskManager: START u0 {act=android.intent.action.MAIN cat=[android.intent.category.LAUNCHER] flg=0x10200000 cmp=com.android.todolist/.MainActivity bnds=[38,1537][234,1840]} from uid 10147
11-07 14:45:47.184  1358  2509 D ActivityTaskManager: TaskLaunchParamsModifier:task=null activity=ActivityRecord{e251bd4 u0 com.android.todolist/.MainActivity display-area-from-source=DefaultTaskDisplayArea@221236666 task-display-area=DefaultTaskDisplayArea@221236666 display-area-windowing-mode=1
11-07 14:45:47.184  2699  2760 I AppIconSolution: getIconScale, pkg=com.android.todolist, size=216, iconScale=IconScale[alpha=2, scale=0.59999996, isCrop=false]
11-07 14:45:47.184  2699  2760 I AppIconSolution: fromTheme2, pkg=com.android.todolist, bg=144-144, dr=216-216, tarScale=0.59999996, relScale=0.40754715, mask=false, isCropInTheme = false
11-07 14:45:47.185  2699  2760 I LauncherActivityInfo: packageName: com.android.todolist, useThemeIcon: true, height: 144, width: 144, density: 640
11-07 14:45:47.185  1358  2509 D ActivityTaskManager: TaskLaunchParamsModifier:task=null activity=ActivityRecord{e251bd4 u0 com.android.todolist/.MainActivity t-1} display-area-from-source=DefaultTaskDisplayArea@221236666 task-display-area=DefaultTaskDisplayArea@221236666 display-area-windowing-mode=1 inherit-from-source=fullscreen activity-options-fullscreen=Rect(0, 0 - 0, 0) non-freeform-display maximized-bounds
11-07 14:45:47.187  1358  2509 D ActivityTaskManager: TaskLaunchParamsModifier:task=Task{ea22140 #28931 visible=false type=standard mode=fullscreen translucent=true A=10435:com.android.todolist U=0 StackId=28931 sz=0} activity=ActivityRecord{e251bd4 u0 com.android.todolist/.MainActivity t-1} display-from-task=0 task-display-area=DefaultTaskDisplayArea@221236666 display-area-windowing-mode=1 inherit-from-source=fullscreen activity-options-fullscreen=Rect(0, 0 - 0, 0) non-freeform-display maximized-bounds
11-07 14:45:47.187  1039  1662 I SurfaceFlinger: id=39060 createSurf (0x0),-1 flag=80004, ActivityRecord{e251bd4 u0 com.android.todolist/.MainActivity t28931}#0
11-07 14:45:47.192  1358  1358 I Pageboost: package com.android.todolist
11-07 14:45:47.195  1358  4844 D MARsPolicyManager: onPackageResumedFG pkgName = com.android.todolist, userId = 0
11-07 14:45:47.196  1358  4844 D WindowManager: rotationForOrientation, orientationSource=ActivityRecord{e251bd4 u0 com.android.todolist/.MainActivity t28931}
11-07 14:45:47.196  1358  4844 D WindowManager: rotationForOrientation, orientationSource=ActivityRecord{e251bd4 u0 com.android.todolist/.MainActivity t28931}
11-07 14:45:47.196  1358  4844 D WindowManager: rotationForOrientation, orientationSource=ActivityRecord{e251bd4 u0 com.android.todolist/.MainActivity t28931}
11-07 14:45:47.197  1358  4844 D PkgDataHelper: notifyAppCreate(), pkgName: com.android.todolist, sendRet: true
11-07 14:45:47.197  1358  2180 D GameManagerService: onLooperPrepared(), msg: MSG_APP_CREATE, pkgName: com.android.todolist
11-07 14:45:47.198  1358  2180 D GameManagerService: onLooperPrepared(), msg: MSG_TASK_FOCUSED, focusedComponent: ComponentInfo{com.android.todolist/com.android.todolist.MainActivity}
11-07 14:45:47.198  1358  2180 D GameManagerService:   handleTaskFocused(), pkgName: com.android.todolist, clsName: com.android.todolist.MainActivity, userID:0
11-07 14:45:47.198  1358  2180 D GameManagerService:   handleResume(). pkgName: com.android.todolist, isTunableApp: null
11-07 14:45:47.198  1358  2180 D GameManagerService: notifyFocusInOut(). of pkg: com.android.todolist, type: 4, isMinimized: false, isTunableApp: false
11-07 14:45:47.198  1358  4844 D MARsPolicyManager: onPackageResumedFG pkgName = com.android.todolist, userId = 0
11-07 14:45:47.225  1039  1115 I SurfaceFlinger: id=39061 createSurf (0x0),-1 flag=80004, 8bb2ccf Splash Screen com.android.todolist#0
11-07 14:45:47.226  1358  1639 V ActivityManager: Changed top to 10435,ProcessRecord{b64bfb8 19583:com.android.todolist/u0a435}
11-07 14:45:47.226  1358  1640 V WindowManager: Relayout Window{8bb2ccf u0 Splash Screen com.android.todolist}: viewVisibility=0 req=1080x2400
11-07 14:45:47.227  1358  1640 D WindowManager: isScreenshotDisabledLocked - win: Window{8bb2ccf u0 Splash Screen com.android.todolist}
11-07 14:45:47.227  1039  1115 I SurfaceFlinger: id=39062 createSurf (1080x2400),1 flag=404, Splash Screen com.android.todolist#0
11-07 14:45:47.228  1358  1640 D WindowManager: makeSurface duration=0 name=Splash Screen com.android.todolist
11-07 14:45:47.232  1358  2274 D PkgPredictorService: com.android.todolist go to foreground!
11-07 14:45:47.233  1358  2274 D PkgPredictorService: previous pkgs: com.android.todolist,com.android.todolist,com.sec.android.app.myfiles running pkg: com.android.todolist, uid: 0 is system: false
11-07 14:45:47.233  1358  2274 D PkgPredictorService-Collector:  (hour:14 day:3 previous:[com.android.todolist, com.android.todolist, com.sec.android.app.myfiles] activityName:unknown running:com.android.todolist userId:0 screenOrientation:0 wifi:0 bt:0 predictTime:0 apkVersion:1.0 consumeTime:-1 preloaded:false>)
11-07 14:45:47.233  1358  2274 D PkgPredictorService-NapPreloadController: User using: com.android.todolist
11-07 14:45:47.234  1358  1637 D SehCodecSolutionService: Update top [com.android.todolist]
11-07 14:45:47.236  1358  1640 D WindowManager: finishDrawingWindow: Window{8bb2ccf u0 Splash Screen com.android.todolist} mDrawState=DRAW_PENDING
11-07 14:45:47.238  1358  1640 D WindowManager: createAnimationAdapter(): container=Task{ea22140 #28931 visible=false type=standard mode=fullscreen translucent=true A=10435:com.android.todolist U=0 StackId=28931 sz=1}
11-07 14:45:47.239  1358  1640 D WindowManager: 	Add container=Task{ea22140 #28931 visible=false type=standard mode=fullscreen translucent=true A=10435:com.android.todolist U=0 StackId=28931 sz=1}
11-07 14:45:47.241  1358  1637 D WindowManager: setDisableFlags: displayId=0, vis=0x8008, appearance=16, transientState=Pair{[I@2a23519 [I@59469de}, isFullscreen=false, isImmersive=false, barType=0, win=Window{8bb2ccf u0 Splash Screen com.android.todolist}
11-07 14:45:47.242  1358  1640 I WindowManager: container=Task{ea22140 #28931 visible=false type=standard mode=fullscreen translucent=true A=10435:com.android.todolist U=0 StackId=28931 sz=1}
11-07 14:45:47.249  1358  1639 D GameManagerService: noteResumeComponent(), received resumed-component: com.android.todolist
11-07 14:45:47.249  1358  2180 D GameManagerService: onLooperPrepared(), msg: MSG_APP_RESUME, resumeComponent: ComponentInfo{com.android.todolist/com.android.todolist.MainActivity}
11-07 14:45:47.249  1358  1639 I GameSDK@LifeCycle: noteResumeComponent(): package name  : com.android.todolist
11-07 14:45:47.250  1358  2180 D GameManagerService:   handleResume(). pkgName: com.android.todolist, isTunableApp: null
11-07 14:45:47.250  1358  2180 D GameManagerService: notifyFocusInOut(). of pkg: com.android.todolist, type: 4, isMinimized: false, isTunableApp: false
11-07 14:45:47.250  1358  1639 D GameManagerService: identifyGamePackage. com.android.todolist, mCurrentUserId: 0, callerUserId: 0
11-07 14:45:47.250  1358  1639 D PkgDataHelper: getGamePkgData(). com.android.todolist
11-07 14:45:47.264  1039  1115 I SurfaceFlinger: id=39068 createSurf (0x0),-1 flag=80004, 4f945ea com.android.todolist/com.android.todolist.MainActivity#0
11-07 14:45:47.264  1358  2509 D WindowManager: isScreenshotDisabledLocked - win: Window{4f945ea u0 com.android.todolist/com.android.todolist.MainActivity}
11-07 14:45:47.268  1039  1039 D SurfaceFlinger:      CLIENT | 0xb40000726bc42ff0 | 0002 | RGBA_8888    |    0.0  896.0 1080.0 1976.0 |   58 1547  220 1709 | Splash Screen com.android.todolist#0
11-07 14:45:47.284  1358  4772 V WindowManager: Relayout Window{4f945ea u0 com.android.todolist/com.android.todolist.MainActivity}: viewVisibility=0 req=1080x2400
11-07 14:45:47.285  1358  4772 D WindowManager: isScreenshotDisabledLocked - win: Window{4f945ea u0 com.android.todolist/com.android.todolist.MainActivity}
11-07 14:45:47.285  1039  1662 I SurfaceFlinger: id=39069 createSurf (1080x2400),1 flag=404, com.android.todolist/com.android.todolist.MainActivity$_19583#0
11-07 14:45:47.286  1358  4772 D WindowManager: makeSurface duration=0 name=com.android.todolist/com.android.todolist.MainActivity$_19583
11-07 14:45:47.286  1358  4772 V WindowManager: Changing focus from null to Window{4f945ea u0 com.android.todolist/com.android.todolist.MainActivity} displayId=0 Callers=com.android.server.wm.RootWindowContainer.updateFocusedWindowLocked:567 com.android.server.wm.WindowManagerService.updateFocusedWindowLocked:6311 com.android.server.wm.WindowManagerService.relayoutWindow:2713 com.android.server.wm.Session.relayout:219 
11-07 14:45:47.309  1358  2509 D WindowManager: finishDrawingWindow: Window{4f945ea u0 com.android.todolist/com.android.todolist.MainActivity} mDrawState=DRAW_PENDING
11-07 14:45:47.311  1358  1640 D PkgPredictorService: pkg:com.android.todolist activity:com.android.todolist.MainActivity thisTime:126
11-07 14:45:47.313  1358  1640 I WindowManager: Reparenting to leash, surface=Surface(name=8bb2ccf Splash Screen com.android.todolist)/@0x628a842, leashParent=Surface(name=ActivityRecord{e251bd4 u0 com.android.todolist/.MainActivity t28931})/@0x79ff053
11-07 14:45:47.314  1039  3282 I SurfaceFlinger: id=39072 createSurf (0x0),-1 flag=24000, Surface(name=8bb2ccf Splash Screen com.android.todolist)/@0x628a842 - animation-leash#0
11-07 14:45:47.314  1358  1640 D WindowManager: makeSurface duration=1 leash=Surface(name=Surface(name=8bb2ccf Splash Screen com.android.todolist)/@0x628a842 - animation-leash)/@0xd84cd90
11-07 14:45:47.315  1358  1668 D ArtManagerInternalImpl: /data/misc/iorapd/com.android.todolist/1/com.android.todolist.MainActivity/compiled_traces/compiled_trace.pb doesn't exist
11-07 14:45:47.318  1358  1668 I ActivityTaskManager: Displayed com.android.todolist/.MainActivity: +126ms
11-07 14:45:47.318  1358  1668 I Pageboost: Launch time gathered : pid 19583 com.android.todolist 126
11-07 14:45:47.320  1039  1039 D SurfaceFlinger:      CLIENT | 0xb40000726bc42ea0 | 0002 | RGBA_8888    |    0.0  609.0 1080.0 2111.0 |   42 1259  455 1834 | com.android.todolist/com.android.todolist.MainActivity$_19583#0
11-07 14:45:47.320  1039  1039 D SurfaceFlinger:      CLIENT | 0xb40000726bc42ff0 | 0002 | RGBA_8888    |    0.0  609.0 1080.0 2111.0 |   42 1259  455 1834 | Splash Screen com.android.todolist#0
11-07 14:45:47.320 19583 19583 V InputMethodManager: Starting input: tba=com.android.todolist ic=null mNaviBarColor -855310 mIsGetNaviBarColorSuccess true , NavVisible : true , NavTrans : false
11-07 14:45:47.361  1358  2599 D MdnieScenarioControlService:  packageName : com.android.todolist    className : com.android.todolist.MainActivity
11-07 14:45:47.376  1358  8806 D GameManagerService: identifyGamePackage. com.android.todolist, mCurrentUserId: 0, callerUserId: 0
11-07 14:45:47.376  1358  8806 D PkgDataHelper: getGamePkgData(). com.android.todolist
11-07 14:45:47.379  1358  1640 I WindowManager: Reparenting to original parent: Surface(name=ActivityRecord{e251bd4 u0 com.android.todolist/.MainActivity t28931})/@0x79ff053, destroy=true, surface=Surface(name=8bb2ccf Splash Screen com.android.todolist)/@0x628a842
11-07 14:45:47.379  1358  1640 E WindowManager: win=Window{8bb2ccf u0 Splash Screen com.android.todolist EXITING} destroySurfaces: appStopped=false win.mWindowRemovalAllowed=true win.mRemoveOnExit=true win.mViewVisibility=0 caller=com.android.server.wm.ActivityRecord.destroySurfaces:5251 com.android.server.wm.ActivityRecord.destroySurfaces:5232 com.android.server.wm.WindowState.onExitAnimationDone:5623 com.android.server.wm.WindowStateAnimator.onAnimationFinished:332 com.android.server.wm.WindowState.onAnimationFinished:6088 com.android.server.wm.-$$Lambda$dwJG8BAnLlvKNGuDY9U3-haNY4M.onAnimationFinished:2 com.android.server.wm.SurfaceAnimator.lambda$getFinishedCallback$0$SurfaceAnimator:112 
11-07 14:45:47.379  1358  1640 I WindowManager: Destroying surface Surface(name=Splash Screen com.android.todolist)/@0x4b81725 called by com.android.server.wm.WindowStateAnimator.destroySurface:1794 com.android.server.wm.WindowStateAnimator.destroySurfaceLocked:765 com.android.server.wm.WindowState.destroySurfaceUnchecked:3918 com.android.server.wm.WindowState.destroySurface:3892 com.android.server.wm.ActivityRecord.destroySurfaces:5251 com.android.server.wm.ActivityRecord.destroySurfaces:5232 com.android.server.wm.WindowState.onExitAnimationDone:5623 com.android.server.wm.WindowStateAnimator.onAnimationFinished:332 
11-07 14:45:47.380  1039  1115 I Layer   : id=39062 removeFromCurrentState Splash Screen com.android.todolist#0 (91)
11-07 14:45:47.382  1039  1115 I Layer   : id=39061 removeFromCurrentState 8bb2ccf Splash Screen com.android.todolist#0 (91)
11-07 14:45:47.382  1039  1115 I Layer   : id=39072 removeFromCurrentState Surface(name=8bb2ccf Splash Screen com.android.todolist)/@0x628a842 - animation-leash#0 (91)
11-07 14:45:47.382  1039  1115 I SurfaceFlinger: id=39061 Removed 8bb2ccf Splash Screen com.android.todolist#0 (91)
11-07 14:45:47.382  1039  1115 I SurfaceFlinger: id=39072 Removed Surface(name=8bb2ccf Splash Screen com.android.todolist)/@0x628a842 - animation-leash#0 (91)
11-07 14:45:47.382  1039  1115 I SurfaceFlinger: id=39062 Removed Splash Screen com.android.todolist#0 (91)
11-07 14:45:47.395  1039  1039 I Layer   : id=39072[1] Destroyed Surface(name=8bb2ccf Splash Screen com.android.todolist)/@0x628a842 - animation-leash#0
11-07 14:45:47.395  1039  1039 I Layer   : id=39061[1] Destroyed 8bb2ccf Splash Screen com.android.todolist#0
11-07 14:45:47.397  1039  1039 I Layer   : id=39062[1] Destroyed Splash Screen com.android.todolist#0
11-07 14:45:47.402  1039  1039 D SurfaceFlinger:      CLIENT | 0xb40000726bc422d0 | 0002 | RGBA_8888    |    0.0    0.0 1080.0 2400.0 |   11  277  911 2277 | com.android.todolist/com.android.todolist.MainActivity$_19583#0
11-07 14:45:47.595  1358  4774 D ActivityTaskManager: finishFixedRotationTransform, r=ActivityRecord{e251bd4 u0 com.android.todolist/.MainActivity t28931}, caller=com.android.server.wm.WindowToken.finishFixedRotationTransform:664 com.android.server.wm.DisplayContent$FixedRotationTransitionListener.onAppTransitionFinishedLocked:7025 com.android.server.wm.AppTransition.notifyAppTransitionFinishedLocked:552 com.android.server.wm.ActivityRecord.onAnimationFinished:7164 com.android.server.wm.WindowContainer.doAnimationFinished:2626 
11-07 14:45:47.596  1358  4774 D WindowManager: 	container=Task{ea22140 #28931 visible=false type=standard mode=fullscreen translucent=true A=10435:com.android.todolist U=0 StackId=28931 sz=1}
11-07 14:45:47.616  1039  1039 D SurfaceFlinger:      DEVICE | 0xb40000726bc422d0 | 0002 | RGBA_8888    |    0.0    0.0 1080.0 2400.0 |    0    0 1080 2400 | com.android.todolist/com.android.todolist.MainActivity$_19583#0
11-07 14:45:47.633  1358  1637 D SehCodecSolutionService: Update top [com.android.todolist]
11-07 14:45:47.762  1358  2599 D MdnieScenarioControlService:  packageName : com.android.todolist    className : com.android.todolist.MainActivity
11-07 14:45:47.824  1358  1639 D GameManagerService: identifyForegroundApp. com.android.todolist, mCurrentUserId: 0, callerUserId: 0
11-07 14:45:47.824  1358  1639 D PkgDataHelper: getGamePkgData(). com.android.todolist
11-07 14:46:44.827  1358  4772 V WindowManager: Changing focus from Window{4f945ea u0 com.android.todolist/com.android.todolist.MainActivity} to null displayId=0 Callers=com.android.server.wm.RootWindowContainer.updateFocusedWindowLocked:567 com.android.server.wm.WindowManagerService.updateFocusedWindowLocked:6311 com.android.server.wm.DisplayContent.setFocusedApp:6775 com.android.server.wm.ActivityTaskManagerService.setResumedActivityUncheckLocked:6725 
11-07 14:46:44.829  1358  4772 D WindowManager: isScreenshotDisabledLocked - win: Window{4f945ea u0 com.android.todolist/com.android.todolist.MainActivity}
11-07 14:46:44.862  1358  1639 D GameManagerService: notePauseComponent(), received paused-component: com.android.todolist
11-07 14:46:44.904  1358  1640 D WindowManager: createAnimationAdapter(): container=Task{ea22140 #28931 visible=false type=standard mode=fullscreen translucent=true A=10435:com.android.todolist U=0 StackId=28931 sz=1}
11-07 14:46:44.909  1358  1640 D WindowManager: 	Add container=Task{ea22140 #28931 visible=false type=standard mode=fullscreen translucent=true A=10435:com.android.todolist U=0 StackId=28931 sz=1}
11-07 14:46:44.913  1358  1640 I WindowManager: container=Task{ea22140 #28931 visible=false type=standard mode=fullscreen translucent=true A=10435:com.android.todolist U=0 StackId=28931 sz=1}
11-07 14:46:44.917  2699  2760 I AppIconSolution: start to load, pkg=com.android.todolist, bg=144-144, dr=216-216, forDefault=false, density=0
11-07 14:46:44.918  2699  2760 I AppIconSolution: getIconScale, pkg=com.android.todolist, size=216, iconScale=IconScale[alpha=2, scale=0.59999996, isCrop=false]
11-07 14:46:44.918  2699  2760 I AppIconSolution: fromTheme2, pkg=com.android.todolist, bg=144-144, dr=216-216, tarScale=0.59999996, relScale=0.40754715, mask=false, isCropInTheme = false
11-07 14:46:44.919  2699  2760 I LauncherActivityInfo: packageName: com.android.todolist, useThemeIcon: true, height: 144, width: 144, density: 640
11-07 14:46:44.942  1039  1039 D SurfaceFlinger:      CLIENT | 0xb40000726bc422d0 | 0002 | RGBA_8888    |    0.0  116.0 1080.0 2344.0 |    0  123 1075 2341 | com.android.todolist/com.android.todolist.MainActivity$_19583#0
11-07 14:46:45.275  1358  4772 V WindowManager: Setting visibility of Window{4f945ea u0 com.android.todolist/com.android.todolist.MainActivity}: false, caller=com.android.server.wm.WindowContainer.sendAppVisibilityToClients:1004 com.android.server.wm.ActivityRecord.setClientVisible:6391 com.android.server.wm.ActivityRecord.onAnimationFinished:7143 com.android.server.wm.WindowContainer.doAnimationFinished:2626 com.android.server.wm.WindowContainer.onAnimationFinished:2635 
11-07 14:46:45.275  1358  4772 D ActivityTaskManager: finishFixedRotationTransform, r=ActivityRecord{e251bd4 u0 com.android.todolist/.MainActivity t28931 f}}, caller=com.android.server.wm.WindowToken.finishFixedRotationTransform:664 com.android.server.wm.DisplayContent$FixedRotationTransitionListener.onAppTransitionFinishedLocked:7025 com.android.server.wm.AppTransition.notifyAppTransitionFinishedLocked:552 com.android.server.wm.ActivityRecord.onAnimationFinished:7164 com.android.server.wm.WindowContainer.doAnimationFinished:2626 
11-07 14:46:45.275  1358  4772 D WindowManager: 	container=Task{ea22140 #28931 visible=false type=standard mode=fullscreen translucent=true A=10435:com.android.todolist U=0 StackId=28931 sz=1}
11-07 14:46:45.291  1358  4772 V WindowManager: Relayout Window{4f945ea u0 com.android.todolist/com.android.todolist.MainActivity}: viewVisibility=8 req=1080x2400
11-07 14:46:45.315  1358  4772 D WindowManager: isScreenshotDisabledLocked - win: Window{4f945ea u0 com.android.todolist/com.android.todolist.MainActivity}
11-07 14:46:45.315  1358  4772 I WindowManager: Destroying surface Surface(name=com.android.todolist/com.android.todolist.MainActivity$_19583)/@0x67fe62f called by com.android.server.wm.WindowStateAnimator.destroySurface:1794 com.android.server.wm.WindowStateAnimator.destroySurfaceLocked:765 com.android.server.wm.WindowState.removeImmediately:2665 com.android.server.wm.WindowState.removeIfPossible:2830 com.android.server.wm.WindowState.removeIfPossible:2688 com.android.server.wm.WindowManagerService.removeWindow:2186 com.android.server.wm.Session.remove:199 android.view.IWindowSession$Stub.onTransact:813 
11-07 14:46:45.315  1039  3282 I Layer   : id=39069 removeFromCurrentState com.android.todolist/com.android.todolist.MainActivity$_19583#0 (84)
11-07 14:46:45.315  1039  3282 I SurfaceFlinger: id=39069 Removed com.android.todolist/com.android.todolist.MainActivity$_19583#0 (84)
11-07 14:46:45.316  1039  3282 I Layer   : id=39068 removeFromCurrentState 4f945ea com.android.todolist/com.android.todolist.MainActivity#0 (84)
11-07 14:46:45.317  1039  3282 I SurfaceFlinger: id=39068 Removed 4f945ea com.android.todolist/com.android.todolist.MainActivity#0 (84)
11-07 14:46:45.318  1358  2127 I ActivityTaskManager: Removing activity ActivityRecord{e251bd4 u0 com.android.todolist/.MainActivity t28931 f}}(activityDestroyed)  from stack callers=com.android.server.wm.ActivityRecord.destroyed:3608 com.android.server.wm.ActivityTaskManagerService.activityDestroyed:2643 android.app.IActivityTaskManager$Stub.onTransact:2232 android.os.Binder.execTransactInternal:1195 android.os.Binder.execTransact:1159 
11-07 14:46:45.320  1039  1039 I Layer   : id=39068[1] Destroyed 4f945ea com.android.todolist/com.android.todolist.MainActivity#0
11-07 14:46:45.320  1039  1039 I Layer   : id=39069[1] Destroyed com.android.todolist/com.android.todolist.MainActivity$_19583#0
11-07 14:46:45.321  1039  3282 I Layer   : id=39060 removeFromCurrentState ActivityRecord{e251bd4 u0 com.android.todolist/.MainActivity t28931}#0 (82)
11-07 14:46:45.321  1039  3282 I SurfaceFlinger: id=39060 Removed ActivityRecord{e251bd4 u0 com.android.todolist/.MainActivity t28931}#0 (82)
11-07 14:46:45.336  1039  1039 I Layer   : id=39060[1] Destroyed ActivityRecord{e251bd4 u0 com.android.todolist/.MainActivity t28931}#0
11-07 14:46:53.730  2699  2699 W AppStartUtils: sendActiveLaunchBroadcast() v.hasOnClickListeners() : true, iconInfo : AppInfo(id=199 type=APP hidden=0 container=all_apps screen=3 rank=20 user=UserHandle{0} title=To Do List componentName=ComponentInfo{com.android.todolist/com.android.todolist.MainActivity} screenType=0)
11-07 14:46:53.731  1358  2381 I Pageboost: start alp : com.android.todolist
11-07 14:46:53.731  1358  2408 I Pageboost: alp skip : com.android.todolist , 2
11-07 14:46:53.789  1358  4772 I ActivityTaskManager: START u0 {act=android.intent.action.MAIN cat=[android.intent.category.LAUNCHER] flg=0x10200000 cmp=com.android.todolist/.MainActivity bnds=[38,1537][234,1840]} from uid 10147
11-07 14:46:53.789  1358  4772 D ActivityTaskManager: TaskLaunchParamsModifier:task=null activity=ActivityRecord{ff5e87d u0 com.android.todolist/.MainActivity display-area-from-source=DefaultTaskDisplayArea@221236666 task-display-area=DefaultTaskDisplayArea@221236666 display-area-windowing-mode=1
11-07 14:46:53.790  1358  4772 D ActivityTaskManager: TaskLaunchParamsModifier:task=null activity=ActivityRecord{ff5e87d u0 com.android.todolist/.MainActivity t-1} display-area-from-source=DefaultTaskDisplayArea@221236666 task-display-area=DefaultTaskDisplayArea@221236666 display-area-windowing-mode=1 inherit-from-source=fullscreen activity-options-fullscreen=Rect(0, 0 - 0, 0) non-freeform-display maximized-bounds
11-07 14:46:53.791  1358  4772 D ActivityTaskManager: TaskLaunchParamsModifier:task=Task{6ada3c3 #28932 visible=false type=standard mode=fullscreen translucent=true A=10435:com.android.todolist U=0 StackId=28932 sz=0} activity=ActivityRecord{ff5e87d u0 com.android.todolist/.MainActivity t-1} display-from-task=0 task-display-area=DefaultTaskDisplayArea@221236666 display-area-windowing-mode=1 inherit-from-source=fullscreen activity-options-fullscreen=Rect(0, 0 - 0, 0) non-freeform-display maximized-bounds
11-07 14:46:53.791  1039  3282 I SurfaceFlinger: id=39083 createSurf (0x0),-1 flag=80004, ActivityRecord{ff5e87d u0 com.android.todolist/.MainActivity t28932}#0
11-07 14:46:53.797  1358  1358 I Pageboost: package com.android.todolist
11-07 14:46:53.798  2699  2760 I AppIconSolution: start to load, pkg=com.android.todolist, bg=144-144, dr=216-216, forDefault=false, density=0
11-07 14:46:53.800  2699  2760 I AppIconSolution: getIconScale, pkg=com.android.todolist, size=216, iconScale=IconScale[alpha=2, scale=0.59999996, isCrop=false]
11-07 14:46:53.800  2699  2760 I AppIconSolution: fromTheme2, pkg=com.android.todolist, bg=144-144, dr=216-216, tarScale=0.59999996, relScale=0.40754715, mask=false, isCropInTheme = false
11-07 14:46:53.800  2699  2760 I LauncherActivityInfo: packageName: com.android.todolist, useThemeIcon: true, height: 144, width: 144, density: 640
11-07 14:46:53.800  1039  3282 I SurfaceFlinger: id=39084 createSurf (0x0),-1 flag=80004, 776ad17 Splash Screen com.android.todolist#0
11-07 14:46:53.802  1358  4774 D MARsPolicyManager: onPackageResumedFG pkgName = com.android.todolist, userId = 0
11-07 14:46:53.828  1358  4774 D WindowManager: rotationForOrientation, orientationSource=ActivityRecord{ff5e87d u0 com.android.todolist/.MainActivity t28932}
11-07 14:46:53.828  1358  4774 D WindowManager: rotationForOrientation, orientationSource=ActivityRecord{ff5e87d u0 com.android.todolist/.MainActivity t28932}
11-07 14:46:53.828  1358  4774 D WindowManager: rotationForOrientation, orientationSource=ActivityRecord{ff5e87d u0 com.android.todolist/.MainActivity t28932}
11-07 14:46:53.829  1358  4774 D PkgDataHelper: notifyAppCreate(), pkgName: com.android.todolist, sendRet: true
11-07 14:46:53.829  1358  2180 D GameManagerService: onLooperPrepared(), msg: MSG_APP_CREATE, pkgName: com.android.todolist
11-07 14:46:53.830  1358  2180 D GameManagerService: onLooperPrepared(), msg: MSG_TASK_FOCUSED, focusedComponent: ComponentInfo{com.android.todolist/com.android.todolist.MainActivity}
11-07 14:46:53.830  1358  2180 D GameManagerService:   handleTaskFocused(), pkgName: com.android.todolist, clsName: com.android.todolist.MainActivity, userID:0
11-07 14:46:53.830  1358  2180 D GameManagerService:   handleResume(). pkgName: com.android.todolist, isTunableApp: null
11-07 14:46:53.830  1358  2180 D GameManagerService: notifyFocusInOut(). of pkg: com.android.todolist, type: 4, isMinimized: false, isTunableApp: false
11-07 14:46:53.830  1358  4774 D MARsPolicyManager: onPackageResumedFG pkgName = com.android.todolist, userId = 0
11-07 14:46:53.833  1358  1640 V WindowManager: Relayout Window{776ad17 u0 Splash Screen com.android.todolist}: viewVisibility=0 req=1080x2400
11-07 14:46:53.834  1358  1640 D WindowManager: isScreenshotDisabledLocked - win: Window{776ad17 u0 Splash Screen com.android.todolist}
11-07 14:46:53.834  1039  1115 I SurfaceFlinger: id=39085 createSurf (1080x2400),1 flag=404, Splash Screen com.android.todolist#0
11-07 14:46:53.834  1358  1640 D WindowManager: makeSurface duration=0 name=Splash Screen com.android.todolist
11-07 14:46:53.835  1358  1639 V ActivityManager: Changed top to 10435,ProcessRecord{b64bfb8 19583:com.android.todolist/u0a435}
11-07 14:46:53.841  1358  1640 D WindowManager: finishDrawingWindow: Window{776ad17 u0 Splash Screen com.android.todolist} mDrawState=DRAW_PENDING
11-07 14:46:53.844  1358  1640 D WindowManager: createAnimationAdapter(): container=Task{6ada3c3 #28932 visible=false type=standard mode=fullscreen translucent=true A=10435:com.android.todolist U=0 StackId=28932 sz=1}
11-07 14:46:53.844  1358  1640 D WindowManager: 	Add container=Task{6ada3c3 #28932 visible=false type=standard mode=fullscreen translucent=true A=10435:com.android.todolist U=0 StackId=28932 sz=1}
11-07 14:46:53.848  1358  1640 I WindowManager: container=Task{6ada3c3 #28932 visible=false type=standard mode=fullscreen translucent=true A=10435:com.android.todolist U=0 StackId=28932 sz=1}
11-07 14:46:53.855  1358  1639 D GameManagerService: noteResumeComponent(), received resumed-component: com.android.todolist
11-07 14:46:53.855  1358  1639 I GameSDK@LifeCycle: noteResumeComponent(): package name  : com.android.todolist
11-07 14:46:53.855  1358  2180 D GameManagerService: onLooperPrepared(), msg: MSG_APP_RESUME, resumeComponent: ComponentInfo{com.android.todolist/com.android.todolist.MainActivity}
11-07 14:46:53.855  1358  2180 D GameManagerService:   handleResume(). pkgName: com.android.todolist, isTunableApp: null
11-07 14:46:53.855  1358  2180 D GameManagerService: notifyFocusInOut(). of pkg: com.android.todolist, type: 4, isMinimized: false, isTunableApp: false
11-07 14:46:53.856  1358  1639 D GameManagerService: identifyGamePackage. com.android.todolist, mCurrentUserId: 0, callerUserId: 0
11-07 14:46:53.856  1358  1639 D PkgDataHelper: getGamePkgData(). com.android.todolist
11-07 14:46:53.857  1358  2274 D PkgPredictorService: com.android.todolist go to foreground!
11-07 14:46:53.857  1358  2274 D PkgPredictorService: previous pkgs: com.android.todolist,com.android.todolist,com.android.todolist running pkg: com.android.todolist, uid: 0 is system: false
11-07 14:46:53.857  1358  2274 D PkgPredictorService-Collector:  (hour:14 day:3 previous:[com.android.todolist, com.android.todolist, com.android.todolist] activityName:unknown running:com.android.todolist userId:0 screenOrientation:0 wifi:0 bt:0 predictTime:0 apkVersion:1.0 consumeTime:-1 preloaded:false>)
11-07 14:46:53.857  1358  2274 D PkgPredictorService-NapPreloadController: User using: com.android.todolist
11-07 14:46:53.858  1358  1637 D SehCodecSolutionService: Update top [com.android.todolist]
11-07 14:46:53.859  1358  1637 D WindowManager: setDisableFlags: displayId=0, vis=0x8008, appearance=16, transientState=Pair{[I@386da3d [I@f17b232}, isFullscreen=false, isImmersive=false, barType=0, win=Window{776ad17 u0 Splash Screen com.android.todolist}
11-07 14:46:53.874  1039  1039 D SurfaceFlinger:      CLIENT | 0xb40000726bc42d50 | 0002 | RGBA_8888    |    0.0  896.